{
    "Params: bismark_hisat | save_reference | save_align_intermeds": {
        "content": [
            18,
            {
                "BISMARK_ALIGN": {
                    "bismark": "0.24.2"
                },
                "BISMARK_GENOMEPREPARATION": {
                    "bismark": "0.24.2"
                },
                "FASTQC": {
                    "fastqc": "0.12.1"
                },
                "GUNZIP": {
                    "gunzip": 1.13
                },
                "TRIMGALORE": {
                    "trimgalore": "0.6.10",
                    "cutadapt": 4.9,
                    "pigz": 2.8
                },
                "Workflow": {
                    "nf-core/methylseq": "v3.1.0dev"
                }
            },
            [
                "bismark_hisat",
                "bismark_hisat/alignments",
                "bismark_hisat/alignments/SRR389222_sub3.deduplicated.sorted.bam",
                "bismark_hisat/alignments/SRR389222_sub3_trimmed_bismark_hisat2.bam",
                "bismark_hisat/alignments/logs",
                "bismark_hisat/alignments/logs/SRR389222_sub3_trimmed_bismark_hisat2_SE_report.txt",
                "bismark_hisat/deduplicated",
                "bismark_hisat/deduplicated/SRR389222_sub3.deduplicated.sorted.bam",
                "bismark_hisat/deduplicated/SRR389222_sub3.deduplicated.sorted.bam.bai",
                "bismark_hisat/deduplicated/logs",
                "bismark_hisat/deduplicated/logs/SRR389222_sub3_trimmed_bismark_hisat2.deduplication_report.txt",
                "bismark_hisat/methylation_calls",
                "bismark_hisat/methylation_calls/bedGraph",
                "bismark_hisat/methylation_calls/bedGraph/SRR389222_sub3_trimmed_bismark_hisat2.deduplicated.bedGraph.gz",
                "bismark_hisat/methylation_calls/mbias",
                "bismark_hisat/methylation_calls/mbias/SRR389222_sub3_trimmed_bismark_hisat2.deduplicated.M-bias.txt",
                "bismark_hisat/methylation_calls/methylation_calls",
                "bismark_hisat/methylation_calls/methylation_calls/CHG_OB_SRR389222_sub3_trimmed_bismark_hisat2.deduplicated.txt.gz",
                "bismark_hisat/methylation_calls/methylation_calls/CHG_OT_SRR389222_sub3_trimmed_bismark_hisat2.deduplicated.txt.gz",
                "bismark_hisat/methylation_calls/methylation_calls/CHH_OB_SRR389222_sub3_trimmed_bismark_hisat2.deduplicated.txt.gz",
                "bismark_hisat/methylation_calls/methylation_calls/CHH_OT_SRR389222_sub3_trimmed_bismark_hisat2.deduplicated.txt.gz",
                "bismark_hisat/methylation_calls/methylation_calls/CpG_OB_SRR389222_sub3_trimmed_bismark_hisat2.deduplicated.txt.gz",
                "bismark_hisat/methylation_calls/methylation_calls/CpG_OT_SRR389222_sub3_trimmed_bismark_hisat2.deduplicated.txt.gz",
                "bismark_hisat/methylation_calls/methylation_coverage",
                "bismark_hisat/methylation_calls/methylation_coverage/SRR389222_sub3_trimmed_bismark_hisat2.deduplicated.bismark.cov.gz",
                "bismark_hisat/methylation_calls/splitting_report",
                "bismark_hisat/methylation_calls/splitting_report/SRR389222_sub3_trimmed_bismark_hisat2.deduplicated_splitting_report.txt",
                "bismark_hisat/reference_genome",
                "bismark_hisat/reference_genome/BismarkIndex",
                "bismark_hisat/reference_genome/BismarkIndex/Bisulfite_Genome",
                "bismark_hisat/reference_genome/BismarkIndex/Bisulfite_Genome/CT_conversion",
                "bismark_hisat/reference_genome/BismarkIndex/Bisulfite_Genome/CT_conversion/BS_CT.1.ht2",
                "bismark_hisat/reference_genome/BismarkIndex/Bisulfite_Genome/CT_conversion/BS_CT.2.ht2",
                "bismark_hisat/reference_genome/BismarkIndex/Bisulfite_Genome/CT_conversion/BS_CT.3.ht2",
                "bismark_hisat/reference_genome/BismarkIndex/Bisulfite_Genome/CT_conversion/BS_CT.4.ht2",
                "bismark_hisat/reference_genome/BismarkIndex/Bisulfite_Genome/CT_conversion/BS_CT.5.ht2",
                "bismark_hisat/reference_genome/BismarkIndex/Bisulfite_Genome/CT_conversion/BS_CT.6.ht2",
                "bismark_hisat/reference_genome/BismarkIndex/Bisulfite_Genome/CT_conversion/BS_CT.7.ht2",
                "bismark_hisat/reference_genome/BismarkIndex/Bisulfite_Genome/CT_conversion/BS_CT.8.ht2",
                "bismark_hisat/reference_genome/BismarkIndex/Bisulfite_Genome/CT_conversion/genome_mfa.CT_conversion.fa",
                "bismark_hisat/reference_genome/BismarkIndex/Bisulfite_Genome/GA_conversion",
                "bismark_hisat/reference_genome/BismarkIndex/Bisulfite_Genome/GA_conversion/BS_GA.1.ht2",
                "bismark_hisat/reference_genome/BismarkIndex/Bisulfite_Genome/GA_conversion/BS_GA.2.ht2",
                "bismark_hisat/reference_genome/BismarkIndex/Bisulfite_Genome/GA_conversion/BS_GA.3.ht2",
                "bismark_hisat/reference_genome/BismarkIndex/Bisulfite_Genome/GA_conversion/BS_GA.4.ht2",
                "bismark_hisat/reference_genome/BismarkIndex/Bisulfite_Genome/GA_conversion/BS_GA.5.ht2",
                "bismark_hisat/reference_genome/BismarkIndex/Bisulfite_Genome/GA_conversion/BS_GA.6.ht2",
                "bismark_hisat/reference_genome/BismarkIndex/Bisulfite_Genome/GA_conversion/BS_GA.7.ht2",
                "bismark_hisat/reference_genome/BismarkIndex/Bisulfite_Genome/GA_conversion/BS_GA.8.ht2",
                "bismark_hisat/reference_genome/BismarkIndex/Bisulfite_Genome/GA_conversion/genome_mfa.GA_conversion.fa",
                "bismark_hisat/reference_genome/BismarkIndex/genome.fa",
                "bismark_hisat/reports",
                "bismark_hisat/reports/SRR389222_sub3_trimmed_bismark_hisat2_SE_report.html",
                "bismark_hisat/summary",
                "bismark_hisat/summary/bismark_summary_report.html",
                "bismark_hisat/summary/bismark_summary_report.txt",
                "fastqc",
                "fastqc/Ecoli_10K_methylated_1_fastqc.html",
                "fastqc/Ecoli_10K_methylated_2_fastqc.html",
                "fastqc/SRR389222_sub1_fastqc.html",
                "fastqc/SRR389222_sub2_fastqc.html",
                "fastqc/SRR389222_sub3_fastqc.html",
                "fastqc/zips",
                "fastqc/zips/Ecoli_10K_methylated_1_fastqc.zip",
                "fastqc/zips/Ecoli_10K_methylated_2_fastqc.zip",
                "fastqc/zips/SRR389222_sub1_fastqc.zip",
                "fastqc/zips/SRR389222_sub2_fastqc.zip",
                "fastqc/zips/SRR389222_sub3_fastqc.zip",
                "multiqc",
                "multiqc/bismark_hisat",
                "multiqc/bismark_hisat/multiqc_data",
                "multiqc/bismark_hisat/multiqc_data/BETA-multiqc.parquet",
                "multiqc/bismark_hisat/multiqc_data/bismark-methylation-dp.txt",
                "multiqc/bismark_hisat/multiqc_data/bismark_alignment.txt",
                "multiqc/bismark_hisat/multiqc_data/bismark_deduplication.txt",
                "multiqc/bismark_hisat/multiqc_data/bismark_mbias_CHG_R1.txt",
                "multiqc/bismark_hisat/multiqc_data/bismark_mbias_CHH_R1.txt",
                "multiqc/bismark_hisat/multiqc_data/bismark_mbias_CpG_R1.txt",
                "multiqc/bismark_hisat/multiqc_data/bismark_strand_alignment.txt",
                "multiqc/bismark_hisat/multiqc_data/cutadapt_filtered_reads_plot.txt",
                "multiqc/bismark_hisat/multiqc_data/cutadapt_trimmed_sequences_plot_3_Counts.txt",
                "multiqc/bismark_hisat/multiqc_data/cutadapt_trimmed_sequences_plot_3_Obs_Exp.txt",
                "multiqc/bismark_hisat/multiqc_data/fastqc-status-check-heatmap.txt",
                "multiqc/bismark_hisat/multiqc_data/fastqc_adapter_content_plot.txt",
                "multiqc/bismark_hisat/multiqc_data/fastqc_overrepresented_sequences_plot.txt",
                "multiqc/bismark_hisat/multiqc_data/fastqc_per_base_n_content_plot.txt",
                "multiqc/bismark_hisat/multiqc_data/fastqc_per_base_sequence_quality_plot.txt",
                "multiqc/bismark_hisat/multiqc_data/fastqc_per_sequence_gc_content_plot_Counts.txt",
                "multiqc/bismark_hisat/multiqc_data/fastqc_per_sequence_gc_content_plot_Percentages.txt",
                "multiqc/bismark_hisat/multiqc_data/fastqc_per_sequence_quality_scores_plot.txt",
                "multiqc/bismark_hisat/multiqc_data/fastqc_sequence_counts_plot.txt",
                "multiqc/bismark_hisat/multiqc_data/fastqc_sequence_duplication_levels_plot.txt",
                "multiqc/bismark_hisat/multiqc_data/fastqc_top_overrepresented_sequences_table.txt",
                "multiqc/bismark_hisat/multiqc_data/multiqc.log",
                "multiqc/bismark_hisat/multiqc_data/multiqc_bismark_alignment.txt",
                "multiqc/bismark_hisat/multiqc_data/multiqc_bismark_dedup.txt",
                "multiqc/bismark_hisat/multiqc_data/multiqc_bismark_methextract.txt",
                "multiqc/bismark_hisat/multiqc_data/multiqc_citations.txt",
                "multiqc/bismark_hisat/multiqc_data/multiqc_cutadapt.txt",
                "multiqc/bismark_hisat/multiqc_data/multiqc_data.json",
                "multiqc/bismark_hisat/multiqc_data/multiqc_fastqc.txt",
                "multiqc/bismark_hisat/multiqc_data/multiqc_general_stats.txt",
                "multiqc/bismark_hisat/multiqc_data/multiqc_software_versions.txt",
                "multiqc/bismark_hisat/multiqc_data/multiqc_sources.txt",
                "multiqc/bismark_hisat/multiqc_plots",
                "multiqc/bismark_hisat/multiqc_plots/pdf",
                "multiqc/bismark_hisat/multiqc_plots/pdf/bismark-methylation-dp.pdf",
                "multiqc/bismark_hisat/multiqc_plots/pdf/bismark_alignment-cnt.pdf",
                "multiqc/bismark_hisat/multiqc_plots/pdf/bismark_alignment-pct.pdf",
                "multiqc/bismark_hisat/multiqc_plots/pdf/bismark_deduplication-cnt.pdf",
                "multiqc/bismark_hisat/multiqc_plots/pdf/bismark_deduplication-pct.pdf",
                "multiqc/bismark_hisat/multiqc_plots/pdf/bismark_mbias_CHG_R1.pdf",
                "multiqc/bismark_hisat/multiqc_plots/pdf/bismark_mbias_CHH_R1.pdf",
                "multiqc/bismark_hisat/multiqc_plots/pdf/bismark_mbias_CpG_R1.pdf",
                "multiqc/bismark_hisat/multiqc_plots/pdf/bismark_strand_alignment-cnt.pdf",
                "multiqc/bismark_hisat/multiqc_plots/pdf/bismark_strand_alignment-pct.pdf",
                "multiqc/bismark_hisat/multiqc_plots/pdf/cutadapt_filtered_reads_plot-cnt.pdf",
                "multiqc/bismark_hisat/multiqc_plots/pdf/cutadapt_filtered_reads_plot-pct.pdf",
                "multiqc/bismark_hisat/multiqc_plots/pdf/cutadapt_trimmed_sequences_plot_3_Counts.pdf",
                "multiqc/bismark_hisat/multiqc_plots/pdf/cutadapt_trimmed_sequences_plot_3_Obs_Exp.pdf",
                "multiqc/bismark_hisat/multiqc_plots/pdf/fastqc-status-check-heatmap.pdf",
                "multiqc/bismark_hisat/multiqc_plots/pdf/fastqc_adapter_content_plot.pdf",
                "multiqc/bismark_hisat/multiqc_plots/pdf/fastqc_overrepresented_sequences_plot.pdf",
                "multiqc/bismark_hisat/multiqc_plots/pdf/fastqc_per_base_n_content_plot.pdf",
                "multiqc/bismark_hisat/multiqc_plots/pdf/fastqc_per_base_sequence_quality_plot.pdf",
                "multiqc/bismark_hisat/multiqc_plots/pdf/fastqc_per_sequence_gc_content_plot_Counts.pdf",
                "multiqc/bismark_hisat/multiqc_plots/pdf/fastqc_per_sequence_gc_content_plot_Percentages.pdf",
                "multiqc/bismark_hisat/multiqc_plots/pdf/fastqc_per_sequence_quality_scores_plot.pdf",
                "multiqc/bismark_hisat/multiqc_plots/pdf/fastqc_sequence_counts_plot-cnt.pdf",
                "multiqc/bismark_hisat/multiqc_plots/pdf/fastqc_sequence_counts_plot-pct.pdf",
                "multiqc/bismark_hisat/multiqc_plots/pdf/fastqc_sequence_duplication_levels_plot.pdf",
                "multiqc/bismark_hisat/multiqc_plots/pdf/fastqc_top_overrepresented_sequences_table.pdf",
                "multiqc/bismark_hisat/multiqc_plots/png",
                "multiqc/bismark_hisat/multiqc_plots/png/bismark-methylation-dp.png",
                "multiqc/bismark_hisat/multiqc_plots/png/bismark_alignment-cnt.png",
                "multiqc/bismark_hisat/multiqc_plots/png/bismark_alignment-pct.png",
                "multiqc/bismark_hisat/multiqc_plots/png/bismark_deduplication-cnt.png",
                "multiqc/bismark_hisat/multiqc_plots/png/bismark_deduplication-pct.png",
                "multiqc/bismark_hisat/multiqc_plots/png/bismark_mbias_CHG_R1.png",
                "multiqc/bismark_hisat/multiqc_plots/png/bismark_mbias_CHH_R1.png",
                "multiqc/bismark_hisat/multiqc_plots/png/bismark_mbias_CpG_R1.png",
                "multiqc/bismark_hisat/multiqc_plots/png/bismark_strand_alignment-cnt.png",
                "multiqc/bismark_hisat/multiqc_plots/png/bismark_strand_alignment-pct.png",
                "multiqc/bismark_hisat/multiqc_plots/png/cutadapt_filtered_reads_plot-cnt.png",
                "multiqc/bismark_hisat/multiqc_plots/png/cutadapt_filtered_reads_plot-pct.png",
                "multiqc/bismark_hisat/multiqc_plots/png/cutadapt_trimmed_sequences_plot_3_Counts.png",
                "multiqc/bismark_hisat/multiqc_plots/png/cutadapt_trimmed_sequences_plot_3_Obs_Exp.png",
                "multiqc/bismark_hisat/multiqc_plots/png/fastqc-status-check-heatmap.png",
                "multiqc/bismark_hisat/multiqc_plots/png/fastqc_adapter_content_plot.png",
                "multiqc/bismark_hisat/multiqc_plots/png/fastqc_overrepresented_sequences_plot.png",
                "multiqc/bismark_hisat/multiqc_plots/png/fastqc_per_base_n_content_plot.png",
                "multiqc/bismark_hisat/multiqc_plots/png/fastqc_per_base_sequence_quality_plot.png",
                "multiqc/bismark_hisat/multiqc_plots/png/fastqc_per_sequence_gc_content_plot_Counts.png",
                "multiqc/bismark_hisat/multiqc_plots/png/fastqc_per_sequence_gc_content_plot_Percentages.png",
                "multiqc/bismark_hisat/multiqc_plots/png/fastqc_per_sequence_quality_scores_plot.png",
                "multiqc/bismark_hisat/multiqc_plots/png/fastqc_sequence_counts_plot-cnt.png",
                "multiqc/bismark_hisat/multiqc_plots/png/fastqc_sequence_counts_plot-pct.png",
                "multiqc/bismark_hisat/multiqc_plots/png/fastqc_sequence_duplication_levels_plot.png",
                "multiqc/bismark_hisat/multiqc_plots/png/fastqc_top_overrepresented_sequences_table.png",
                "multiqc/bismark_hisat/multiqc_plots/svg",
                "multiqc/bismark_hisat/multiqc_plots/svg/bismark-methylation-dp.svg",
                "multiqc/bismark_hisat/multiqc_plots/svg/bismark_alignment-cnt.svg",
                "multiqc/bismark_hisat/multiqc_plots/svg/bismark_alignment-pct.svg",
                "multiqc/bismark_hisat/multiqc_plots/svg/bismark_deduplication-cnt.svg",
                "multiqc/bismark_hisat/multiqc_plots/svg/bismark_deduplication-pct.svg",
                "multiqc/bismark_hisat/multiqc_plots/svg/bismark_mbias_CHG_R1.svg",
                "multiqc/bismark_hisat/multiqc_plots/svg/bismark_mbias_CHH_R1.svg",
                "multiqc/bismark_hisat/multiqc_plots/svg/bismark_mbias_CpG_R1.svg",
                "multiqc/bismark_hisat/multiqc_plots/svg/bismark_strand_alignment-cnt.svg",
                "multiqc/bismark_hisat/multiqc_plots/svg/bismark_strand_alignment-pct.svg",
                "multiqc/bismark_hisat/multiqc_plots/svg/cutadapt_filtered_reads_plot-cnt.svg",
                "multiqc/bismark_hisat/multiqc_plots/svg/cutadapt_filtered_reads_plot-pct.svg",
                "multiqc/bismark_hisat/multiqc_plots/svg/cutadapt_trimmed_sequences_plot_3_Counts.svg",
                "multiqc/bismark_hisat/multiqc_plots/svg/cutadapt_trimmed_sequences_plot_3_Obs_Exp.svg",
                "multiqc/bismark_hisat/multiqc_plots/svg/fastqc-status-check-heatmap.svg",
                "multiqc/bismark_hisat/multiqc_plots/svg/fastqc_adapter_content_plot.svg",
                "multiqc/bismark_hisat/multiqc_plots/svg/fastqc_overrepresented_sequences_plot.svg",
                "multiqc/bismark_hisat/multiqc_plots/svg/fastqc_per_base_n_content_plot.svg",
                "multiqc/bismark_hisat/multiqc_plots/svg/fastqc_per_base_sequence_quality_plot.svg",
                "multiqc/bismark_hisat/multiqc_plots/svg/fastqc_per_sequence_gc_content_plot_Counts.svg",
                "multiqc/bismark_hisat/multiqc_plots/svg/fastqc_per_sequence_gc_content_plot_Percentages.svg",
                "multiqc/bismark_hisat/multiqc_plots/svg/fastqc_per_sequence_quality_scores_plot.svg",
                "multiqc/bismark_hisat/multiqc_plots/svg/fastqc_sequence_counts_plot-cnt.svg",
                "multiqc/bismark_hisat/multiqc_plots/svg/fastqc_sequence_counts_plot-pct.svg",
                "multiqc/bismark_hisat/multiqc_plots/svg/fastqc_sequence_duplication_levels_plot.svg",
                "multiqc/bismark_hisat/multiqc_plots/svg/fastqc_top_overrepresented_sequences_table.svg",
                "multiqc/bismark_hisat/multiqc_report.html",
                "pipeline_info",
                "pipeline_info/nf_core_methylseq_software_mqc_versions.yml",
                "trimgalore",
                "trimgalore/fastqc",
                "trimgalore/fastqc/Ecoli_10K_methylated_1_val_1_fastqc.html",
                "trimgalore/fastqc/Ecoli_10K_methylated_2_val_2_fastqc.html",
                "trimgalore/fastqc/SRR389222_sub1_trimmed_fastqc.html",
                "trimgalore/fastqc/SRR389222_sub2_trimmed_fastqc.html",
                "trimgalore/fastqc/SRR389222_sub3_trimmed_fastqc.html",
                "trimgalore/fastqc/zips",
                "trimgalore/fastqc/zips/Ecoli_10K_methylated_1_val_1_fastqc.zip",
                "trimgalore/fastqc/zips/Ecoli_10K_methylated_2_val_2_fastqc.zip",
                "trimgalore/fastqc/zips/SRR389222_sub1_trimmed_fastqc.zip",
                "trimgalore/fastqc/zips/SRR389222_sub2_trimmed_fastqc.zip",
                "trimgalore/fastqc/zips/SRR389222_sub3_trimmed_fastqc.zip",
                "trimgalore/logs",
                "trimgalore/logs/Ecoli_10K_methylated_1.fastq.gz_trimming_report.txt",
                "trimgalore/logs/Ecoli_10K_methylated_2.fastq.gz_trimming_report.txt",
                "trimgalore/logs/SRR389222_sub1.fastq.gz_trimming_report.txt",
                "trimgalore/logs/SRR389222_sub2.fastq.gz_trimming_report.txt",
                "trimgalore/logs/SRR389222_sub3.fastq.gz_trimming_report.txt"
            ],
            [
                "SRR389222_sub3_trimmed_bismark_hisat2.deduplicated.bedGraph.gz:md5,d42e09af121ae14f6e0de5779e317b0b",
                "SRR389222_sub3_trimmed_bismark_hisat2.deduplicated.M-bias.txt:md5,fee56ba84eecef9cf4ad8e01cdf1da87",
                "CHG_OB_SRR389222_sub3_trimmed_bismark_hisat2.deduplicated.txt.gz:md5,5cd486ff48be8f8fa0d4e35710be2071",
                "CHG_OT_SRR389222_sub3_trimmed_bismark_hisat2.deduplicated.txt.gz:md5,5ef9ccb5710a17e63e5b7c8409cc633f",
                "CHH_OB_SRR389222_sub3_trimmed_bismark_hisat2.deduplicated.txt.gz:md5,68b5405d8de91c7046ab46fc5c42ee30",
                "CHH_OT_SRR389222_sub3_trimmed_bismark_hisat2.deduplicated.txt.gz:md5,75546cab2a0631ccab29b6bc034758b4",
                "CpG_OB_SRR389222_sub3_trimmed_bismark_hisat2.deduplicated.txt.gz:md5,0bd78a1708fb8126af553c94ab8c8371",
                "CpG_OT_SRR389222_sub3_trimmed_bismark_hisat2.deduplicated.txt.gz:md5,528523e2703d6c20f599a325b8453670",
                "SRR389222_sub3_trimmed_bismark_hisat2.deduplicated.bismark.cov.gz:md5,43f8554a2d19d172c16636374bb83084",
                "SRR389222_sub3_trimmed_bismark_hisat2.deduplicated_splitting_report.txt:md5,e6144ca656936c6ee6e7281a1192fa78",
                "BS_CT.1.ht2:md5,273c7686fc1dc7d93e36433592367f81",
                "BS_CT.2.ht2:md5,752a03fc364115fc910e5a28ae154382",
                "BS_CT.3.ht2:md5,b41e72eefad74e8ede411c78a5bd5dee",
                "BS_CT.4.ht2:md5,02b3d1855a67fd9cbb4c411406a22fde",
                "BS_CT.5.ht2:md5,d117de4c2c910a1ae7f0459c11ba6018",
                "BS_CT.6.ht2:md5,4097a785a8d1ca92489d83b4c613a50b",
                "BS_CT.7.ht2:md5,9013eccd91ad614d7893c739275a394f",
                "BS_CT.8.ht2:md5,33cdeccccebe80329f1fdbee7f5874cb",
                "genome_mfa.CT_conversion.fa:md5,4dd181b65f1f3549f4132c9a3759eee8",
                "BS_GA.1.ht2:md5,c2b02b7987f4ac0578332204678674cd",
                "BS_GA.2.ht2:md5,579241d95941538b2e75bbdb6cfaa73d",
                "BS_GA.3.ht2:md5,b41e72eefad74e8ede411c78a5bd5dee",
                "BS_GA.4.ht2:md5,6b64fa496ffa2af2af235e1c87f06a25",
                "BS_GA.5.ht2:md5,43aa1c78c6ec18c4165cf25159578fee",
                "BS_GA.6.ht2:md5,2dc0f049d7d0f2a51822df8b195dce41",
                "BS_GA.7.ht2:md5,9013eccd91ad614d7893c739275a394f",
                "BS_GA.8.ht2:md5,33cdeccccebe80329f1fdbee7f5874cb",
                "genome_mfa.GA_conversion.fa:md5,3dee732bc344fd620c3a7322f52c6a5f",
                "genome.fa:md5,923a0a268ad29fee3c3437d00f9970de",
                "BETA-multiqc.parquet:md5,183c1da0e1fdf6a16bbad0ed7edb3a1e",
                "bismark-methylation-dp.txt:md5,8793ec9879970869856d1e366542e386",
                "bismark_alignment.txt:md5,7db56c10a4d1ff5da4f2baf5a9a027d7",
                "bismark_deduplication.txt:md5,2ea768fe0867b64f050793ac35d2db35",
                "bismark_mbias_CHG_R1.txt:md5,c46a79e5a518b4e927e2770c1b9819e9",
                "bismark_mbias_CHH_R1.txt:md5,75537425b1b467c485d0df2a4d577f0c",
                "bismark_mbias_CpG_R1.txt:md5,e10266352518dad8388d2f43f62ed6bf",
                "bismark_strand_alignment.txt:md5,f1fee3b04cec6d01abb2ddec48bcae4d",
                "cutadapt_filtered_reads_plot.txt:md5,ff1b6d4011a5be5410b9404f7ff56c56",
                "cutadapt_trimmed_sequences_plot_3_Counts.txt:md5,57d07c19b0c30dc88df96c30bedcdc33",
                "cutadapt_trimmed_sequences_plot_3_Obs_Exp.txt:md5,1e5ca4193f8290c5c812334d03615b41",
                "fastqc-status-check-heatmap.txt:md5,218c2a7efbb9c02f652fa78fc739c866",
                "fastqc_adapter_content_plot.txt:md5,48d8bd5ece984a74972ce0a0e814dd07",
                "fastqc_overrepresented_sequences_plot.txt:md5,9c4b7064950b5b2c486d556984f21e9e",
                "fastqc_per_base_n_content_plot.txt:md5,019d5cd4f61a31f4e7016140ca8ee36e",
                "fastqc_per_base_sequence_quality_plot.txt:md5,e4c7d522114eab9bc9101e7ee9d83c8f",
                "fastqc_per_sequence_gc_content_plot_Counts.txt:md5,302659bee8a02b6a38b24fe25f8eaa87",
                "fastqc_per_sequence_gc_content_plot_Percentages.txt:md5,c75b396eb5dda8682fb1652a9b2e92a3",
                "fastqc_per_sequence_quality_scores_plot.txt:md5,548c593f4a8be2d8627fc3bd1c280611",
                "fastqc_sequence_counts_plot.txt:md5,58eeeb06bc9dcc1764c7daf0847d6bbf",
                "fastqc_sequence_duplication_levels_plot.txt:md5,9e5712db9aa39b5754ea1e0c49cfff15",
                "fastqc_top_overrepresented_sequences_table.txt:md5,6dfc5334a09c05392ea17369aa742d01",
                "multiqc_bismark_alignment.txt:md5,f31a265c0a70cabdf68488f389a26039",
                "multiqc_bismark_dedup.txt:md5,e7d3352e2b0bc6dd18780cbb088e65a9",
                "multiqc_bismark_methextract.txt:md5,6617958698d52ebe410c9359956d0b14",
                "multiqc_citations.txt:md5,73a6d29705d5a07f17f99c92e3a0f148",
                "multiqc_cutadapt.txt:md5,883891ac4901385102be053212068732"
            ],
            [
                [
                    "SRR389222_sub3.deduplicated.sorted.bam",
                    "ddb15c5ef0686837616d73f45c154b8d"
                ],
                [
                    "SRR389222_sub3_trimmed_bismark_hisat2.bam",
                    "74c99f560772eb303bd4bc257f3a8898"
                ],
                [
                    "SRR389222_sub3.deduplicated.sorted.bam",
                    "ddb15c5ef0686837616d73f45c154b8d"
                ]
            ]
        ],
        "meta": {
            "nf-test": "0.9.2",
            "nextflow": "25.04.4"
        },
        "timestamp": "2025-06-17T12:04:05.631677782"
    }
}