{
    "Params: bismark | skip_deduplication": {
        "content": [
            32,
            {
                "BISMARK_ALIGN": {
                    "bismark": "0.24.2"
                },
                "BISMARK_GENOMEPREPARATION": {
                    "bismark": "0.24.2"
                },
                "FASTQC": {
                    "fastqc": "0.12.1"
                },
                "GUNZIP": {
                    "gunzip": 1.13
                },
                "TRIMGALORE": {
                    "trimgalore": "0.6.10",
                    "cutadapt": 4.9,
                    "pigz": 2.8
                },
                "Workflow": {
                    "nf-core/methylseq": "v3.1.0dev"
                }
            },
            [
                "bismark",
                "bismark/alignments",
                "bismark/alignments/Ecoli_10K_methylated.sorted.bam",
                "bismark/alignments/Ecoli_10K_methylated.sorted.bam.bai",
                "bismark/alignments/Ecoli_10K_methylated_1_val_1_bismark_bt2_pe.bam",
                "bismark/alignments/SRR389222_sub1.sorted.bam",
                "bismark/alignments/SRR389222_sub1.sorted.bam.bai",
                "bismark/alignments/SRR389222_sub1_trimmed_bismark_bt2.bam",
                "bismark/alignments/SRR389222_sub2.sorted.bam",
                "bismark/alignments/SRR389222_sub2.sorted.bam.bai",
                "bismark/alignments/SRR389222_sub2_trimmed_bismark_bt2.bam",
                "bismark/alignments/SRR389222_sub3.sorted.bam",
                "bismark/alignments/SRR389222_sub3.sorted.bam.bai",
                "bismark/alignments/SRR389222_sub3_trimmed_bismark_bt2.bam",
                "bismark/alignments/logs",
                "bismark/alignments/logs/Ecoli_10K_methylated_1_val_1_bismark_bt2_PE_report.txt",
                "bismark/alignments/logs/SRR389222_sub1_trimmed_bismark_bt2_SE_report.txt",
                "bismark/alignments/logs/SRR389222_sub2_trimmed_bismark_bt2_SE_report.txt",
                "bismark/alignments/logs/SRR389222_sub3_trimmed_bismark_bt2_SE_report.txt",
                "bismark/deduplicated",
                "bismark/methylation_calls",
                "bismark/methylation_calls/bedGraph",
                "bismark/methylation_calls/bedGraph/Ecoli_10K_methylated_1_val_1_bismark_bt2_pe.bedGraph.gz",
                "bismark/methylation_calls/bedGraph/SRR389222_sub1_trimmed_bismark_bt2.bedGraph.gz",
                "bismark/methylation_calls/bedGraph/SRR389222_sub2_trimmed_bismark_bt2.bedGraph.gz",
                "bismark/methylation_calls/bedGraph/SRR389222_sub3_trimmed_bismark_bt2.bedGraph.gz",
                "bismark/methylation_calls/mbias",
                "bismark/methylation_calls/mbias/Ecoli_10K_methylated_1_val_1_bismark_bt2_pe.M-bias.txt",
                "bismark/methylation_calls/mbias/SRR389222_sub1_trimmed_bismark_bt2.M-bias.txt",
                "bismark/methylation_calls/mbias/SRR389222_sub2_trimmed_bismark_bt2.M-bias.txt",
                "bismark/methylation_calls/mbias/SRR389222_sub3_trimmed_bismark_bt2.M-bias.txt",
                "bismark/methylation_calls/methylation_calls",
                "bismark/methylation_calls/methylation_calls/CHG_OB_Ecoli_10K_methylated_1_val_1_bismark_bt2_pe.txt.gz",
                "bismark/methylation_calls/methylation_calls/CHG_OB_SRR389222_sub1_trimmed_bismark_bt2.txt.gz",
                "bismark/methylation_calls/methylation_calls/CHG_OB_SRR389222_sub2_trimmed_bismark_bt2.txt.gz",
                "bismark/methylation_calls/methylation_calls/CHG_OB_SRR389222_sub3_trimmed_bismark_bt2.txt.gz",
                "bismark/methylation_calls/methylation_calls/CHG_OT_Ecoli_10K_methylated_1_val_1_bismark_bt2_pe.txt.gz",
                "bismark/methylation_calls/methylation_calls/CHG_OT_SRR389222_sub1_trimmed_bismark_bt2.txt.gz",
                "bismark/methylation_calls/methylation_calls/CHG_OT_SRR389222_sub2_trimmed_bismark_bt2.txt.gz",
                "bismark/methylation_calls/methylation_calls/CHG_OT_SRR389222_sub3_trimmed_bismark_bt2.txt.gz",
                "bismark/methylation_calls/methylation_calls/CHH_OB_Ecoli_10K_methylated_1_val_1_bismark_bt2_pe.txt.gz",
                "bismark/methylation_calls/methylation_calls/CHH_OB_SRR389222_sub1_trimmed_bismark_bt2.txt.gz",
                "bismark/methylation_calls/methylation_calls/CHH_OB_SRR389222_sub2_trimmed_bismark_bt2.txt.gz",
                "bismark/methylation_calls/methylation_calls/CHH_OB_SRR389222_sub3_trimmed_bismark_bt2.txt.gz",
                "bismark/methylation_calls/methylation_calls/CHH_OT_Ecoli_10K_methylated_1_val_1_bismark_bt2_pe.txt.gz",
                "bismark/methylation_calls/methylation_calls/CHH_OT_SRR389222_sub1_trimmed_bismark_bt2.txt.gz",
                "bismark/methylation_calls/methylation_calls/CHH_OT_SRR389222_sub2_trimmed_bismark_bt2.txt.gz",
                "bismark/methylation_calls/methylation_calls/CHH_OT_SRR389222_sub3_trimmed_bismark_bt2.txt.gz",
                "bismark/methylation_calls/methylation_calls/CpG_OB_Ecoli_10K_methylated_1_val_1_bismark_bt2_pe.txt.gz",
                "bismark/methylation_calls/methylation_calls/CpG_OB_SRR389222_sub1_trimmed_bismark_bt2.txt.gz",
                "bismark/methylation_calls/methylation_calls/CpG_OB_SRR389222_sub2_trimmed_bismark_bt2.txt.gz",
                "bismark/methylation_calls/methylation_calls/CpG_OB_SRR389222_sub3_trimmed_bismark_bt2.txt.gz",
                "bismark/methylation_calls/methylation_calls/CpG_OT_Ecoli_10K_methylated_1_val_1_bismark_bt2_pe.txt.gz",
                "bismark/methylation_calls/methylation_calls/CpG_OT_SRR389222_sub1_trimmed_bismark_bt2.txt.gz",
                "bismark/methylation_calls/methylation_calls/CpG_OT_SRR389222_sub2_trimmed_bismark_bt2.txt.gz",
                "bismark/methylation_calls/methylation_calls/CpG_OT_SRR389222_sub3_trimmed_bismark_bt2.txt.gz",
                "bismark/methylation_calls/methylation_coverage",
                "bismark/methylation_calls/methylation_coverage/Ecoli_10K_methylated_1_val_1_bismark_bt2_pe.bismark.cov.gz",
                "bismark/methylation_calls/methylation_coverage/SRR389222_sub1_trimmed_bismark_bt2.bismark.cov.gz",
                "bismark/methylation_calls/methylation_coverage/SRR389222_sub2_trimmed_bismark_bt2.bismark.cov.gz",
                "bismark/methylation_calls/methylation_coverage/SRR389222_sub3_trimmed_bismark_bt2.bismark.cov.gz",
                "bismark/methylation_calls/splitting_report",
                "bismark/methylation_calls/splitting_report/Ecoli_10K_methylated_1_val_1_bismark_bt2_pe_splitting_report.txt",
                "bismark/methylation_calls/splitting_report/SRR389222_sub1_trimmed_bismark_bt2_splitting_report.txt",
                "bismark/methylation_calls/splitting_report/SRR389222_sub2_trimmed_bismark_bt2_splitting_report.txt",
                "bismark/methylation_calls/splitting_report/SRR389222_sub3_trimmed_bismark_bt2_splitting_report.txt",
                "bismark/reports",
                "bismark/reports/Ecoli_10K_methylated_1_val_1_bismark_bt2_PE_report.html",
                "bismark/reports/SRR389222_sub1_trimmed_bismark_bt2_SE_report.html",
                "bismark/reports/SRR389222_sub2_trimmed_bismark_bt2_SE_report.html",
                "bismark/reports/SRR389222_sub3_trimmed_bismark_bt2_SE_report.html",
                "bismark/summary",
                "bismark/summary/bismark_summary_report.html",
                "bismark/summary/bismark_summary_report.txt",
                "fastqc",
                "fastqc/Ecoli_10K_methylated_1_fastqc.html",
                "fastqc/Ecoli_10K_methylated_2_fastqc.html",
                "fastqc/SRR389222_sub1_fastqc.html",
                "fastqc/SRR389222_sub2_fastqc.html",
                "fastqc/SRR389222_sub3_fastqc.html",
                "fastqc/zips",
                "fastqc/zips/Ecoli_10K_methylated_1_fastqc.zip",
                "fastqc/zips/Ecoli_10K_methylated_2_fastqc.zip",
                "fastqc/zips/SRR389222_sub1_fastqc.zip",
                "fastqc/zips/SRR389222_sub2_fastqc.zip",
                "fastqc/zips/SRR389222_sub3_fastqc.zip",
                "multiqc",
                "multiqc/bismark",
                "multiqc/bismark/multiqc_data",
                "multiqc/bismark/multiqc_data/bismark-methylation-dp.txt",
                "multiqc/bismark/multiqc_data/bismark_alignment.txt",
                "multiqc/bismark/multiqc_data/bismark_mbias_CHG_R1.txt",
                "multiqc/bismark/multiqc_data/bismark_mbias_CHG_R2.txt",
                "multiqc/bismark/multiqc_data/bismark_mbias_CHH_R1.txt",
                "multiqc/bismark/multiqc_data/bismark_mbias_CHH_R2.txt",
                "multiqc/bismark/multiqc_data/bismark_mbias_CpG_R1.txt",
                "multiqc/bismark/multiqc_data/bismark_mbias_CpG_R2.txt",
                "multiqc/bismark/multiqc_data/bismark_strand_alignment.txt",
                "multiqc/bismark/multiqc_data/cutadapt_filtered_reads_plot.txt",
                "multiqc/bismark/multiqc_data/cutadapt_trimmed_sequences_plot_3_Counts.txt",
                "multiqc/bismark/multiqc_data/cutadapt_trimmed_sequences_plot_3_Obs_Exp.txt",
                "multiqc/bismark/multiqc_data/fastqc-status-check-heatmap.txt",
                "multiqc/bismark/multiqc_data/fastqc_adapter_content_plot.txt",
                "multiqc/bismark/multiqc_data/fastqc_overrepresented_sequences_plot.txt",
                "multiqc/bismark/multiqc_data/fastqc_per_base_n_content_plot.txt",
                "multiqc/bismark/multiqc_data/fastqc_per_base_sequence_quality_plot.txt",
                "multiqc/bismark/multiqc_data/fastqc_per_sequence_gc_content_plot_Counts.txt",
                "multiqc/bismark/multiqc_data/fastqc_per_sequence_gc_content_plot_Percentages.txt",
                "multiqc/bismark/multiqc_data/fastqc_per_sequence_quality_scores_plot.txt",
                "multiqc/bismark/multiqc_data/fastqc_sequence_counts_plot.txt",
                "multiqc/bismark/multiqc_data/fastqc_sequence_duplication_levels_plot.txt",
                "multiqc/bismark/multiqc_data/fastqc_top_overrepresented_sequences_table.txt",
                "multiqc/bismark/multiqc_data/multiqc.log",
                "multiqc/bismark/multiqc_data/multiqc_bismark_alignment.txt",
                "multiqc/bismark/multiqc_data/multiqc_bismark_methextract.txt",
                "multiqc/bismark/multiqc_data/multiqc_citations.txt",
                "multiqc/bismark/multiqc_data/multiqc_cutadapt.txt",
                "multiqc/bismark/multiqc_data/multiqc_data.json",
                "multiqc/bismark/multiqc_data/multiqc_fastqc.txt",
                "multiqc/bismark/multiqc_data/multiqc_general_stats.txt",
                "multiqc/bismark/multiqc_data/multiqc_software_versions.txt",
                "multiqc/bismark/multiqc_data/multiqc_sources.txt",
                "multiqc/bismark/multiqc_plots",
                "multiqc/bismark/multiqc_plots/pdf",
                "multiqc/bismark/multiqc_plots/pdf/bismark-methylation-dp.pdf",
                "multiqc/bismark/multiqc_plots/pdf/bismark_alignment-cnt.pdf",
                "multiqc/bismark/multiqc_plots/pdf/bismark_alignment-pct.pdf",
                "multiqc/bismark/multiqc_plots/pdf/bismark_mbias_CHG_R1.pdf",
                "multiqc/bismark/multiqc_plots/pdf/bismark_mbias_CHG_R2.pdf",
                "multiqc/bismark/multiqc_plots/pdf/bismark_mbias_CHH_R1.pdf",
                "multiqc/bismark/multiqc_plots/pdf/bismark_mbias_CHH_R2.pdf",
                "multiqc/bismark/multiqc_plots/pdf/bismark_mbias_CpG_R1.pdf",
                "multiqc/bismark/multiqc_plots/pdf/bismark_mbias_CpG_R2.pdf",
                "multiqc/bismark/multiqc_plots/pdf/bismark_strand_alignment-cnt.pdf",
                "multiqc/bismark/multiqc_plots/pdf/bismark_strand_alignment-pct.pdf",
                "multiqc/bismark/multiqc_plots/pdf/cutadapt_filtered_reads_plot-cnt.pdf",
                "multiqc/bismark/multiqc_plots/pdf/cutadapt_filtered_reads_plot-pct.pdf",
                "multiqc/bismark/multiqc_plots/pdf/cutadapt_trimmed_sequences_plot_3_Counts.pdf",
                "multiqc/bismark/multiqc_plots/pdf/cutadapt_trimmed_sequences_plot_3_Obs_Exp.pdf",
                "multiqc/bismark/multiqc_plots/pdf/fastqc-status-check-heatmap.pdf",
                "multiqc/bismark/multiqc_plots/pdf/fastqc_adapter_content_plot.pdf",
                "multiqc/bismark/multiqc_plots/pdf/fastqc_overrepresented_sequences_plot.pdf",
                "multiqc/bismark/multiqc_plots/pdf/fastqc_per_base_n_content_plot.pdf",
                "multiqc/bismark/multiqc_plots/pdf/fastqc_per_base_sequence_quality_plot.pdf",
                "multiqc/bismark/multiqc_plots/pdf/fastqc_per_sequence_gc_content_plot_Counts.pdf",
                "multiqc/bismark/multiqc_plots/pdf/fastqc_per_sequence_gc_content_plot_Percentages.pdf",
                "multiqc/bismark/multiqc_plots/pdf/fastqc_per_sequence_quality_scores_plot.pdf",
                "multiqc/bismark/multiqc_plots/pdf/fastqc_sequence_counts_plot-cnt.pdf",
                "multiqc/bismark/multiqc_plots/pdf/fastqc_sequence_counts_plot-pct.pdf",
                "multiqc/bismark/multiqc_plots/pdf/fastqc_sequence_duplication_levels_plot.pdf",
                "multiqc/bismark/multiqc_plots/pdf/fastqc_top_overrepresented_sequences_table.pdf",
                "multiqc/bismark/multiqc_plots/pdf/general_stats_table.pdf",
                "multiqc/bismark/multiqc_plots/png",
                "multiqc/bismark/multiqc_plots/png/bismark-methylation-dp.png",
                "multiqc/bismark/multiqc_plots/png/bismark_alignment-cnt.png",
                "multiqc/bismark/multiqc_plots/png/bismark_alignment-pct.png",
                "multiqc/bismark/multiqc_plots/png/bismark_mbias_CHG_R1.png",
                "multiqc/bismark/multiqc_plots/png/bismark_mbias_CHG_R2.png",
                "multiqc/bismark/multiqc_plots/png/bismark_mbias_CHH_R1.png",
                "multiqc/bismark/multiqc_plots/png/bismark_mbias_CHH_R2.png",
                "multiqc/bismark/multiqc_plots/png/bismark_mbias_CpG_R1.png",
                "multiqc/bismark/multiqc_plots/png/bismark_mbias_CpG_R2.png",
                "multiqc/bismark/multiqc_plots/png/bismark_strand_alignment-cnt.png",
                "multiqc/bismark/multiqc_plots/png/bismark_strand_alignment-pct.png",
                "multiqc/bismark/multiqc_plots/png/cutadapt_filtered_reads_plot-cnt.png",
                "multiqc/bismark/multiqc_plots/png/cutadapt_filtered_reads_plot-pct.png",
                "multiqc/bismark/multiqc_plots/png/cutadapt_trimmed_sequences_plot_3_Counts.png",
                "multiqc/bismark/multiqc_plots/png/cutadapt_trimmed_sequences_plot_3_Obs_Exp.png",
                "multiqc/bismark/multiqc_plots/png/fastqc-status-check-heatmap.png",
                "multiqc/bismark/multiqc_plots/png/fastqc_adapter_content_plot.png",
                "multiqc/bismark/multiqc_plots/png/fastqc_overrepresented_sequences_plot.png",
                "multiqc/bismark/multiqc_plots/png/fastqc_per_base_n_content_plot.png",
                "multiqc/bismark/multiqc_plots/png/fastqc_per_base_sequence_quality_plot.png",
                "multiqc/bismark/multiqc_plots/png/fastqc_per_sequence_gc_content_plot_Counts.png",
                "multiqc/bismark/multiqc_plots/png/fastqc_per_sequence_gc_content_plot_Percentages.png",
                "multiqc/bismark/multiqc_plots/png/fastqc_per_sequence_quality_scores_plot.png",
                "multiqc/bismark/multiqc_plots/png/fastqc_sequence_counts_plot-cnt.png",
                "multiqc/bismark/multiqc_plots/png/fastqc_sequence_counts_plot-pct.png",
                "multiqc/bismark/multiqc_plots/png/fastqc_sequence_duplication_levels_plot.png",
                "multiqc/bismark/multiqc_plots/png/fastqc_top_overrepresented_sequences_table.png",
                "multiqc/bismark/multiqc_plots/png/general_stats_table.png",
                "multiqc/bismark/multiqc_plots/svg",
                "multiqc/bismark/multiqc_plots/svg/bismark-methylation-dp.svg",
                "multiqc/bismark/multiqc_plots/svg/bismark_alignment-cnt.svg",
                "multiqc/bismark/multiqc_plots/svg/bismark_alignment-pct.svg",
                "multiqc/bismark/multiqc_plots/svg/bismark_mbias_CHG_R1.svg",
                "multiqc/bismark/multiqc_plots/svg/bismark_mbias_CHG_R2.svg",
                "multiqc/bismark/multiqc_plots/svg/bismark_mbias_CHH_R1.svg",
                "multiqc/bismark/multiqc_plots/svg/bismark_mbias_CHH_R2.svg",
                "multiqc/bismark/multiqc_plots/svg/bismark_mbias_CpG_R1.svg",
                "multiqc/bismark/multiqc_plots/svg/bismark_mbias_CpG_R2.svg",
                "multiqc/bismark/multiqc_plots/svg/bismark_strand_alignment-cnt.svg",
                "multiqc/bismark/multiqc_plots/svg/bismark_strand_alignment-pct.svg",
                "multiqc/bismark/multiqc_plots/svg/cutadapt_filtered_reads_plot-cnt.svg",
                "multiqc/bismark/multiqc_plots/svg/cutadapt_filtered_reads_plot-pct.svg",
                "multiqc/bismark/multiqc_plots/svg/cutadapt_trimmed_sequences_plot_3_Counts.svg",
                "multiqc/bismark/multiqc_plots/svg/cutadapt_trimmed_sequences_plot_3_Obs_Exp.svg",
                "multiqc/bismark/multiqc_plots/svg/fastqc-status-check-heatmap.svg",
                "multiqc/bismark/multiqc_plots/svg/fastqc_adapter_content_plot.svg",
                "multiqc/bismark/multiqc_plots/svg/fastqc_overrepresented_sequences_plot.svg",
                "multiqc/bismark/multiqc_plots/svg/fastqc_per_base_n_content_plot.svg",
                "multiqc/bismark/multiqc_plots/svg/fastqc_per_base_sequence_quality_plot.svg",
                "multiqc/bismark/multiqc_plots/svg/fastqc_per_sequence_gc_content_plot_Counts.svg",
                "multiqc/bismark/multiqc_plots/svg/fastqc_per_sequence_gc_content_plot_Percentages.svg",
                "multiqc/bismark/multiqc_plots/svg/fastqc_per_sequence_quality_scores_plot.svg",
                "multiqc/bismark/multiqc_plots/svg/fastqc_sequence_counts_plot-cnt.svg",
                "multiqc/bismark/multiqc_plots/svg/fastqc_sequence_counts_plot-pct.svg",
                "multiqc/bismark/multiqc_plots/svg/fastqc_sequence_duplication_levels_plot.svg",
                "multiqc/bismark/multiqc_plots/svg/fastqc_top_overrepresented_sequences_table.svg",
                "multiqc/bismark/multiqc_plots/svg/general_stats_table.svg",
                "multiqc/bismark/multiqc_report.html",
                "pipeline_info",
                "pipeline_info/nf_core_methylseq_software_mqc_versions.yml",
                "trimgalore",
                "trimgalore/fastqc",
                "trimgalore/fastqc/Ecoli_10K_methylated_1_val_1_fastqc.html",
                "trimgalore/fastqc/Ecoli_10K_methylated_2_val_2_fastqc.html",
                "trimgalore/fastqc/SRR389222_sub1_trimmed_fastqc.html",
                "trimgalore/fastqc/SRR389222_sub2_trimmed_fastqc.html",
                "trimgalore/fastqc/SRR389222_sub3_trimmed_fastqc.html",
                "trimgalore/fastqc/zips",
                "trimgalore/fastqc/zips/Ecoli_10K_methylated_1_val_1_fastqc.zip",
                "trimgalore/fastqc/zips/Ecoli_10K_methylated_2_val_2_fastqc.zip",
                "trimgalore/fastqc/zips/SRR389222_sub1_trimmed_fastqc.zip",
                "trimgalore/fastqc/zips/SRR389222_sub2_trimmed_fastqc.zip",
                "trimgalore/fastqc/zips/SRR389222_sub3_trimmed_fastqc.zip",
                "trimgalore/logs",
                "trimgalore/logs/Ecoli_10K_methylated_1.fastq.gz_trimming_report.txt",
                "trimgalore/logs/Ecoli_10K_methylated_2.fastq.gz_trimming_report.txt",
                "trimgalore/logs/SRR389222_sub1.fastq.gz_trimming_report.txt",
                "trimgalore/logs/SRR389222_sub2.fastq.gz_trimming_report.txt",
                "trimgalore/logs/SRR389222_sub3.fastq.gz_trimming_report.txt"
            ],
            [
                "Ecoli_10K_methylated_1_val_1_bismark_bt2_pe.bedGraph.gz:md5,58c9ba98d0638c26a30233b006a81172",
                "SRR389222_sub1_trimmed_bismark_bt2.bedGraph.gz:md5,0108abdb44e4310a3fe9d4bd2f55f913",
                "SRR389222_sub2_trimmed_bismark_bt2.bedGraph.gz:md5,f51aa1ad49280a4ffdd1eb325c6363e6",
                "SRR389222_sub3_trimmed_bismark_bt2.bedGraph.gz:md5,5b2f311ebc1126ebeb12b0a18b8b2b33",
                "Ecoli_10K_methylated_1_val_1_bismark_bt2_pe.M-bias.txt:md5,29f3b882a51b63ce77d3d9c69b0e5f85",
                "SRR389222_sub1_trimmed_bismark_bt2.M-bias.txt:md5,ead045c91970fe379e1d6d8a42bb19a7",
                "SRR389222_sub2_trimmed_bismark_bt2.M-bias.txt:md5,86d40e07741f29758abfe4e872fc385e",
                "SRR389222_sub3_trimmed_bismark_bt2.M-bias.txt:md5,b63a471b3e204c7ef64ee5e5e5244d85",
                "CHG_OB_Ecoli_10K_methylated_1_val_1_bismark_bt2_pe.txt.gz:md5,b58ae93fe7981837fd34903112196656",
                "CHG_OB_SRR389222_sub1_trimmed_bismark_bt2.txt.gz:md5,11ae58ebe6513375468ebe63a521d6e3",
                "CHG_OB_SRR389222_sub2_trimmed_bismark_bt2.txt.gz:md5,d18a5f9f9dce641c4783a791786d7e10",
                "CHG_OB_SRR389222_sub3_trimmed_bismark_bt2.txt.gz:md5,3103bf53d8a508bd804228541ee797d4",
                "CHG_OT_Ecoli_10K_methylated_1_val_1_bismark_bt2_pe.txt.gz:md5,b508e40e494dfd9fc2c2017286cd3fe9",
                "CHG_OT_SRR389222_sub1_trimmed_bismark_bt2.txt.gz:md5,f90c654732cec2d7fb7db26ba295b9c1",
                "CHG_OT_SRR389222_sub2_trimmed_bismark_bt2.txt.gz:md5,3470eb39e40bb959b7fff245fd4906de",
                "CHG_OT_SRR389222_sub3_trimmed_bismark_bt2.txt.gz:md5,2b7b1ba9ad8c594082e4b3d119e72baa",
                "CHH_OB_Ecoli_10K_methylated_1_val_1_bismark_bt2_pe.txt.gz:md5,ad6f9f5def9bb01a7c516f7da1b22b91",
                "CHH_OB_SRR389222_sub1_trimmed_bismark_bt2.txt.gz:md5,12e9e4ebf59e6b23fb52f4872f534251",
                "CHH_OB_SRR389222_sub2_trimmed_bismark_bt2.txt.gz:md5,eb74ce6ca3d2365a3492d7cd633ec89d",
                "CHH_OB_SRR389222_sub3_trimmed_bismark_bt2.txt.gz:md5,fd24239ed9873abd4f596f0054c01225",
                "CHH_OT_Ecoli_10K_methylated_1_val_1_bismark_bt2_pe.txt.gz:md5,112a5d2beba2f8ebda273ca3bec98d88",
                "CHH_OT_SRR389222_sub1_trimmed_bismark_bt2.txt.gz:md5,c8825a84f9b067fd0fe19bf1b4a0e67a",
                "CHH_OT_SRR389222_sub2_trimmed_bismark_bt2.txt.gz:md5,dca615c563347000610cfc64ca85c20e",
                "CHH_OT_SRR389222_sub3_trimmed_bismark_bt2.txt.gz:md5,b9e9f3a8d7446dc6e27aaffbd4272045",
                "CpG_OB_Ecoli_10K_methylated_1_val_1_bismark_bt2_pe.txt.gz:md5,bbe0a5f137b8768036aced610d17c666",
                "CpG_OB_SRR389222_sub1_trimmed_bismark_bt2.txt.gz:md5,21d614f45ecf703117550cb2eebfa3d5",
                "CpG_OB_SRR389222_sub2_trimmed_bismark_bt2.txt.gz:md5,3c65bdf0fa9f3e2e85693d3b4050b7d1",
                "CpG_OB_SRR389222_sub3_trimmed_bismark_bt2.txt.gz:md5,2b702094e51d21790417d015d178d6f2",
                "CpG_OT_Ecoli_10K_methylated_1_val_1_bismark_bt2_pe.txt.gz:md5,8bb4cb59815cc9e260dcfa332fcb5ae9",
                "CpG_OT_SRR389222_sub1_trimmed_bismark_bt2.txt.gz:md5,ccfa83de5f72f884503ad8fb1302ab46",
                "CpG_OT_SRR389222_sub2_trimmed_bismark_bt2.txt.gz:md5,af8d322a5f661ef046c4e87dddbe05ca",
                "CpG_OT_SRR389222_sub3_trimmed_bismark_bt2.txt.gz:md5,9abaf163c60b1004150b47cee5dfabce",
                "Ecoli_10K_methylated_1_val_1_bismark_bt2_pe.bismark.cov.gz:md5,8e6ba6fe66416d73e7f94b4da9ca77b1",
                "SRR389222_sub1_trimmed_bismark_bt2.bismark.cov.gz:md5,0a55ad364ec74208a55349235461c065",
                "SRR389222_sub2_trimmed_bismark_bt2.bismark.cov.gz:md5,68b4cc7edcc98355579efebdfd0c393e",
                "SRR389222_sub3_trimmed_bismark_bt2.bismark.cov.gz:md5,bd5a5bf8e8b82ff4460cd4f8ed12269c",
                "Ecoli_10K_methylated_1_val_1_bismark_bt2_pe_splitting_report.txt:md5,0b39a70d7e7fb798302b8e5be5972ca3",
                "SRR389222_sub1_trimmed_bismark_bt2_splitting_report.txt:md5,15cd690a0366ff38703abf9dd1d5230c",
                "SRR389222_sub2_trimmed_bismark_bt2_splitting_report.txt:md5,90f7b7a242012045af7fccc5eb94fbf1",
                "SRR389222_sub3_trimmed_bismark_bt2_splitting_report.txt:md5,beda776b2f0e1faaeafd46f245d273f0",
                "bismark-methylation-dp.txt:md5,14edb46f1bc99ddc7f597cb4c6ac9e1c",
                "bismark_alignment.txt:md5,544a74ea0f32005b0c886af79a6fad5b",
                "bismark_mbias_CHG_R1.txt:md5,d92f984f52a98ee2943545dd2ae4b860",
                "bismark_mbias_CHG_R2.txt:md5,1f6523b48bda086d29f70265187e7475",
                "bismark_mbias_CHH_R1.txt:md5,5a9ab2965467d7c9bad67e5d04401f7a",
                "bismark_mbias_CHH_R2.txt:md5,5e32a8b39118c3592b088a0b69ae1f21",
                "bismark_mbias_CpG_R1.txt:md5,2b445cf2711929bbe7a04a2f62002c07",
                "bismark_mbias_CpG_R2.txt:md5,46cca816038163d0f629fed7ada212b8",
                "bismark_strand_alignment.txt:md5,a8738f981bab911b95ffe9d3434f2b08",
                "cutadapt_filtered_reads_plot.txt:md5,ff1b6d4011a5be5410b9404f7ff56c56",
                "cutadapt_trimmed_sequences_plot_3_Counts.txt:md5,57d07c19b0c30dc88df96c30bedcdc33",
                "cutadapt_trimmed_sequences_plot_3_Obs_Exp.txt:md5,1e5ca4193f8290c5c812334d03615b41",
                "fastqc-status-check-heatmap.txt:md5,218c2a7efbb9c02f652fa78fc739c866",
                "fastqc_adapter_content_plot.txt:md5,48d8bd5ece984a74972ce0a0e814dd07",
                "fastqc_overrepresented_sequences_plot.txt:md5,9c4b7064950b5b2c486d556984f21e9e",
                "fastqc_per_base_n_content_plot.txt:md5,019d5cd4f61a31f4e7016140ca8ee36e",
                "fastqc_per_base_sequence_quality_plot.txt:md5,e4c7d522114eab9bc9101e7ee9d83c8f",
                "fastqc_per_sequence_gc_content_plot_Counts.txt:md5,302659bee8a02b6a38b24fe25f8eaa87",
                "fastqc_per_sequence_gc_content_plot_Percentages.txt:md5,c75b396eb5dda8682fb1652a9b2e92a3",
                "fastqc_per_sequence_quality_scores_plot.txt:md5,548c593f4a8be2d8627fc3bd1c280611",
                "fastqc_sequence_counts_plot.txt:md5,58eeeb06bc9dcc1764c7daf0847d6bbf",
                "fastqc_sequence_duplication_levels_plot.txt:md5,9e5712db9aa39b5754ea1e0c49cfff15",
                "fastqc_top_overrepresented_sequences_table.txt:md5,6dfc5334a09c05392ea17369aa742d01",
                "multiqc_bismark_alignment.txt:md5,40ab86041f508d3f1a63bde20cab5440",
                "multiqc_bismark_methextract.txt:md5,374ad746b0cfa5143fc3606f77f53283",
                "multiqc_citations.txt:md5,73a6d29705d5a07f17f99c92e3a0f148",
                "multiqc_cutadapt.txt:md5,883891ac4901385102be053212068732"
            ],
            [
                [
                    "Ecoli_10K_methylated.sorted.bam",
                    "a54ab7c96f9523a4ccd25fd69f6905f8"
                ],
                [
                    "Ecoli_10K_methylated_1_val_1_bismark_bt2_pe.bam",
                    "fad4414ebdaafdb15e0584b393400b27"
                ],
                [
                    "SRR389222_sub1.sorted.bam",
                    "fa0f34c0d0d4d321b89973f23e033aa1"
                ],
                [
                    "SRR389222_sub1_trimmed_bismark_bt2.bam",
                    "934288bfc59d40ff7e73706d07815fb"
                ],
                [
                    "SRR389222_sub2.sorted.bam",
                    "d347232a4fc5b1e02e98254b6ce97ae6"
                ],
                [
                    "SRR389222_sub2_trimmed_bismark_bt2.bam",
                    "a94aeadc2acebd0a46647bb95acf2d55"
                ],
                [
                    "SRR389222_sub3.sorted.bam",
                    "29648af285a183ae2194790b5a325186"
                ],
                [
                    "SRR389222_sub3_trimmed_bismark_bt2.bam",
                    "6579ca7e49b9d7760ea5b3f3456739a1"
                ]
            ]
        ],
        "meta": {
            "nf-test": "0.9.2",
            "nextflow": "24.10.5"
        },
        "timestamp": "2025-03-25T05:10:30.575759485"
    }
}