{
    "Params: bismark_hisat | rrbs": {
        "content": [
            32,
            {
                "BISMARK_ALIGN": {
                    "bismark": "0.24.2"
                },
                "BISMARK_GENOMEPREPARATION": {
                    "bismark": "0.24.2"
                },
                "FASTQC": {
                    "fastqc": "0.12.1"
                },
                "GUNZIP": {
                    "gunzip": 1.13
                },
                "TRIMGALORE": {
                    "trimgalore": "0.6.10",
                    "cutadapt": 4.9,
                    "pigz": 2.8
                },
                "Workflow": {
                    "nf-core/methylseq": "v3.1.0dev"
                }
            },
            [
                "bismark_hisat",
                "bismark_hisat/alignments",
                "bismark_hisat/alignments/Ecoli_10K_methylated_1_val_1_bismark_hisat2_pe.bam",
                "bismark_hisat/alignments/SRR389222_sub1_trimmed_bismark_hisat2.bam",
                "bismark_hisat/alignments/SRR389222_sub2_trimmed_bismark_hisat2.bam",
                "bismark_hisat/alignments/SRR389222_sub3_trimmed_bismark_hisat2.bam",
                "bismark_hisat/alignments/logs",
                "bismark_hisat/alignments/logs/Ecoli_10K_methylated_1_val_1_bismark_hisat2_PE_report.txt",
                "bismark_hisat/alignments/logs/SRR389222_sub1_trimmed_bismark_hisat2_SE_report.txt",
                "bismark_hisat/alignments/logs/SRR389222_sub2_trimmed_bismark_hisat2_SE_report.txt",
                "bismark_hisat/alignments/logs/SRR389222_sub3_trimmed_bismark_hisat2_SE_report.txt",
                "bismark_hisat/deduplicated",
                "bismark_hisat/deduplicated/Ecoli_10K_methylated.deduplicated.sorted.bam",
                "bismark_hisat/deduplicated/Ecoli_10K_methylated.deduplicated.sorted.bam.bai",
                "bismark_hisat/deduplicated/SRR389222_sub1.deduplicated.sorted.bam",
                "bismark_hisat/deduplicated/SRR389222_sub1.deduplicated.sorted.bam.bai",
                "bismark_hisat/deduplicated/SRR389222_sub2.deduplicated.sorted.bam",
                "bismark_hisat/deduplicated/SRR389222_sub2.deduplicated.sorted.bam.bai",
                "bismark_hisat/deduplicated/SRR389222_sub3.deduplicated.sorted.bam",
                "bismark_hisat/deduplicated/SRR389222_sub3.deduplicated.sorted.bam.bai",
                "bismark_hisat/methylation_calls",
                "bismark_hisat/methylation_calls/bedGraph",
                "bismark_hisat/methylation_calls/bedGraph/Ecoli_10K_methylated_1_val_1_bismark_hisat2_pe.bedGraph.gz",
                "bismark_hisat/methylation_calls/bedGraph/SRR389222_sub1_trimmed_bismark_hisat2.bedGraph.gz",
                "bismark_hisat/methylation_calls/bedGraph/SRR389222_sub2_trimmed_bismark_hisat2.bedGraph.gz",
                "bismark_hisat/methylation_calls/bedGraph/SRR389222_sub3_trimmed_bismark_hisat2.bedGraph.gz",
                "bismark_hisat/methylation_calls/mbias",
                "bismark_hisat/methylation_calls/mbias/Ecoli_10K_methylated_1_val_1_bismark_hisat2_pe.M-bias.txt",
                "bismark_hisat/methylation_calls/mbias/SRR389222_sub1_trimmed_bismark_hisat2.M-bias.txt",
                "bismark_hisat/methylation_calls/mbias/SRR389222_sub2_trimmed_bismark_hisat2.M-bias.txt",
                "bismark_hisat/methylation_calls/mbias/SRR389222_sub3_trimmed_bismark_hisat2.M-bias.txt",
                "bismark_hisat/methylation_calls/methylation_calls",
                "bismark_hisat/methylation_calls/methylation_calls/CHG_OB_Ecoli_10K_methylated_1_val_1_bismark_hisat2_pe.txt.gz",
                "bismark_hisat/methylation_calls/methylation_calls/CHG_OB_SRR389222_sub1_trimmed_bismark_hisat2.txt.gz",
                "bismark_hisat/methylation_calls/methylation_calls/CHG_OB_SRR389222_sub2_trimmed_bismark_hisat2.txt.gz",
                "bismark_hisat/methylation_calls/methylation_calls/CHG_OB_SRR389222_sub3_trimmed_bismark_hisat2.txt.gz",
                "bismark_hisat/methylation_calls/methylation_calls/CHG_OT_Ecoli_10K_methylated_1_val_1_bismark_hisat2_pe.txt.gz",
                "bismark_hisat/methylation_calls/methylation_calls/CHG_OT_SRR389222_sub1_trimmed_bismark_hisat2.txt.gz",
                "bismark_hisat/methylation_calls/methylation_calls/CHG_OT_SRR389222_sub2_trimmed_bismark_hisat2.txt.gz",
                "bismark_hisat/methylation_calls/methylation_calls/CHG_OT_SRR389222_sub3_trimmed_bismark_hisat2.txt.gz",
                "bismark_hisat/methylation_calls/methylation_calls/CHH_OB_Ecoli_10K_methylated_1_val_1_bismark_hisat2_pe.txt.gz",
                "bismark_hisat/methylation_calls/methylation_calls/CHH_OB_SRR389222_sub1_trimmed_bismark_hisat2.txt.gz",
                "bismark_hisat/methylation_calls/methylation_calls/CHH_OB_SRR389222_sub2_trimmed_bismark_hisat2.txt.gz",
                "bismark_hisat/methylation_calls/methylation_calls/CHH_OB_SRR389222_sub3_trimmed_bismark_hisat2.txt.gz",
                "bismark_hisat/methylation_calls/methylation_calls/CHH_OT_Ecoli_10K_methylated_1_val_1_bismark_hisat2_pe.txt.gz",
                "bismark_hisat/methylation_calls/methylation_calls/CHH_OT_SRR389222_sub1_trimmed_bismark_hisat2.txt.gz",
                "bismark_hisat/methylation_calls/methylation_calls/CHH_OT_SRR389222_sub2_trimmed_bismark_hisat2.txt.gz",
                "bismark_hisat/methylation_calls/methylation_calls/CHH_OT_SRR389222_sub3_trimmed_bismark_hisat2.txt.gz",
                "bismark_hisat/methylation_calls/methylation_calls/CpG_OB_Ecoli_10K_methylated_1_val_1_bismark_hisat2_pe.txt.gz",
                "bismark_hisat/methylation_calls/methylation_calls/CpG_OB_SRR389222_sub1_trimmed_bismark_hisat2.txt.gz",
                "bismark_hisat/methylation_calls/methylation_calls/CpG_OB_SRR389222_sub2_trimmed_bismark_hisat2.txt.gz",
                "bismark_hisat/methylation_calls/methylation_calls/CpG_OB_SRR389222_sub3_trimmed_bismark_hisat2.txt.gz",
                "bismark_hisat/methylation_calls/methylation_calls/CpG_OT_Ecoli_10K_methylated_1_val_1_bismark_hisat2_pe.txt.gz",
                "bismark_hisat/methylation_calls/methylation_calls/CpG_OT_SRR389222_sub1_trimmed_bismark_hisat2.txt.gz",
                "bismark_hisat/methylation_calls/methylation_calls/CpG_OT_SRR389222_sub2_trimmed_bismark_hisat2.txt.gz",
                "bismark_hisat/methylation_calls/methylation_calls/CpG_OT_SRR389222_sub3_trimmed_bismark_hisat2.txt.gz",
                "bismark_hisat/methylation_calls/methylation_coverage",
                "bismark_hisat/methylation_calls/methylation_coverage/Ecoli_10K_methylated_1_val_1_bismark_hisat2_pe.bismark.cov.gz",
                "bismark_hisat/methylation_calls/methylation_coverage/SRR389222_sub1_trimmed_bismark_hisat2.bismark.cov.gz",
                "bismark_hisat/methylation_calls/methylation_coverage/SRR389222_sub2_trimmed_bismark_hisat2.bismark.cov.gz",
                "bismark_hisat/methylation_calls/methylation_coverage/SRR389222_sub3_trimmed_bismark_hisat2.bismark.cov.gz",
                "bismark_hisat/methylation_calls/splitting_report",
                "bismark_hisat/methylation_calls/splitting_report/Ecoli_10K_methylated_1_val_1_bismark_hisat2_pe_splitting_report.txt",
                "bismark_hisat/methylation_calls/splitting_report/SRR389222_sub1_trimmed_bismark_hisat2_splitting_report.txt",
                "bismark_hisat/methylation_calls/splitting_report/SRR389222_sub2_trimmed_bismark_hisat2_splitting_report.txt",
                "bismark_hisat/methylation_calls/splitting_report/SRR389222_sub3_trimmed_bismark_hisat2_splitting_report.txt",
                "bismark_hisat/reports",
                "bismark_hisat/reports/Ecoli_10K_methylated_1_val_1_bismark_hisat2_PE_report.html",
                "bismark_hisat/reports/SRR389222_sub1_trimmed_bismark_hisat2_SE_report.html",
                "bismark_hisat/reports/SRR389222_sub2_trimmed_bismark_hisat2_SE_report.html",
                "bismark_hisat/reports/SRR389222_sub3_trimmed_bismark_hisat2_SE_report.html",
                "bismark_hisat/summary",
                "bismark_hisat/summary/bismark_summary_report.html",
                "bismark_hisat/summary/bismark_summary_report.txt",
                "fastqc",
                "fastqc/Ecoli_10K_methylated_1_fastqc.html",
                "fastqc/Ecoli_10K_methylated_2_fastqc.html",
                "fastqc/SRR389222_sub1_fastqc.html",
                "fastqc/SRR389222_sub2_fastqc.html",
                "fastqc/SRR389222_sub3_fastqc.html",
                "fastqc/zips",
                "fastqc/zips/Ecoli_10K_methylated_1_fastqc.zip",
                "fastqc/zips/Ecoli_10K_methylated_2_fastqc.zip",
                "fastqc/zips/SRR389222_sub1_fastqc.zip",
                "fastqc/zips/SRR389222_sub2_fastqc.zip",
                "fastqc/zips/SRR389222_sub3_fastqc.zip",
                "multiqc",
                "multiqc/bismark_hisat",
                "multiqc/bismark_hisat/multiqc_data",
                "multiqc/bismark_hisat/multiqc_data/bismark-methylation-dp.txt",
                "multiqc/bismark_hisat/multiqc_data/bismark_alignment.txt",
                "multiqc/bismark_hisat/multiqc_data/bismark_mbias_CHG_R1.txt",
                "multiqc/bismark_hisat/multiqc_data/bismark_mbias_CHG_R2.txt",
                "multiqc/bismark_hisat/multiqc_data/bismark_mbias_CHH_R1.txt",
                "multiqc/bismark_hisat/multiqc_data/bismark_mbias_CHH_R2.txt",
                "multiqc/bismark_hisat/multiqc_data/bismark_mbias_CpG_R1.txt",
                "multiqc/bismark_hisat/multiqc_data/bismark_mbias_CpG_R2.txt",
                "multiqc/bismark_hisat/multiqc_data/bismark_strand_alignment.txt",
                "multiqc/bismark_hisat/multiqc_data/cutadapt_filtered_reads_plot.txt",
                "multiqc/bismark_hisat/multiqc_data/cutadapt_trimmed_sequences_plot_3_Counts.txt",
                "multiqc/bismark_hisat/multiqc_data/cutadapt_trimmed_sequences_plot_3_Obs_Exp.txt",
                "multiqc/bismark_hisat/multiqc_data/fastqc-status-check-heatmap.txt",
                "multiqc/bismark_hisat/multiqc_data/fastqc_adapter_content_plot.txt",
                "multiqc/bismark_hisat/multiqc_data/fastqc_overrepresented_sequences_plot.txt",
                "multiqc/bismark_hisat/multiqc_data/fastqc_per_base_n_content_plot.txt",
                "multiqc/bismark_hisat/multiqc_data/fastqc_per_base_sequence_quality_plot.txt",
                "multiqc/bismark_hisat/multiqc_data/fastqc_per_sequence_gc_content_plot_Counts.txt",
                "multiqc/bismark_hisat/multiqc_data/fastqc_per_sequence_gc_content_plot_Percentages.txt",
                "multiqc/bismark_hisat/multiqc_data/fastqc_per_sequence_quality_scores_plot.txt",
                "multiqc/bismark_hisat/multiqc_data/fastqc_sequence_counts_plot.txt",
                "multiqc/bismark_hisat/multiqc_data/fastqc_sequence_duplication_levels_plot.txt",
                "multiqc/bismark_hisat/multiqc_data/fastqc_top_overrepresented_sequences_table.txt",
                "multiqc/bismark_hisat/multiqc_data/multiqc.log",
                "multiqc/bismark_hisat/multiqc_data/multiqc_bismark_alignment.txt",
                "multiqc/bismark_hisat/multiqc_data/multiqc_bismark_methextract.txt",
                "multiqc/bismark_hisat/multiqc_data/multiqc_citations.txt",
                "multiqc/bismark_hisat/multiqc_data/multiqc_cutadapt.txt",
                "multiqc/bismark_hisat/multiqc_data/multiqc_data.json",
                "multiqc/bismark_hisat/multiqc_data/multiqc_fastqc.txt",
                "multiqc/bismark_hisat/multiqc_data/multiqc_general_stats.txt",
                "multiqc/bismark_hisat/multiqc_data/multiqc_software_versions.txt",
                "multiqc/bismark_hisat/multiqc_data/multiqc_sources.txt",
                "multiqc/bismark_hisat/multiqc_plots",
                "multiqc/bismark_hisat/multiqc_plots/pdf",
                "multiqc/bismark_hisat/multiqc_plots/pdf/bismark-methylation-dp.pdf",
                "multiqc/bismark_hisat/multiqc_plots/pdf/bismark_alignment-cnt.pdf",
                "multiqc/bismark_hisat/multiqc_plots/pdf/bismark_alignment-pct.pdf",
                "multiqc/bismark_hisat/multiqc_plots/pdf/bismark_mbias_CHG_R1.pdf",
                "multiqc/bismark_hisat/multiqc_plots/pdf/bismark_mbias_CHG_R2.pdf",
                "multiqc/bismark_hisat/multiqc_plots/pdf/bismark_mbias_CHH_R1.pdf",
                "multiqc/bismark_hisat/multiqc_plots/pdf/bismark_mbias_CHH_R2.pdf",
                "multiqc/bismark_hisat/multiqc_plots/pdf/bismark_mbias_CpG_R1.pdf",
                "multiqc/bismark_hisat/multiqc_plots/pdf/bismark_mbias_CpG_R2.pdf",
                "multiqc/bismark_hisat/multiqc_plots/pdf/bismark_strand_alignment-cnt.pdf",
                "multiqc/bismark_hisat/multiqc_plots/pdf/bismark_strand_alignment-pct.pdf",
                "multiqc/bismark_hisat/multiqc_plots/pdf/cutadapt_filtered_reads_plot-cnt.pdf",
                "multiqc/bismark_hisat/multiqc_plots/pdf/cutadapt_filtered_reads_plot-pct.pdf",
                "multiqc/bismark_hisat/multiqc_plots/pdf/cutadapt_trimmed_sequences_plot_3_Counts.pdf",
                "multiqc/bismark_hisat/multiqc_plots/pdf/cutadapt_trimmed_sequences_plot_3_Obs_Exp.pdf",
                "multiqc/bismark_hisat/multiqc_plots/pdf/fastqc-status-check-heatmap.pdf",
                "multiqc/bismark_hisat/multiqc_plots/pdf/fastqc_adapter_content_plot.pdf",
                "multiqc/bismark_hisat/multiqc_plots/pdf/fastqc_overrepresented_sequences_plot.pdf",
                "multiqc/bismark_hisat/multiqc_plots/pdf/fastqc_per_base_n_content_plot.pdf",
                "multiqc/bismark_hisat/multiqc_plots/pdf/fastqc_per_base_sequence_quality_plot.pdf",
                "multiqc/bismark_hisat/multiqc_plots/pdf/fastqc_per_sequence_gc_content_plot_Counts.pdf",
                "multiqc/bismark_hisat/multiqc_plots/pdf/fastqc_per_sequence_gc_content_plot_Percentages.pdf",
                "multiqc/bismark_hisat/multiqc_plots/pdf/fastqc_per_sequence_quality_scores_plot.pdf",
                "multiqc/bismark_hisat/multiqc_plots/pdf/fastqc_sequence_counts_plot-cnt.pdf",
                "multiqc/bismark_hisat/multiqc_plots/pdf/fastqc_sequence_counts_plot-pct.pdf",
                "multiqc/bismark_hisat/multiqc_plots/pdf/fastqc_sequence_duplication_levels_plot.pdf",
                "multiqc/bismark_hisat/multiqc_plots/pdf/fastqc_top_overrepresented_sequences_table.pdf",
                "multiqc/bismark_hisat/multiqc_plots/pdf/general_stats_table.pdf",
                "multiqc/bismark_hisat/multiqc_plots/png",
                "multiqc/bismark_hisat/multiqc_plots/png/bismark-methylation-dp.png",
                "multiqc/bismark_hisat/multiqc_plots/png/bismark_alignment-cnt.png",
                "multiqc/bismark_hisat/multiqc_plots/png/bismark_alignment-pct.png",
                "multiqc/bismark_hisat/multiqc_plots/png/bismark_mbias_CHG_R1.png",
                "multiqc/bismark_hisat/multiqc_plots/png/bismark_mbias_CHG_R2.png",
                "multiqc/bismark_hisat/multiqc_plots/png/bismark_mbias_CHH_R1.png",
                "multiqc/bismark_hisat/multiqc_plots/png/bismark_mbias_CHH_R2.png",
                "multiqc/bismark_hisat/multiqc_plots/png/bismark_mbias_CpG_R1.png",
                "multiqc/bismark_hisat/multiqc_plots/png/bismark_mbias_CpG_R2.png",
                "multiqc/bismark_hisat/multiqc_plots/png/bismark_strand_alignment-cnt.png",
                "multiqc/bismark_hisat/multiqc_plots/png/bismark_strand_alignment-pct.png",
                "multiqc/bismark_hisat/multiqc_plots/png/cutadapt_filtered_reads_plot-cnt.png",
                "multiqc/bismark_hisat/multiqc_plots/png/cutadapt_filtered_reads_plot-pct.png",
                "multiqc/bismark_hisat/multiqc_plots/png/cutadapt_trimmed_sequences_plot_3_Counts.png",
                "multiqc/bismark_hisat/multiqc_plots/png/cutadapt_trimmed_sequences_plot_3_Obs_Exp.png",
                "multiqc/bismark_hisat/multiqc_plots/png/fastqc-status-check-heatmap.png",
                "multiqc/bismark_hisat/multiqc_plots/png/fastqc_adapter_content_plot.png",
                "multiqc/bismark_hisat/multiqc_plots/png/fastqc_overrepresented_sequences_plot.png",
                "multiqc/bismark_hisat/multiqc_plots/png/fastqc_per_base_n_content_plot.png",
                "multiqc/bismark_hisat/multiqc_plots/png/fastqc_per_base_sequence_quality_plot.png",
                "multiqc/bismark_hisat/multiqc_plots/png/fastqc_per_sequence_gc_content_plot_Counts.png",
                "multiqc/bismark_hisat/multiqc_plots/png/fastqc_per_sequence_gc_content_plot_Percentages.png",
                "multiqc/bismark_hisat/multiqc_plots/png/fastqc_per_sequence_quality_scores_plot.png",
                "multiqc/bismark_hisat/multiqc_plots/png/fastqc_sequence_counts_plot-cnt.png",
                "multiqc/bismark_hisat/multiqc_plots/png/fastqc_sequence_counts_plot-pct.png",
                "multiqc/bismark_hisat/multiqc_plots/png/fastqc_sequence_duplication_levels_plot.png",
                "multiqc/bismark_hisat/multiqc_plots/png/fastqc_top_overrepresented_sequences_table.png",
                "multiqc/bismark_hisat/multiqc_plots/png/general_stats_table.png",
                "multiqc/bismark_hisat/multiqc_plots/svg",
                "multiqc/bismark_hisat/multiqc_plots/svg/bismark-methylation-dp.svg",
                "multiqc/bismark_hisat/multiqc_plots/svg/bismark_alignment-cnt.svg",
                "multiqc/bismark_hisat/multiqc_plots/svg/bismark_alignment-pct.svg",
                "multiqc/bismark_hisat/multiqc_plots/svg/bismark_mbias_CHG_R1.svg",
                "multiqc/bismark_hisat/multiqc_plots/svg/bismark_mbias_CHG_R2.svg",
                "multiqc/bismark_hisat/multiqc_plots/svg/bismark_mbias_CHH_R1.svg",
                "multiqc/bismark_hisat/multiqc_plots/svg/bismark_mbias_CHH_R2.svg",
                "multiqc/bismark_hisat/multiqc_plots/svg/bismark_mbias_CpG_R1.svg",
                "multiqc/bismark_hisat/multiqc_plots/svg/bismark_mbias_CpG_R2.svg",
                "multiqc/bismark_hisat/multiqc_plots/svg/bismark_strand_alignment-cnt.svg",
                "multiqc/bismark_hisat/multiqc_plots/svg/bismark_strand_alignment-pct.svg",
                "multiqc/bismark_hisat/multiqc_plots/svg/cutadapt_filtered_reads_plot-cnt.svg",
                "multiqc/bismark_hisat/multiqc_plots/svg/cutadapt_filtered_reads_plot-pct.svg",
                "multiqc/bismark_hisat/multiqc_plots/svg/cutadapt_trimmed_sequences_plot_3_Counts.svg",
                "multiqc/bismark_hisat/multiqc_plots/svg/cutadapt_trimmed_sequences_plot_3_Obs_Exp.svg",
                "multiqc/bismark_hisat/multiqc_plots/svg/fastqc-status-check-heatmap.svg",
                "multiqc/bismark_hisat/multiqc_plots/svg/fastqc_adapter_content_plot.svg",
                "multiqc/bismark_hisat/multiqc_plots/svg/fastqc_overrepresented_sequences_plot.svg",
                "multiqc/bismark_hisat/multiqc_plots/svg/fastqc_per_base_n_content_plot.svg",
                "multiqc/bismark_hisat/multiqc_plots/svg/fastqc_per_base_sequence_quality_plot.svg",
                "multiqc/bismark_hisat/multiqc_plots/svg/fastqc_per_sequence_gc_content_plot_Counts.svg",
                "multiqc/bismark_hisat/multiqc_plots/svg/fastqc_per_sequence_gc_content_plot_Percentages.svg",
                "multiqc/bismark_hisat/multiqc_plots/svg/fastqc_per_sequence_quality_scores_plot.svg",
                "multiqc/bismark_hisat/multiqc_plots/svg/fastqc_sequence_counts_plot-cnt.svg",
                "multiqc/bismark_hisat/multiqc_plots/svg/fastqc_sequence_counts_plot-pct.svg",
                "multiqc/bismark_hisat/multiqc_plots/svg/fastqc_sequence_duplication_levels_plot.svg",
                "multiqc/bismark_hisat/multiqc_plots/svg/fastqc_top_overrepresented_sequences_table.svg",
                "multiqc/bismark_hisat/multiqc_plots/svg/general_stats_table.svg",
                "multiqc/bismark_hisat/multiqc_report.html",
                "pipeline_info",
                "pipeline_info/nf_core_methylseq_software_mqc_versions.yml",
                "trimgalore",
                "trimgalore/fastqc",
                "trimgalore/fastqc/Ecoli_10K_methylated_1_val_1_fastqc.html",
                "trimgalore/fastqc/Ecoli_10K_methylated_2_val_2_fastqc.html",
                "trimgalore/fastqc/SRR389222_sub1_trimmed_fastqc.html",
                "trimgalore/fastqc/SRR389222_sub2_trimmed_fastqc.html",
                "trimgalore/fastqc/SRR389222_sub3_trimmed_fastqc.html",
                "trimgalore/fastqc/zips",
                "trimgalore/fastqc/zips/Ecoli_10K_methylated_1_val_1_fastqc.zip",
                "trimgalore/fastqc/zips/Ecoli_10K_methylated_2_val_2_fastqc.zip",
                "trimgalore/fastqc/zips/SRR389222_sub1_trimmed_fastqc.zip",
                "trimgalore/fastqc/zips/SRR389222_sub2_trimmed_fastqc.zip",
                "trimgalore/fastqc/zips/SRR389222_sub3_trimmed_fastqc.zip",
                "trimgalore/logs",
                "trimgalore/logs/Ecoli_10K_methylated_1.fastq.gz_trimming_report.txt",
                "trimgalore/logs/Ecoli_10K_methylated_2.fastq.gz_trimming_report.txt",
                "trimgalore/logs/SRR389222_sub1.fastq.gz_trimming_report.txt",
                "trimgalore/logs/SRR389222_sub2.fastq.gz_trimming_report.txt",
                "trimgalore/logs/SRR389222_sub3.fastq.gz_trimming_report.txt"
            ],
            [
                "Ecoli_10K_methylated_1_val_1_bismark_hisat2_pe.bedGraph.gz:md5,2a7ce2fa94f55ee50edaf8d3f8443d5c",
                "SRR389222_sub1_trimmed_bismark_hisat2.bedGraph.gz:md5,c4996062e2205ef8e0d93d1b5de02f23",
                "SRR389222_sub2_trimmed_bismark_hisat2.bedGraph.gz:md5,506e1a5c19e55928c6d78040a4d153f9",
                "SRR389222_sub3_trimmed_bismark_hisat2.bedGraph.gz:md5,67f9aefdec2951f0823ccfe89f9f1894",
                "Ecoli_10K_methylated_1_val_1_bismark_hisat2_pe.M-bias.txt:md5,bae28e629abe7f96d5cf91290a78c804",
                "SRR389222_sub1_trimmed_bismark_hisat2.M-bias.txt:md5,f7cc37d3dfdecd62c5f32b6ae086b4e3",
                "SRR389222_sub2_trimmed_bismark_hisat2.M-bias.txt:md5,33ce1d8bc3df953b22ef2b68a4942266",
                "SRR389222_sub3_trimmed_bismark_hisat2.M-bias.txt:md5,11295dffff67d052074952cb39f1f851",
                "CHG_OB_Ecoli_10K_methylated_1_val_1_bismark_hisat2_pe.txt.gz:md5,e01402fbbf8b9eb8c9640817d97fed18",
                "CHG_OB_SRR389222_sub1_trimmed_bismark_hisat2.txt.gz:md5,11ae58ebe6513375468ebe63a521d6e3",
                "CHG_OB_SRR389222_sub2_trimmed_bismark_hisat2.txt.gz:md5,d493d6c7975b132f7c45eacd7709cb04",
                "CHG_OB_SRR389222_sub3_trimmed_bismark_hisat2.txt.gz:md5,790a80e609516e25c075291ae292b95c",
                "CHG_OT_Ecoli_10K_methylated_1_val_1_bismark_hisat2_pe.txt.gz:md5,b508e40e494dfd9fc2c2017286cd3fe9",
                "CHG_OT_SRR389222_sub1_trimmed_bismark_hisat2.txt.gz:md5,8688ab3454a487d8928693e5d71681b1",
                "CHG_OT_SRR389222_sub2_trimmed_bismark_hisat2.txt.gz:md5,e4df7341511b4f1e10a96d5a64d9f144",
                "CHG_OT_SRR389222_sub3_trimmed_bismark_hisat2.txt.gz:md5,2df71d060d61d1b44579dc98fbb2057f",
                "CHH_OB_Ecoli_10K_methylated_1_val_1_bismark_hisat2_pe.txt.gz:md5,79f1c9e877a2cecd57221bfaec393b3b",
                "CHH_OB_SRR389222_sub1_trimmed_bismark_hisat2.txt.gz:md5,12e9e4ebf59e6b23fb52f4872f534251",
                "CHH_OB_SRR389222_sub2_trimmed_bismark_hisat2.txt.gz:md5,b06fe5b367be1fd812619853f3c2d1ac",
                "CHH_OB_SRR389222_sub3_trimmed_bismark_hisat2.txt.gz:md5,d84c842b1348400ae1366748e09bfb6a",
                "CHH_OT_Ecoli_10K_methylated_1_val_1_bismark_hisat2_pe.txt.gz:md5,112a5d2beba2f8ebda273ca3bec98d88",
                "CHH_OT_SRR389222_sub1_trimmed_bismark_hisat2.txt.gz:md5,cdeef47fb239a9a157abd47692a6fbff",
                "CHH_OT_SRR389222_sub2_trimmed_bismark_hisat2.txt.gz:md5,d11002089aca0cefc40b506f06ae6c99",
                "CHH_OT_SRR389222_sub3_trimmed_bismark_hisat2.txt.gz:md5,da65e0ac76a5cc495bd672e9b887ad05",
                "CpG_OB_Ecoli_10K_methylated_1_val_1_bismark_hisat2_pe.txt.gz:md5,b63b60b584e97c10c4dfefab0f66dc8e",
                "CpG_OB_SRR389222_sub1_trimmed_bismark_hisat2.txt.gz:md5,57574ed644d8655da37ced3f813c5a24",
                "CpG_OB_SRR389222_sub2_trimmed_bismark_hisat2.txt.gz:md5,d52a2554e1cc6caa74c08f98ba02db18",
                "CpG_OB_SRR389222_sub3_trimmed_bismark_hisat2.txt.gz:md5,f4f8438d8cbe1fc83419a8a50fbdf583",
                "CpG_OT_Ecoli_10K_methylated_1_val_1_bismark_hisat2_pe.txt.gz:md5,8bb4cb59815cc9e260dcfa332fcb5ae9",
                "CpG_OT_SRR389222_sub1_trimmed_bismark_hisat2.txt.gz:md5,3411525ecae2418a47057b3bff2bd109",
                "CpG_OT_SRR389222_sub2_trimmed_bismark_hisat2.txt.gz:md5,14359312789fcdec5c215e9512ff4ead",
                "CpG_OT_SRR389222_sub3_trimmed_bismark_hisat2.txt.gz:md5,9499728ddae13034c690c2726d21b9ca",
                "Ecoli_10K_methylated_1_val_1_bismark_hisat2_pe.bismark.cov.gz:md5,8a41b5bf3c33a43712cc148dbc787648",
                "SRR389222_sub1_trimmed_bismark_hisat2.bismark.cov.gz:md5,83ef8455fd0e7d5c7a79180fe078a428",
                "SRR389222_sub2_trimmed_bismark_hisat2.bismark.cov.gz:md5,00b8c3211d283175a86c410715e6890e",
                "SRR389222_sub3_trimmed_bismark_hisat2.bismark.cov.gz:md5,35dec1457f32eb9bbbb3b6cceeae2480",
                "Ecoli_10K_methylated_1_val_1_bismark_hisat2_pe_splitting_report.txt:md5,f3a4cee40ab2286ef356b15fc49f5333",
                "SRR389222_sub1_trimmed_bismark_hisat2_splitting_report.txt:md5,a3ea9994f88802972e25836058ea2b40",
                "SRR389222_sub2_trimmed_bismark_hisat2_splitting_report.txt:md5,4afad1d4dbe350b2d691561260018247",
                "SRR389222_sub3_trimmed_bismark_hisat2_splitting_report.txt:md5,bd4b6b3718a4270fc6844862da5c31a7",
                "bismark-methylation-dp.txt:md5,2ed19dff17c089738a62de166f44cf97",
                "bismark_alignment.txt:md5,0e1ef7bfb853be4fe2471ee1082865c0",
                "bismark_mbias_CHG_R1.txt:md5,cc89b38a24adcd51363a934964b03892",
                "bismark_mbias_CHG_R2.txt:md5,562dee654a3b88dad736516b454ca9fe",
                "bismark_mbias_CHH_R1.txt:md5,2e3285829e102e9674de462c9004aea6",
                "bismark_mbias_CHH_R2.txt:md5,a2b424024427c8c7a79ab955c0d5a974",
                "bismark_mbias_CpG_R1.txt:md5,4051f0d1ad5d4af6b7843ec25965955a",
                "bismark_mbias_CpG_R2.txt:md5,390b82c4d50ee44e5e2e7f8013010826",
                "bismark_strand_alignment.txt:md5,9a00de25da7cbc6e3fe70192ad1fc191",
                "cutadapt_filtered_reads_plot.txt:md5,ff1b6d4011a5be5410b9404f7ff56c56",
                "cutadapt_trimmed_sequences_plot_3_Counts.txt:md5,57d07c19b0c30dc88df96c30bedcdc33",
                "cutadapt_trimmed_sequences_plot_3_Obs_Exp.txt:md5,1e5ca4193f8290c5c812334d03615b41",
                "fastqc-status-check-heatmap.txt:md5,218c2a7efbb9c02f652fa78fc739c866",
                "fastqc_adapter_content_plot.txt:md5,48d8bd5ece984a74972ce0a0e814dd07",
                "fastqc_overrepresented_sequences_plot.txt:md5,9c4b7064950b5b2c486d556984f21e9e",
                "fastqc_per_base_n_content_plot.txt:md5,019d5cd4f61a31f4e7016140ca8ee36e",
                "fastqc_per_base_sequence_quality_plot.txt:md5,e4c7d522114eab9bc9101e7ee9d83c8f",
                "fastqc_per_sequence_gc_content_plot_Counts.txt:md5,302659bee8a02b6a38b24fe25f8eaa87",
                "fastqc_per_sequence_gc_content_plot_Percentages.txt:md5,c75b396eb5dda8682fb1652a9b2e92a3",
                "fastqc_per_sequence_quality_scores_plot.txt:md5,548c593f4a8be2d8627fc3bd1c280611",
                "fastqc_sequence_counts_plot.txt:md5,58eeeb06bc9dcc1764c7daf0847d6bbf",
                "fastqc_sequence_duplication_levels_plot.txt:md5,9e5712db9aa39b5754ea1e0c49cfff15",
                "fastqc_top_overrepresented_sequences_table.txt:md5,6dfc5334a09c05392ea17369aa742d01",
                "multiqc_bismark_alignment.txt:md5,75a6ccfb5b5bff3a5b3d3e2174929fc3",
                "multiqc_bismark_methextract.txt:md5,d1312f03f47d7cc07ac18254cda720bd",
                "multiqc_citations.txt:md5,73a6d29705d5a07f17f99c92e3a0f148",
                "multiqc_cutadapt.txt:md5,8752cce2e7320f49516e897c60487831"
            ],
            [
                [
                    "Ecoli_10K_methylated_1_val_1_bismark_hisat2_pe.bam",
                    "4d7589148308111e340b1a0a5ad5d79c"
                ],
                [
                    "SRR389222_sub1_trimmed_bismark_hisat2.bam",
                    "eb31bf906f516c00bd34965e1df2f0fc"
                ],
                [
                    "SRR389222_sub2_trimmed_bismark_hisat2.bam",
                    "2faa978a80c1dff087ec3414e266f42f"
                ],
                [
                    "SRR389222_sub3_trimmed_bismark_hisat2.bam",
                    "9972d2444374fd93f4877867b786f1d2"
                ],
                [
                    "Ecoli_10K_methylated.deduplicated.sorted.bam",
                    "7f73f1e4398f697100a09d3742b662cb"
                ],
                [
                    "SRR389222_sub1.deduplicated.sorted.bam",
                    "926438a4e8a8fe56db5f99bd3b28ef0d"
                ],
                [
                    "SRR389222_sub2.deduplicated.sorted.bam",
                    "fdc1c2b1beb071e9b3dccb991f216ee0"
                ],
                [
                    "SRR389222_sub3.deduplicated.sorted.bam",
                    "99246979468cb998c02b26b5c8ac4ee4"
                ]
            ]
        ],
        "meta": {
            "nf-test": "0.9.2",
            "nextflow": "24.10.5"
        },
        "timestamp": "2025-03-25T04:52:27.76600697"
    }
}