{
    "Params: bismark_hisat with hisat2-index": {
        "content": [
            36
        ],
        "meta": {
            "nf-test": "0.9.2",
            "nextflow": "24.10.2"
        },
        "timestamp": "2024-11-27T16:52:51.583828756"
    },
    "Params: bismark_hisat": {
        "content": [
            36,
            {
                "BISMARK_ALIGN": {
                    "bismark": "0.24.2"
                },
                "BISMARK_GENOMEPREPARATION": {
                    "bismark": "0.24.2"
                },
                "FASTQC": {
                    "fastqc": "0.12.1"
                },
                "GUNZIP": {
                    "gunzip": 1.13
                },
                "TRIMGALORE": {
                    "trimgalore": "0.6.10",
                    "cutadapt": 4.9,
                    "pigz": 2.8
                },
                "Workflow": {
                    "nf-core/methylseq": "v3.1.0dev"
                }
            },
            [
                "bismark_hisat",
                "bismark_hisat/alignments",
                "bismark_hisat/alignments/logs",
                "bismark_hisat/alignments/logs/Ecoli_10K_methylated_1_val_1_bismark_hisat2_PE_report.txt",
                "bismark_hisat/alignments/logs/SRR389222_sub1_trimmed_bismark_hisat2_SE_report.txt",
                "bismark_hisat/alignments/logs/SRR389222_sub2_trimmed_bismark_hisat2_SE_report.txt",
                "bismark_hisat/alignments/logs/SRR389222_sub3_trimmed_bismark_hisat2_SE_report.txt",
                "bismark_hisat/deduplicated",
                "bismark_hisat/deduplicated/Ecoli_10K_methylated.deduplicated.sorted.bam",
                "bismark_hisat/deduplicated/Ecoli_10K_methylated.deduplicated.sorted.bam.bai",
                "bismark_hisat/deduplicated/SRR389222_sub1.deduplicated.sorted.bam",
                "bismark_hisat/deduplicated/SRR389222_sub1.deduplicated.sorted.bam.bai",
                "bismark_hisat/deduplicated/SRR389222_sub2.deduplicated.sorted.bam",
                "bismark_hisat/deduplicated/SRR389222_sub2.deduplicated.sorted.bam.bai",
                "bismark_hisat/deduplicated/SRR389222_sub3.deduplicated.sorted.bam",
                "bismark_hisat/deduplicated/SRR389222_sub3.deduplicated.sorted.bam.bai",
                "bismark_hisat/deduplicated/logs",
                "bismark_hisat/deduplicated/logs/Ecoli_10K_methylated_1_val_1_bismark_hisat2_pe.deduplication_report.txt",
                "bismark_hisat/deduplicated/logs/SRR389222_sub1_trimmed_bismark_hisat2.deduplication_report.txt",
                "bismark_hisat/deduplicated/logs/SRR389222_sub2_trimmed_bismark_hisat2.deduplication_report.txt",
                "bismark_hisat/deduplicated/logs/SRR389222_sub3_trimmed_bismark_hisat2.deduplication_report.txt",
                "bismark_hisat/methylation_calls",
                "bismark_hisat/methylation_calls/bedGraph",
                "bismark_hisat/methylation_calls/bedGraph/Ecoli_10K_methylated_1_val_1_bismark_hisat2_pe.deduplicated.bedGraph.gz",
                "bismark_hisat/methylation_calls/bedGraph/SRR389222_sub1_trimmed_bismark_hisat2.deduplicated.bedGraph.gz",
                "bismark_hisat/methylation_calls/bedGraph/SRR389222_sub2_trimmed_bismark_hisat2.deduplicated.bedGraph.gz",
                "bismark_hisat/methylation_calls/bedGraph/SRR389222_sub3_trimmed_bismark_hisat2.deduplicated.bedGraph.gz",
                "bismark_hisat/methylation_calls/mbias",
                "bismark_hisat/methylation_calls/mbias/Ecoli_10K_methylated_1_val_1_bismark_hisat2_pe.deduplicated.M-bias.txt",
                "bismark_hisat/methylation_calls/mbias/SRR389222_sub1_trimmed_bismark_hisat2.deduplicated.M-bias.txt",
                "bismark_hisat/methylation_calls/mbias/SRR389222_sub2_trimmed_bismark_hisat2.deduplicated.M-bias.txt",
                "bismark_hisat/methylation_calls/mbias/SRR389222_sub3_trimmed_bismark_hisat2.deduplicated.M-bias.txt",
                "bismark_hisat/methylation_calls/methylation_calls",
                "bismark_hisat/methylation_calls/methylation_calls/CHG_OB_Ecoli_10K_methylated_1_val_1_bismark_hisat2_pe.deduplicated.txt.gz",
                "bismark_hisat/methylation_calls/methylation_calls/CHG_OB_SRR389222_sub1_trimmed_bismark_hisat2.deduplicated.txt.gz",
                "bismark_hisat/methylation_calls/methylation_calls/CHG_OB_SRR389222_sub2_trimmed_bismark_hisat2.deduplicated.txt.gz",
                "bismark_hisat/methylation_calls/methylation_calls/CHG_OB_SRR389222_sub3_trimmed_bismark_hisat2.deduplicated.txt.gz",
                "bismark_hisat/methylation_calls/methylation_calls/CHG_OT_Ecoli_10K_methylated_1_val_1_bismark_hisat2_pe.deduplicated.txt.gz",
                "bismark_hisat/methylation_calls/methylation_calls/CHG_OT_SRR389222_sub1_trimmed_bismark_hisat2.deduplicated.txt.gz",
                "bismark_hisat/methylation_calls/methylation_calls/CHG_OT_SRR389222_sub2_trimmed_bismark_hisat2.deduplicated.txt.gz",
                "bismark_hisat/methylation_calls/methylation_calls/CHG_OT_SRR389222_sub3_trimmed_bismark_hisat2.deduplicated.txt.gz",
                "bismark_hisat/methylation_calls/methylation_calls/CHH_OB_Ecoli_10K_methylated_1_val_1_bismark_hisat2_pe.deduplicated.txt.gz",
                "bismark_hisat/methylation_calls/methylation_calls/CHH_OB_SRR389222_sub1_trimmed_bismark_hisat2.deduplicated.txt.gz",
                "bismark_hisat/methylation_calls/methylation_calls/CHH_OB_SRR389222_sub2_trimmed_bismark_hisat2.deduplicated.txt.gz",
                "bismark_hisat/methylation_calls/methylation_calls/CHH_OB_SRR389222_sub3_trimmed_bismark_hisat2.deduplicated.txt.gz",
                "bismark_hisat/methylation_calls/methylation_calls/CHH_OT_Ecoli_10K_methylated_1_val_1_bismark_hisat2_pe.deduplicated.txt.gz",
                "bismark_hisat/methylation_calls/methylation_calls/CHH_OT_SRR389222_sub1_trimmed_bismark_hisat2.deduplicated.txt.gz",
                "bismark_hisat/methylation_calls/methylation_calls/CHH_OT_SRR389222_sub2_trimmed_bismark_hisat2.deduplicated.txt.gz",
                "bismark_hisat/methylation_calls/methylation_calls/CHH_OT_SRR389222_sub3_trimmed_bismark_hisat2.deduplicated.txt.gz",
                "bismark_hisat/methylation_calls/methylation_calls/CpG_OB_Ecoli_10K_methylated_1_val_1_bismark_hisat2_pe.deduplicated.txt.gz",
                "bismark_hisat/methylation_calls/methylation_calls/CpG_OB_SRR389222_sub1_trimmed_bismark_hisat2.deduplicated.txt.gz",
                "bismark_hisat/methylation_calls/methylation_calls/CpG_OB_SRR389222_sub2_trimmed_bismark_hisat2.deduplicated.txt.gz",
                "bismark_hisat/methylation_calls/methylation_calls/CpG_OB_SRR389222_sub3_trimmed_bismark_hisat2.deduplicated.txt.gz",
                "bismark_hisat/methylation_calls/methylation_calls/CpG_OT_Ecoli_10K_methylated_1_val_1_bismark_hisat2_pe.deduplicated.txt.gz",
                "bismark_hisat/methylation_calls/methylation_calls/CpG_OT_SRR389222_sub1_trimmed_bismark_hisat2.deduplicated.txt.gz",
                "bismark_hisat/methylation_calls/methylation_calls/CpG_OT_SRR389222_sub2_trimmed_bismark_hisat2.deduplicated.txt.gz",
                "bismark_hisat/methylation_calls/methylation_calls/CpG_OT_SRR389222_sub3_trimmed_bismark_hisat2.deduplicated.txt.gz",
                "bismark_hisat/methylation_calls/methylation_coverage",
                "bismark_hisat/methylation_calls/methylation_coverage/Ecoli_10K_methylated_1_val_1_bismark_hisat2_pe.deduplicated.bismark.cov.gz",
                "bismark_hisat/methylation_calls/methylation_coverage/SRR389222_sub1_trimmed_bismark_hisat2.deduplicated.bismark.cov.gz",
                "bismark_hisat/methylation_calls/methylation_coverage/SRR389222_sub2_trimmed_bismark_hisat2.deduplicated.bismark.cov.gz",
                "bismark_hisat/methylation_calls/methylation_coverage/SRR389222_sub3_trimmed_bismark_hisat2.deduplicated.bismark.cov.gz",
                "bismark_hisat/methylation_calls/splitting_report",
                "bismark_hisat/methylation_calls/splitting_report/Ecoli_10K_methylated_1_val_1_bismark_hisat2_pe.deduplicated_splitting_report.txt",
                "bismark_hisat/methylation_calls/splitting_report/SRR389222_sub1_trimmed_bismark_hisat2.deduplicated_splitting_report.txt",
                "bismark_hisat/methylation_calls/splitting_report/SRR389222_sub2_trimmed_bismark_hisat2.deduplicated_splitting_report.txt",
                "bismark_hisat/methylation_calls/splitting_report/SRR389222_sub3_trimmed_bismark_hisat2.deduplicated_splitting_report.txt",
                "bismark_hisat/reports",
                "bismark_hisat/reports/Ecoli_10K_methylated_1_val_1_bismark_hisat2_PE_report.html",
                "bismark_hisat/reports/SRR389222_sub1_trimmed_bismark_hisat2_SE_report.html",
                "bismark_hisat/reports/SRR389222_sub2_trimmed_bismark_hisat2_SE_report.html",
                "bismark_hisat/reports/SRR389222_sub3_trimmed_bismark_hisat2_SE_report.html",
                "bismark_hisat/summary",
                "bismark_hisat/summary/bismark_summary_report.html",
                "bismark_hisat/summary/bismark_summary_report.txt",
                "fastqc",
                "fastqc/Ecoli_10K_methylated_1_fastqc.html",
                "fastqc/Ecoli_10K_methylated_2_fastqc.html",
                "fastqc/SRR389222_sub1_fastqc.html",
                "fastqc/SRR389222_sub2_fastqc.html",
                "fastqc/SRR389222_sub3_fastqc.html",
                "fastqc/zips",
                "fastqc/zips/Ecoli_10K_methylated_1_fastqc.zip",
                "fastqc/zips/Ecoli_10K_methylated_2_fastqc.zip",
                "fastqc/zips/SRR389222_sub1_fastqc.zip",
                "fastqc/zips/SRR389222_sub2_fastqc.zip",
                "fastqc/zips/SRR389222_sub3_fastqc.zip",
                "multiqc",
                "multiqc/bismark_hisat",
                "multiqc/bismark_hisat/multiqc_data",
                "multiqc/bismark_hisat/multiqc_data/bismark-methylation-dp.txt",
                "multiqc/bismark_hisat/multiqc_data/bismark_alignment.txt",
                "multiqc/bismark_hisat/multiqc_data/bismark_deduplication.txt",
                "multiqc/bismark_hisat/multiqc_data/bismark_mbias_CHG_R1.txt",
                "multiqc/bismark_hisat/multiqc_data/bismark_mbias_CHG_R2.txt",
                "multiqc/bismark_hisat/multiqc_data/bismark_mbias_CHH_R1.txt",
                "multiqc/bismark_hisat/multiqc_data/bismark_mbias_CHH_R2.txt",
                "multiqc/bismark_hisat/multiqc_data/bismark_mbias_CpG_R1.txt",
                "multiqc/bismark_hisat/multiqc_data/bismark_mbias_CpG_R2.txt",
                "multiqc/bismark_hisat/multiqc_data/bismark_strand_alignment.txt",
                "multiqc/bismark_hisat/multiqc_data/cutadapt_filtered_reads_plot.txt",
                "multiqc/bismark_hisat/multiqc_data/cutadapt_trimmed_sequences_plot_3_Counts.txt",
                "multiqc/bismark_hisat/multiqc_data/cutadapt_trimmed_sequences_plot_3_Obs_Exp.txt",
                "multiqc/bismark_hisat/multiqc_data/fastqc-status-check-heatmap.txt",
                "multiqc/bismark_hisat/multiqc_data/fastqc_adapter_content_plot.txt",
                "multiqc/bismark_hisat/multiqc_data/fastqc_overrepresented_sequences_plot.txt",
                "multiqc/bismark_hisat/multiqc_data/fastqc_per_base_n_content_plot.txt",
                "multiqc/bismark_hisat/multiqc_data/fastqc_per_base_sequence_quality_plot.txt",
                "multiqc/bismark_hisat/multiqc_data/fastqc_per_sequence_gc_content_plot_Counts.txt",
                "multiqc/bismark_hisat/multiqc_data/fastqc_per_sequence_gc_content_plot_Percentages.txt",
                "multiqc/bismark_hisat/multiqc_data/fastqc_per_sequence_quality_scores_plot.txt",
                "multiqc/bismark_hisat/multiqc_data/fastqc_sequence_counts_plot.txt",
                "multiqc/bismark_hisat/multiqc_data/fastqc_sequence_duplication_levels_plot.txt",
                "multiqc/bismark_hisat/multiqc_data/fastqc_top_overrepresented_sequences_table.txt",
                "multiqc/bismark_hisat/multiqc_data/multiqc.log",
                "multiqc/bismark_hisat/multiqc_data/multiqc_bismark_alignment.txt",
                "multiqc/bismark_hisat/multiqc_data/multiqc_bismark_dedup.txt",
                "multiqc/bismark_hisat/multiqc_data/multiqc_bismark_methextract.txt",
                "multiqc/bismark_hisat/multiqc_data/multiqc_citations.txt",
                "multiqc/bismark_hisat/multiqc_data/multiqc_cutadapt.txt",
                "multiqc/bismark_hisat/multiqc_data/multiqc_data.json",
                "multiqc/bismark_hisat/multiqc_data/multiqc_fastqc.txt",
                "multiqc/bismark_hisat/multiqc_data/multiqc_general_stats.txt",
                "multiqc/bismark_hisat/multiqc_data/multiqc_software_versions.txt",
                "multiqc/bismark_hisat/multiqc_data/multiqc_sources.txt",
                "multiqc/bismark_hisat/multiqc_plots",
                "multiqc/bismark_hisat/multiqc_plots/pdf",
                "multiqc/bismark_hisat/multiqc_plots/pdf/bismark-methylation-dp.pdf",
                "multiqc/bismark_hisat/multiqc_plots/pdf/bismark_alignment-cnt.pdf",
                "multiqc/bismark_hisat/multiqc_plots/pdf/bismark_alignment-pct.pdf",
                "multiqc/bismark_hisat/multiqc_plots/pdf/bismark_deduplication-cnt.pdf",
                "multiqc/bismark_hisat/multiqc_plots/pdf/bismark_deduplication-pct.pdf",
                "multiqc/bismark_hisat/multiqc_plots/pdf/bismark_mbias_CHG_R1.pdf",
                "multiqc/bismark_hisat/multiqc_plots/pdf/bismark_mbias_CHG_R2.pdf",
                "multiqc/bismark_hisat/multiqc_plots/pdf/bismark_mbias_CHH_R1.pdf",
                "multiqc/bismark_hisat/multiqc_plots/pdf/bismark_mbias_CHH_R2.pdf",
                "multiqc/bismark_hisat/multiqc_plots/pdf/bismark_mbias_CpG_R1.pdf",
                "multiqc/bismark_hisat/multiqc_plots/pdf/bismark_mbias_CpG_R2.pdf",
                "multiqc/bismark_hisat/multiqc_plots/pdf/bismark_strand_alignment-cnt.pdf",
                "multiqc/bismark_hisat/multiqc_plots/pdf/bismark_strand_alignment-pct.pdf",
                "multiqc/bismark_hisat/multiqc_plots/pdf/cutadapt_filtered_reads_plot-cnt.pdf",
                "multiqc/bismark_hisat/multiqc_plots/pdf/cutadapt_filtered_reads_plot-pct.pdf",
                "multiqc/bismark_hisat/multiqc_plots/pdf/cutadapt_trimmed_sequences_plot_3_Counts.pdf",
                "multiqc/bismark_hisat/multiqc_plots/pdf/cutadapt_trimmed_sequences_plot_3_Obs_Exp.pdf",
                "multiqc/bismark_hisat/multiqc_plots/pdf/fastqc-status-check-heatmap.pdf",
                "multiqc/bismark_hisat/multiqc_plots/pdf/fastqc_adapter_content_plot.pdf",
                "multiqc/bismark_hisat/multiqc_plots/pdf/fastqc_overrepresented_sequences_plot.pdf",
                "multiqc/bismark_hisat/multiqc_plots/pdf/fastqc_per_base_n_content_plot.pdf",
                "multiqc/bismark_hisat/multiqc_plots/pdf/fastqc_per_base_sequence_quality_plot.pdf",
                "multiqc/bismark_hisat/multiqc_plots/pdf/fastqc_per_sequence_gc_content_plot_Counts.pdf",
                "multiqc/bismark_hisat/multiqc_plots/pdf/fastqc_per_sequence_gc_content_plot_Percentages.pdf",
                "multiqc/bismark_hisat/multiqc_plots/pdf/fastqc_per_sequence_quality_scores_plot.pdf",
                "multiqc/bismark_hisat/multiqc_plots/pdf/fastqc_sequence_counts_plot-cnt.pdf",
                "multiqc/bismark_hisat/multiqc_plots/pdf/fastqc_sequence_counts_plot-pct.pdf",
                "multiqc/bismark_hisat/multiqc_plots/pdf/fastqc_sequence_duplication_levels_plot.pdf",
                "multiqc/bismark_hisat/multiqc_plots/pdf/fastqc_top_overrepresented_sequences_table.pdf",
                "multiqc/bismark_hisat/multiqc_plots/pdf/general_stats_table.pdf",
                "multiqc/bismark_hisat/multiqc_plots/png",
                "multiqc/bismark_hisat/multiqc_plots/png/bismark-methylation-dp.png",
                "multiqc/bismark_hisat/multiqc_plots/png/bismark_alignment-cnt.png",
                "multiqc/bismark_hisat/multiqc_plots/png/bismark_alignment-pct.png",
                "multiqc/bismark_hisat/multiqc_plots/png/bismark_deduplication-cnt.png",
                "multiqc/bismark_hisat/multiqc_plots/png/bismark_deduplication-pct.png",
                "multiqc/bismark_hisat/multiqc_plots/png/bismark_mbias_CHG_R1.png",
                "multiqc/bismark_hisat/multiqc_plots/png/bismark_mbias_CHG_R2.png",
                "multiqc/bismark_hisat/multiqc_plots/png/bismark_mbias_CHH_R1.png",
                "multiqc/bismark_hisat/multiqc_plots/png/bismark_mbias_CHH_R2.png",
                "multiqc/bismark_hisat/multiqc_plots/png/bismark_mbias_CpG_R1.png",
                "multiqc/bismark_hisat/multiqc_plots/png/bismark_mbias_CpG_R2.png",
                "multiqc/bismark_hisat/multiqc_plots/png/bismark_strand_alignment-cnt.png",
                "multiqc/bismark_hisat/multiqc_plots/png/bismark_strand_alignment-pct.png",
                "multiqc/bismark_hisat/multiqc_plots/png/cutadapt_filtered_reads_plot-cnt.png",
                "multiqc/bismark_hisat/multiqc_plots/png/cutadapt_filtered_reads_plot-pct.png",
                "multiqc/bismark_hisat/multiqc_plots/png/cutadapt_trimmed_sequences_plot_3_Counts.png",
                "multiqc/bismark_hisat/multiqc_plots/png/cutadapt_trimmed_sequences_plot_3_Obs_Exp.png",
                "multiqc/bismark_hisat/multiqc_plots/png/fastqc-status-check-heatmap.png",
                "multiqc/bismark_hisat/multiqc_plots/png/fastqc_adapter_content_plot.png",
                "multiqc/bismark_hisat/multiqc_plots/png/fastqc_overrepresented_sequences_plot.png",
                "multiqc/bismark_hisat/multiqc_plots/png/fastqc_per_base_n_content_plot.png",
                "multiqc/bismark_hisat/multiqc_plots/png/fastqc_per_base_sequence_quality_plot.png",
                "multiqc/bismark_hisat/multiqc_plots/png/fastqc_per_sequence_gc_content_plot_Counts.png",
                "multiqc/bismark_hisat/multiqc_plots/png/fastqc_per_sequence_gc_content_plot_Percentages.png",
                "multiqc/bismark_hisat/multiqc_plots/png/fastqc_per_sequence_quality_scores_plot.png",
                "multiqc/bismark_hisat/multiqc_plots/png/fastqc_sequence_counts_plot-cnt.png",
                "multiqc/bismark_hisat/multiqc_plots/png/fastqc_sequence_counts_plot-pct.png",
                "multiqc/bismark_hisat/multiqc_plots/png/fastqc_sequence_duplication_levels_plot.png",
                "multiqc/bismark_hisat/multiqc_plots/png/fastqc_top_overrepresented_sequences_table.png",
                "multiqc/bismark_hisat/multiqc_plots/png/general_stats_table.png",
                "multiqc/bismark_hisat/multiqc_plots/svg",
                "multiqc/bismark_hisat/multiqc_plots/svg/bismark-methylation-dp.svg",
                "multiqc/bismark_hisat/multiqc_plots/svg/bismark_alignment-cnt.svg",
                "multiqc/bismark_hisat/multiqc_plots/svg/bismark_alignment-pct.svg",
                "multiqc/bismark_hisat/multiqc_plots/svg/bismark_deduplication-cnt.svg",
                "multiqc/bismark_hisat/multiqc_plots/svg/bismark_deduplication-pct.svg",
                "multiqc/bismark_hisat/multiqc_plots/svg/bismark_mbias_CHG_R1.svg",
                "multiqc/bismark_hisat/multiqc_plots/svg/bismark_mbias_CHG_R2.svg",
                "multiqc/bismark_hisat/multiqc_plots/svg/bismark_mbias_CHH_R1.svg",
                "multiqc/bismark_hisat/multiqc_plots/svg/bismark_mbias_CHH_R2.svg",
                "multiqc/bismark_hisat/multiqc_plots/svg/bismark_mbias_CpG_R1.svg",
                "multiqc/bismark_hisat/multiqc_plots/svg/bismark_mbias_CpG_R2.svg",
                "multiqc/bismark_hisat/multiqc_plots/svg/bismark_strand_alignment-cnt.svg",
                "multiqc/bismark_hisat/multiqc_plots/svg/bismark_strand_alignment-pct.svg",
                "multiqc/bismark_hisat/multiqc_plots/svg/cutadapt_filtered_reads_plot-cnt.svg",
                "multiqc/bismark_hisat/multiqc_plots/svg/cutadapt_filtered_reads_plot-pct.svg",
                "multiqc/bismark_hisat/multiqc_plots/svg/cutadapt_trimmed_sequences_plot_3_Counts.svg",
                "multiqc/bismark_hisat/multiqc_plots/svg/cutadapt_trimmed_sequences_plot_3_Obs_Exp.svg",
                "multiqc/bismark_hisat/multiqc_plots/svg/fastqc-status-check-heatmap.svg",
                "multiqc/bismark_hisat/multiqc_plots/svg/fastqc_adapter_content_plot.svg",
                "multiqc/bismark_hisat/multiqc_plots/svg/fastqc_overrepresented_sequences_plot.svg",
                "multiqc/bismark_hisat/multiqc_plots/svg/fastqc_per_base_n_content_plot.svg",
                "multiqc/bismark_hisat/multiqc_plots/svg/fastqc_per_base_sequence_quality_plot.svg",
                "multiqc/bismark_hisat/multiqc_plots/svg/fastqc_per_sequence_gc_content_plot_Counts.svg",
                "multiqc/bismark_hisat/multiqc_plots/svg/fastqc_per_sequence_gc_content_plot_Percentages.svg",
                "multiqc/bismark_hisat/multiqc_plots/svg/fastqc_per_sequence_quality_scores_plot.svg",
                "multiqc/bismark_hisat/multiqc_plots/svg/fastqc_sequence_counts_plot-cnt.svg",
                "multiqc/bismark_hisat/multiqc_plots/svg/fastqc_sequence_counts_plot-pct.svg",
                "multiqc/bismark_hisat/multiqc_plots/svg/fastqc_sequence_duplication_levels_plot.svg",
                "multiqc/bismark_hisat/multiqc_plots/svg/fastqc_top_overrepresented_sequences_table.svg",
                "multiqc/bismark_hisat/multiqc_plots/svg/general_stats_table.svg",
                "multiqc/bismark_hisat/multiqc_report.html",
                "pipeline_info",
                "pipeline_info/nf_core_methylseq_software_mqc_versions.yml",
                "trimgalore",
                "trimgalore/fastqc",
                "trimgalore/fastqc/Ecoli_10K_methylated_1_val_1_fastqc.html",
                "trimgalore/fastqc/Ecoli_10K_methylated_2_val_2_fastqc.html",
                "trimgalore/fastqc/SRR389222_sub1_trimmed_fastqc.html",
                "trimgalore/fastqc/SRR389222_sub2_trimmed_fastqc.html",
                "trimgalore/fastqc/SRR389222_sub3_trimmed_fastqc.html",
                "trimgalore/fastqc/zips",
                "trimgalore/fastqc/zips/Ecoli_10K_methylated_1_val_1_fastqc.zip",
                "trimgalore/fastqc/zips/Ecoli_10K_methylated_2_val_2_fastqc.zip",
                "trimgalore/fastqc/zips/SRR389222_sub1_trimmed_fastqc.zip",
                "trimgalore/fastqc/zips/SRR389222_sub2_trimmed_fastqc.zip",
                "trimgalore/fastqc/zips/SRR389222_sub3_trimmed_fastqc.zip",
                "trimgalore/logs",
                "trimgalore/logs/Ecoli_10K_methylated_1.fastq.gz_trimming_report.txt",
                "trimgalore/logs/Ecoli_10K_methylated_2.fastq.gz_trimming_report.txt",
                "trimgalore/logs/SRR389222_sub1.fastq.gz_trimming_report.txt",
                "trimgalore/logs/SRR389222_sub2.fastq.gz_trimming_report.txt",
                "trimgalore/logs/SRR389222_sub3.fastq.gz_trimming_report.txt"
            ],
            [
                "Ecoli_10K_methylated_1_val_1_bismark_hisat2_pe.deduplicated.bedGraph.gz:md5,357196071c54757566cdd0bb7ab79fa8",
                "SRR389222_sub1_trimmed_bismark_hisat2.deduplicated.bedGraph.gz:md5,47f60a641b8564c14a0f08599215944b",
                "SRR389222_sub2_trimmed_bismark_hisat2.deduplicated.bedGraph.gz:md5,2b5a22fd9d8bf25b993a8c0ad7beb13d",
                "SRR389222_sub3_trimmed_bismark_hisat2.deduplicated.bedGraph.gz:md5,d42e09af121ae14f6e0de5779e317b0b",
                "Ecoli_10K_methylated_1_val_1_bismark_hisat2_pe.deduplicated.M-bias.txt:md5,5fd8655f4b9dba2249a52b769fe50faf",
                "SRR389222_sub1_trimmed_bismark_hisat2.deduplicated.M-bias.txt:md5,de08bb32cf22e361f9ca05058b4a5088",
                "SRR389222_sub2_trimmed_bismark_hisat2.deduplicated.M-bias.txt:md5,73808d508bff5a44a5ec956df0fc3f69",
                "SRR389222_sub3_trimmed_bismark_hisat2.deduplicated.M-bias.txt:md5,fee56ba84eecef9cf4ad8e01cdf1da87",
                "CHG_OB_Ecoli_10K_methylated_1_val_1_bismark_hisat2_pe.deduplicated.txt.gz:md5,2702dc126d7011e0abfed5bf557d9ce7",
                "CHG_OB_SRR389222_sub1_trimmed_bismark_hisat2.deduplicated.txt.gz:md5,5c177e6f00dfc6e2335a55c6b70efa0c",
                "CHG_OB_SRR389222_sub2_trimmed_bismark_hisat2.deduplicated.txt.gz:md5,583bf95e8dbd3d684bef595e31453bd1",
                "CHG_OB_SRR389222_sub3_trimmed_bismark_hisat2.deduplicated.txt.gz:md5,5cd486ff48be8f8fa0d4e35710be2071",
                "CHG_OT_Ecoli_10K_methylated_1_val_1_bismark_hisat2_pe.deduplicated.txt.gz:md5,b508e40e494dfd9fc2c2017286cd3fe9",
                "CHG_OT_SRR389222_sub1_trimmed_bismark_hisat2.deduplicated.txt.gz:md5,83573b71cd85b370737df435af41cf76",
                "CHG_OT_SRR389222_sub2_trimmed_bismark_hisat2.deduplicated.txt.gz:md5,c2a2c563f630ef974710de6a9b6d88fe",
                "CHG_OT_SRR389222_sub3_trimmed_bismark_hisat2.deduplicated.txt.gz:md5,5ef9ccb5710a17e63e5b7c8409cc633f",
                "CHH_OB_Ecoli_10K_methylated_1_val_1_bismark_hisat2_pe.deduplicated.txt.gz:md5,f129fdf3b0f59c0380d55546bc5f8874",
                "CHH_OB_SRR389222_sub1_trimmed_bismark_hisat2.deduplicated.txt.gz:md5,9469ac28e4369032b855ce1a794a56a4",
                "CHH_OB_SRR389222_sub2_trimmed_bismark_hisat2.deduplicated.txt.gz:md5,3c48fa14cc07ca041a35efd978ef877a",
                "CHH_OB_SRR389222_sub3_trimmed_bismark_hisat2.deduplicated.txt.gz:md5,68b5405d8de91c7046ab46fc5c42ee30",
                "CHH_OT_Ecoli_10K_methylated_1_val_1_bismark_hisat2_pe.deduplicated.txt.gz:md5,112a5d2beba2f8ebda273ca3bec98d88",
                "CHH_OT_SRR389222_sub1_trimmed_bismark_hisat2.deduplicated.txt.gz:md5,83d1e3ae2b492b709e25da82f1328a10",
                "CHH_OT_SRR389222_sub2_trimmed_bismark_hisat2.deduplicated.txt.gz:md5,3ffdca35b32cc45fc8013f2943755014",
                "CHH_OT_SRR389222_sub3_trimmed_bismark_hisat2.deduplicated.txt.gz:md5,75546cab2a0631ccab29b6bc034758b4",
                "CpG_OB_Ecoli_10K_methylated_1_val_1_bismark_hisat2_pe.deduplicated.txt.gz:md5,ee183f1b0b757bfdb2f0b71502d1ce27",
                "CpG_OB_SRR389222_sub1_trimmed_bismark_hisat2.deduplicated.txt.gz:md5,f0404fc1fc18c7ff58e8766b405239ed",
                "CpG_OB_SRR389222_sub2_trimmed_bismark_hisat2.deduplicated.txt.gz:md5,2f0dd539df6b5943496158ccb62edc7b",
                "CpG_OB_SRR389222_sub3_trimmed_bismark_hisat2.deduplicated.txt.gz:md5,0bd78a1708fb8126af553c94ab8c8371",
                "CpG_OT_Ecoli_10K_methylated_1_val_1_bismark_hisat2_pe.deduplicated.txt.gz:md5,8bb4cb59815cc9e260dcfa332fcb5ae9",
                "CpG_OT_SRR389222_sub1_trimmed_bismark_hisat2.deduplicated.txt.gz:md5,f46d89df2fa874a628109e32f3484179",
                "CpG_OT_SRR389222_sub2_trimmed_bismark_hisat2.deduplicated.txt.gz:md5,f18fd1b0a20d2ad4ac56ee39372b6c25",
                "CpG_OT_SRR389222_sub3_trimmed_bismark_hisat2.deduplicated.txt.gz:md5,528523e2703d6c20f599a325b8453670",
                "Ecoli_10K_methylated_1_val_1_bismark_hisat2_pe.deduplicated.bismark.cov.gz:md5,d8342eca72089408d8e4d7c5ec5e95bf",
                "SRR389222_sub1_trimmed_bismark_hisat2.deduplicated.bismark.cov.gz:md5,8f77dc7c0dea9e0c413e6a8c4fe3c9af",
                "SRR389222_sub2_trimmed_bismark_hisat2.deduplicated.bismark.cov.gz:md5,0da5af753da0274f3e6b66b04a11e73a",
                "SRR389222_sub3_trimmed_bismark_hisat2.deduplicated.bismark.cov.gz:md5,43f8554a2d19d172c16636374bb83084",
                "Ecoli_10K_methylated_1_val_1_bismark_hisat2_pe.deduplicated_splitting_report.txt:md5,2fb90e252b14c32bcf9709c6fdaa5a1b",
                "SRR389222_sub1_trimmed_bismark_hisat2.deduplicated_splitting_report.txt:md5,30d4e3aec9220b886a6ac17630f48ef3",
                "SRR389222_sub2_trimmed_bismark_hisat2.deduplicated_splitting_report.txt:md5,8519a3e58f6047f71e8cf09991482332",
                "SRR389222_sub3_trimmed_bismark_hisat2.deduplicated_splitting_report.txt:md5,e6144ca656936c6ee6e7281a1192fa78",
                "bismark-methylation-dp.txt:md5,233409b9665cb851aca3b6b4511ff757",
                "bismark_alignment.txt:md5,3acfd1a751bef6696b6fa095d0631bb6",
                "bismark_deduplication.txt:md5,c025b4368b08f9e623624908632e44a1",
                "bismark_mbias_CHG_R1.txt:md5,0c860f1b9828749692ef051d54adf8c5",
                "bismark_mbias_CHG_R2.txt:md5,65e09a6193aee6dfb5aa2e3cdd02bb13",
                "bismark_mbias_CHH_R1.txt:md5,084297fbb1d42051c0d5e1e850f7d49b",
                "bismark_mbias_CHH_R2.txt:md5,593ec6453c5428d1bd2caf2d29e8ff15",
                "bismark_mbias_CpG_R1.txt:md5,5205558ceef1cc75348c85d28cc31c3a",
                "bismark_mbias_CpG_R2.txt:md5,7d4542b8ace370d14902f6ba3e866ba3",
                "bismark_strand_alignment.txt:md5,8fd4b9aa0180cc3999cee8925c537856",
                "cutadapt_filtered_reads_plot.txt:md5,ff1b6d4011a5be5410b9404f7ff56c56",
                "cutadapt_trimmed_sequences_plot_3_Counts.txt:md5,57d07c19b0c30dc88df96c30bedcdc33",
                "cutadapt_trimmed_sequences_plot_3_Obs_Exp.txt:md5,1e5ca4193f8290c5c812334d03615b41",
                "fastqc-status-check-heatmap.txt:md5,218c2a7efbb9c02f652fa78fc739c866",
                "fastqc_adapter_content_plot.txt:md5,48d8bd5ece984a74972ce0a0e814dd07",
                "fastqc_overrepresented_sequences_plot.txt:md5,9c4b7064950b5b2c486d556984f21e9e",
                "fastqc_per_base_n_content_plot.txt:md5,019d5cd4f61a31f4e7016140ca8ee36e",
                "fastqc_per_base_sequence_quality_plot.txt:md5,e4c7d522114eab9bc9101e7ee9d83c8f",
                "fastqc_per_sequence_gc_content_plot_Counts.txt:md5,302659bee8a02b6a38b24fe25f8eaa87",
                "fastqc_per_sequence_gc_content_plot_Percentages.txt:md5,c75b396eb5dda8682fb1652a9b2e92a3",
                "fastqc_per_sequence_quality_scores_plot.txt:md5,548c593f4a8be2d8627fc3bd1c280611",
                "fastqc_sequence_counts_plot.txt:md5,58eeeb06bc9dcc1764c7daf0847d6bbf",
                "fastqc_sequence_duplication_levels_plot.txt:md5,9e5712db9aa39b5754ea1e0c49cfff15",
                "fastqc_top_overrepresented_sequences_table.txt:md5,6dfc5334a09c05392ea17369aa742d01",
                "multiqc_bismark_alignment.txt:md5,731133921792ca3943acd7ae9938d5e7",
                "multiqc_bismark_dedup.txt:md5,5e58032548eda3c39384495cf0cfaa3d",
                "multiqc_bismark_methextract.txt:md5,5ce6739f6daa34276200f303c240e4b1",
                "multiqc_citations.txt:md5,73a6d29705d5a07f17f99c92e3a0f148",
                "multiqc_cutadapt.txt:md5,883891ac4901385102be053212068732"
            ],
            [
                [
                    "Ecoli_10K_methylated.deduplicated.sorted.bam",
                    "a1bd6455ebe3ecb43fe55e02d149d98"
                ],
                [
                    "SRR389222_sub1.deduplicated.sorted.bam",
                    "8d735d1f6337b2cf2fa720773ce34b60"
                ],
                [
                    "SRR389222_sub2.deduplicated.sorted.bam",
                    "45d53a598b4e59d173e32ea1f0558083"
                ],
                [
                    "SRR389222_sub3.deduplicated.sorted.bam",
                    "ddb15c5ef0686837616d73f45c154b8d"
                ]
            ]
        ],
        "meta": {
            "nf-test": "0.9.2",
            "nextflow": "24.10.5"
        },
        "timestamp": "2025-03-25T04:47:56.840612699"
    }
}