{
    "Params: bismark | run_qualimap": {
        "content": [
            19,
            {
                "BISMARK_ALIGN": {
                    "bismark": "0.24.2"
                },
                "BISMARK_GENOMEPREPARATION": {
                    "bismark": "0.24.2"
                },
                "FASTQC": {
                    "fastqc": "0.12.1"
                },
                "GUNZIP": {
                    "gunzip": 1.13
                },
                "QUALIMAP_BAMQC": {
                    "qualimap": 2.3
                },
                "TRIMGALORE": {
                    "trimgalore": "0.6.10",
                    "cutadapt": 4.9,
                    "pigz": 2.8
                },
                "Workflow": {
                    "nf-core/methylseq": "v3.1.0dev"
                }
            },
            [
                "bismark",
                "bismark/alignments",
                "bismark/alignments/logs",
                "bismark/alignments/logs/SRR389222_sub3_trimmed_bismark_bt2_SE_report.txt",
                "bismark/deduplicated",
                "bismark/deduplicated/SRR389222_sub3.deduplicated.sorted.bam",
                "bismark/deduplicated/SRR389222_sub3.deduplicated.sorted.bam.bai",
                "bismark/deduplicated/logs",
                "bismark/deduplicated/logs/SRR389222_sub3_trimmed_bismark_bt2.deduplication_report.txt",
                "bismark/methylation_calls",
                "bismark/methylation_calls/bedGraph",
                "bismark/methylation_calls/bedGraph/SRR389222_sub3_trimmed_bismark_bt2.deduplicated.bedGraph.gz",
                "bismark/methylation_calls/mbias",
                "bismark/methylation_calls/mbias/SRR389222_sub3_trimmed_bismark_bt2.deduplicated.M-bias.txt",
                "bismark/methylation_calls/methylation_calls",
                "bismark/methylation_calls/methylation_calls/CHG_OB_SRR389222_sub3_trimmed_bismark_bt2.deduplicated.txt.gz",
                "bismark/methylation_calls/methylation_calls/CHG_OT_SRR389222_sub3_trimmed_bismark_bt2.deduplicated.txt.gz",
                "bismark/methylation_calls/methylation_calls/CHH_OB_SRR389222_sub3_trimmed_bismark_bt2.deduplicated.txt.gz",
                "bismark/methylation_calls/methylation_calls/CHH_OT_SRR389222_sub3_trimmed_bismark_bt2.deduplicated.txt.gz",
                "bismark/methylation_calls/methylation_calls/CpG_OB_SRR389222_sub3_trimmed_bismark_bt2.deduplicated.txt.gz",
                "bismark/methylation_calls/methylation_calls/CpG_OT_SRR389222_sub3_trimmed_bismark_bt2.deduplicated.txt.gz",
                "bismark/methylation_calls/methylation_coverage",
                "bismark/methylation_calls/methylation_coverage/SRR389222_sub3_trimmed_bismark_bt2.deduplicated.bismark.cov.gz",
                "bismark/methylation_calls/splitting_report",
                "bismark/methylation_calls/splitting_report/SRR389222_sub3_trimmed_bismark_bt2.deduplicated_splitting_report.txt",
                "bismark/qualimap",
                "bismark/qualimap/bamqc",
                "bismark/qualimap/bamqc/SRR389222_sub3",
                "bismark/qualimap/bamqc/SRR389222_sub3/css",
                "bismark/qualimap/bamqc/SRR389222_sub3/css/agogo.css",
                "bismark/qualimap/bamqc/SRR389222_sub3/css/ajax-loader.gif",
                "bismark/qualimap/bamqc/SRR389222_sub3/css/basic.css",
                "bismark/qualimap/bamqc/SRR389222_sub3/css/bgfooter.png",
                "bismark/qualimap/bamqc/SRR389222_sub3/css/bgtop.png",
                "bismark/qualimap/bamqc/SRR389222_sub3/css/comment-bright.png",
                "bismark/qualimap/bamqc/SRR389222_sub3/css/comment-close.png",
                "bismark/qualimap/bamqc/SRR389222_sub3/css/comment.png",
                "bismark/qualimap/bamqc/SRR389222_sub3/css/doctools.js",
                "bismark/qualimap/bamqc/SRR389222_sub3/css/down-pressed.png",
                "bismark/qualimap/bamqc/SRR389222_sub3/css/down.png",
                "bismark/qualimap/bamqc/SRR389222_sub3/css/file.png",
                "bismark/qualimap/bamqc/SRR389222_sub3/css/jquery.js",
                "bismark/qualimap/bamqc/SRR389222_sub3/css/minus.png",
                "bismark/qualimap/bamqc/SRR389222_sub3/css/plus.png",
                "bismark/qualimap/bamqc/SRR389222_sub3/css/pygments.css",
                "bismark/qualimap/bamqc/SRR389222_sub3/css/qualimap_logo_small.png",
                "bismark/qualimap/bamqc/SRR389222_sub3/css/report.css",
                "bismark/qualimap/bamqc/SRR389222_sub3/css/searchtools.js",
                "bismark/qualimap/bamqc/SRR389222_sub3/css/underscore.js",
                "bismark/qualimap/bamqc/SRR389222_sub3/css/up-pressed.png",
                "bismark/qualimap/bamqc/SRR389222_sub3/css/up.png",
                "bismark/qualimap/bamqc/SRR389222_sub3/css/websupport.js",
                "bismark/qualimap/bamqc/SRR389222_sub3/genome_results.txt",
                "bismark/qualimap/bamqc/SRR389222_sub3/images_qualimapReport",
                "bismark/qualimap/bamqc/SRR389222_sub3/images_qualimapReport/genome_coverage_0to50_histogram.png",
                "bismark/qualimap/bamqc/SRR389222_sub3/images_qualimapReport/genome_coverage_across_reference.png",
                "bismark/qualimap/bamqc/SRR389222_sub3/images_qualimapReport/genome_coverage_histogram.png",
                "bismark/qualimap/bamqc/SRR389222_sub3/images_qualimapReport/genome_coverage_quotes.png",
                "bismark/qualimap/bamqc/SRR389222_sub3/images_qualimapReport/genome_gc_content_per_window.png",
                "bismark/qualimap/bamqc/SRR389222_sub3/images_qualimapReport/genome_mapping_quality_across_reference.png",
                "bismark/qualimap/bamqc/SRR389222_sub3/images_qualimapReport/genome_mapping_quality_histogram.png",
                "bismark/qualimap/bamqc/SRR389222_sub3/images_qualimapReport/genome_reads_content_per_read_position.png",
                "bismark/qualimap/bamqc/SRR389222_sub3/images_qualimapReport/genome_uniq_read_starts_histogram.png",
                "bismark/qualimap/bamqc/SRR389222_sub3/qualimapReport.html",
                "bismark/qualimap/bamqc/SRR389222_sub3/raw_data_qualimapReport",
                "bismark/qualimap/bamqc/SRR389222_sub3/raw_data_qualimapReport/coverage_across_reference.txt",
                "bismark/qualimap/bamqc/SRR389222_sub3/raw_data_qualimapReport/coverage_histogram.txt",
                "bismark/qualimap/bamqc/SRR389222_sub3/raw_data_qualimapReport/duplication_rate_histogram.txt",
                "bismark/qualimap/bamqc/SRR389222_sub3/raw_data_qualimapReport/genome_fraction_coverage.txt",
                "bismark/qualimap/bamqc/SRR389222_sub3/raw_data_qualimapReport/mapped_reads_gc-content_distribution.txt",
                "bismark/qualimap/bamqc/SRR389222_sub3/raw_data_qualimapReport/mapped_reads_nucleotide_content.txt",
                "bismark/qualimap/bamqc/SRR389222_sub3/raw_data_qualimapReport/mapping_quality_across_reference.txt",
                "bismark/qualimap/bamqc/SRR389222_sub3/raw_data_qualimapReport/mapping_quality_histogram.txt",
                "bismark/qualimap/bamqc/versions.yml",
                "bismark/reports",
                "bismark/reports/SRR389222_sub3_trimmed_bismark_bt2_SE_report.html",
                "bismark/summary",
                "bismark/summary/bismark_summary_report.html",
                "bismark/summary/bismark_summary_report.txt",
                "fastqc",
                "fastqc/Ecoli_10K_methylated_1_fastqc.html",
                "fastqc/Ecoli_10K_methylated_2_fastqc.html",
                "fastqc/SRR389222_sub1_fastqc.html",
                "fastqc/SRR389222_sub2_fastqc.html",
                "fastqc/SRR389222_sub3_fastqc.html",
                "fastqc/zips",
                "fastqc/zips/Ecoli_10K_methylated_1_fastqc.zip",
                "fastqc/zips/Ecoli_10K_methylated_2_fastqc.zip",
                "fastqc/zips/SRR389222_sub1_fastqc.zip",
                "fastqc/zips/SRR389222_sub2_fastqc.zip",
                "fastqc/zips/SRR389222_sub3_fastqc.zip",
                "multiqc",
                "multiqc/bismark",
                "multiqc/bismark/multiqc_data",
                "multiqc/bismark/multiqc_data/BETA-multiqc.parquet",
                "multiqc/bismark/multiqc_data/bismark-methylation-dp.txt",
                "multiqc/bismark/multiqc_data/bismark_alignment.txt",
                "multiqc/bismark/multiqc_data/bismark_deduplication.txt",
                "multiqc/bismark/multiqc_data/bismark_mbias_CHG_R1.txt",
                "multiqc/bismark/multiqc_data/bismark_mbias_CHH_R1.txt",
                "multiqc/bismark/multiqc_data/bismark_mbias_CpG_R1.txt",
                "multiqc/bismark/multiqc_data/bismark_strand_alignment.txt",
                "multiqc/bismark/multiqc_data/cutadapt_filtered_reads_plot.txt",
                "multiqc/bismark/multiqc_data/cutadapt_trimmed_sequences_plot_3_Counts.txt",
                "multiqc/bismark/multiqc_data/cutadapt_trimmed_sequences_plot_3_Obs_Exp.txt",
                "multiqc/bismark/multiqc_data/fastqc-status-check-heatmap.txt",
                "multiqc/bismark/multiqc_data/fastqc_adapter_content_plot.txt",
                "multiqc/bismark/multiqc_data/fastqc_overrepresented_sequences_plot.txt",
                "multiqc/bismark/multiqc_data/fastqc_per_base_n_content_plot.txt",
                "multiqc/bismark/multiqc_data/fastqc_per_base_sequence_quality_plot.txt",
                "multiqc/bismark/multiqc_data/fastqc_per_sequence_gc_content_plot_Counts.txt",
                "multiqc/bismark/multiqc_data/fastqc_per_sequence_gc_content_plot_Percentages.txt",
                "multiqc/bismark/multiqc_data/fastqc_per_sequence_quality_scores_plot.txt",
                "multiqc/bismark/multiqc_data/fastqc_sequence_counts_plot.txt",
                "multiqc/bismark/multiqc_data/fastqc_sequence_duplication_levels_plot.txt",
                "multiqc/bismark/multiqc_data/fastqc_top_overrepresented_sequences_table.txt",
                "multiqc/bismark/multiqc_data/multiqc.log",
                "multiqc/bismark/multiqc_data/multiqc_bismark_alignment.txt",
                "multiqc/bismark/multiqc_data/multiqc_bismark_dedup.txt",
                "multiqc/bismark/multiqc_data/multiqc_bismark_methextract.txt",
                "multiqc/bismark/multiqc_data/multiqc_citations.txt",
                "multiqc/bismark/multiqc_data/multiqc_cutadapt.txt",
                "multiqc/bismark/multiqc_data/multiqc_data.json",
                "multiqc/bismark/multiqc_data/multiqc_fastqc.txt",
                "multiqc/bismark/multiqc_data/multiqc_general_stats.txt",
                "multiqc/bismark/multiqc_data/multiqc_qualimap_bamqc_genome_results.txt",
                "multiqc/bismark/multiqc_data/multiqc_software_versions.txt",
                "multiqc/bismark/multiqc_data/multiqc_sources.txt",
                "multiqc/bismark/multiqc_data/qualimap_coverage_histogram.txt",
                "multiqc/bismark/multiqc_data/qualimap_gc_content.txt",
                "multiqc/bismark/multiqc_data/qualimap_genome_fraction.txt",
                "multiqc/bismark/multiqc_plots",
                "multiqc/bismark/multiqc_plots/pdf",
                "multiqc/bismark/multiqc_plots/pdf/bismark-methylation-dp.pdf",
                "multiqc/bismark/multiqc_plots/pdf/bismark_alignment-cnt.pdf",
                "multiqc/bismark/multiqc_plots/pdf/bismark_alignment-pct.pdf",
                "multiqc/bismark/multiqc_plots/pdf/bismark_deduplication-cnt.pdf",
                "multiqc/bismark/multiqc_plots/pdf/bismark_deduplication-pct.pdf",
                "multiqc/bismark/multiqc_plots/pdf/bismark_mbias_CHG_R1.pdf",
                "multiqc/bismark/multiqc_plots/pdf/bismark_mbias_CHH_R1.pdf",
                "multiqc/bismark/multiqc_plots/pdf/bismark_mbias_CpG_R1.pdf",
                "multiqc/bismark/multiqc_plots/pdf/bismark_strand_alignment-cnt.pdf",
                "multiqc/bismark/multiqc_plots/pdf/bismark_strand_alignment-pct.pdf",
                "multiqc/bismark/multiqc_plots/pdf/cutadapt_filtered_reads_plot-cnt.pdf",
                "multiqc/bismark/multiqc_plots/pdf/cutadapt_filtered_reads_plot-pct.pdf",
                "multiqc/bismark/multiqc_plots/pdf/cutadapt_trimmed_sequences_plot_3_Counts.pdf",
                "multiqc/bismark/multiqc_plots/pdf/cutadapt_trimmed_sequences_plot_3_Obs_Exp.pdf",
                "multiqc/bismark/multiqc_plots/pdf/fastqc-status-check-heatmap.pdf",
                "multiqc/bismark/multiqc_plots/pdf/fastqc_adapter_content_plot.pdf",
                "multiqc/bismark/multiqc_plots/pdf/fastqc_overrepresented_sequences_plot.pdf",
                "multiqc/bismark/multiqc_plots/pdf/fastqc_per_base_n_content_plot.pdf",
                "multiqc/bismark/multiqc_plots/pdf/fastqc_per_base_sequence_quality_plot.pdf",
                "multiqc/bismark/multiqc_plots/pdf/fastqc_per_sequence_gc_content_plot_Counts.pdf",
                "multiqc/bismark/multiqc_plots/pdf/fastqc_per_sequence_gc_content_plot_Percentages.pdf",
                "multiqc/bismark/multiqc_plots/pdf/fastqc_per_sequence_quality_scores_plot.pdf",
                "multiqc/bismark/multiqc_plots/pdf/fastqc_sequence_counts_plot-cnt.pdf",
                "multiqc/bismark/multiqc_plots/pdf/fastqc_sequence_counts_plot-pct.pdf",
                "multiqc/bismark/multiqc_plots/pdf/fastqc_sequence_duplication_levels_plot.pdf",
                "multiqc/bismark/multiqc_plots/pdf/fastqc_top_overrepresented_sequences_table.pdf",
                "multiqc/bismark/multiqc_plots/pdf/qualimap_coverage_histogram.pdf",
                "multiqc/bismark/multiqc_plots/pdf/qualimap_gc_content.pdf",
                "multiqc/bismark/multiqc_plots/pdf/qualimap_genome_fraction.pdf",
                "multiqc/bismark/multiqc_plots/png",
                "multiqc/bismark/multiqc_plots/png/bismark-methylation-dp.png",
                "multiqc/bismark/multiqc_plots/png/bismark_alignment-cnt.png",
                "multiqc/bismark/multiqc_plots/png/bismark_alignment-pct.png",
                "multiqc/bismark/multiqc_plots/png/bismark_deduplication-cnt.png",
                "multiqc/bismark/multiqc_plots/png/bismark_deduplication-pct.png",
                "multiqc/bismark/multiqc_plots/png/bismark_mbias_CHG_R1.png",
                "multiqc/bismark/multiqc_plots/png/bismark_mbias_CHH_R1.png",
                "multiqc/bismark/multiqc_plots/png/bismark_mbias_CpG_R1.png",
                "multiqc/bismark/multiqc_plots/png/bismark_strand_alignment-cnt.png",
                "multiqc/bismark/multiqc_plots/png/bismark_strand_alignment-pct.png",
                "multiqc/bismark/multiqc_plots/png/cutadapt_filtered_reads_plot-cnt.png",
                "multiqc/bismark/multiqc_plots/png/cutadapt_filtered_reads_plot-pct.png",
                "multiqc/bismark/multiqc_plots/png/cutadapt_trimmed_sequences_plot_3_Counts.png",
                "multiqc/bismark/multiqc_plots/png/cutadapt_trimmed_sequences_plot_3_Obs_Exp.png",
                "multiqc/bismark/multiqc_plots/png/fastqc-status-check-heatmap.png",
                "multiqc/bismark/multiqc_plots/png/fastqc_adapter_content_plot.png",
                "multiqc/bismark/multiqc_plots/png/fastqc_overrepresented_sequences_plot.png",
                "multiqc/bismark/multiqc_plots/png/fastqc_per_base_n_content_plot.png",
                "multiqc/bismark/multiqc_plots/png/fastqc_per_base_sequence_quality_plot.png",
                "multiqc/bismark/multiqc_plots/png/fastqc_per_sequence_gc_content_plot_Counts.png",
                "multiqc/bismark/multiqc_plots/png/fastqc_per_sequence_gc_content_plot_Percentages.png",
                "multiqc/bismark/multiqc_plots/png/fastqc_per_sequence_quality_scores_plot.png",
                "multiqc/bismark/multiqc_plots/png/fastqc_sequence_counts_plot-cnt.png",
                "multiqc/bismark/multiqc_plots/png/fastqc_sequence_counts_plot-pct.png",
                "multiqc/bismark/multiqc_plots/png/fastqc_sequence_duplication_levels_plot.png",
                "multiqc/bismark/multiqc_plots/png/fastqc_top_overrepresented_sequences_table.png",
                "multiqc/bismark/multiqc_plots/png/qualimap_coverage_histogram.png",
                "multiqc/bismark/multiqc_plots/png/qualimap_gc_content.png",
                "multiqc/bismark/multiqc_plots/png/qualimap_genome_fraction.png",
                "multiqc/bismark/multiqc_plots/svg",
                "multiqc/bismark/multiqc_plots/svg/bismark-methylation-dp.svg",
                "multiqc/bismark/multiqc_plots/svg/bismark_alignment-cnt.svg",
                "multiqc/bismark/multiqc_plots/svg/bismark_alignment-pct.svg",
                "multiqc/bismark/multiqc_plots/svg/bismark_deduplication-cnt.svg",
                "multiqc/bismark/multiqc_plots/svg/bismark_deduplication-pct.svg",
                "multiqc/bismark/multiqc_plots/svg/bismark_mbias_CHG_R1.svg",
                "multiqc/bismark/multiqc_plots/svg/bismark_mbias_CHH_R1.svg",
                "multiqc/bismark/multiqc_plots/svg/bismark_mbias_CpG_R1.svg",
                "multiqc/bismark/multiqc_plots/svg/bismark_strand_alignment-cnt.svg",
                "multiqc/bismark/multiqc_plots/svg/bismark_strand_alignment-pct.svg",
                "multiqc/bismark/multiqc_plots/svg/cutadapt_filtered_reads_plot-cnt.svg",
                "multiqc/bismark/multiqc_plots/svg/cutadapt_filtered_reads_plot-pct.svg",
                "multiqc/bismark/multiqc_plots/svg/cutadapt_trimmed_sequences_plot_3_Counts.svg",
                "multiqc/bismark/multiqc_plots/svg/cutadapt_trimmed_sequences_plot_3_Obs_Exp.svg",
                "multiqc/bismark/multiqc_plots/svg/fastqc-status-check-heatmap.svg",
                "multiqc/bismark/multiqc_plots/svg/fastqc_adapter_content_plot.svg",
                "multiqc/bismark/multiqc_plots/svg/fastqc_overrepresented_sequences_plot.svg",
                "multiqc/bismark/multiqc_plots/svg/fastqc_per_base_n_content_plot.svg",
                "multiqc/bismark/multiqc_plots/svg/fastqc_per_base_sequence_quality_plot.svg",
                "multiqc/bismark/multiqc_plots/svg/fastqc_per_sequence_gc_content_plot_Counts.svg",
                "multiqc/bismark/multiqc_plots/svg/fastqc_per_sequence_gc_content_plot_Percentages.svg",
                "multiqc/bismark/multiqc_plots/svg/fastqc_per_sequence_quality_scores_plot.svg",
                "multiqc/bismark/multiqc_plots/svg/fastqc_sequence_counts_plot-cnt.svg",
                "multiqc/bismark/multiqc_plots/svg/fastqc_sequence_counts_plot-pct.svg",
                "multiqc/bismark/multiqc_plots/svg/fastqc_sequence_duplication_levels_plot.svg",
                "multiqc/bismark/multiqc_plots/svg/fastqc_top_overrepresented_sequences_table.svg",
                "multiqc/bismark/multiqc_plots/svg/qualimap_coverage_histogram.svg",
                "multiqc/bismark/multiqc_plots/svg/qualimap_gc_content.svg",
                "multiqc/bismark/multiqc_plots/svg/qualimap_genome_fraction.svg",
                "multiqc/bismark/multiqc_report.html",
                "pipeline_info",
                "pipeline_info/nf_core_methylseq_software_mqc_versions.yml",
                "trimgalore",
                "trimgalore/fastqc",
                "trimgalore/fastqc/Ecoli_10K_methylated_1_val_1_fastqc.html",
                "trimgalore/fastqc/Ecoli_10K_methylated_2_val_2_fastqc.html",
                "trimgalore/fastqc/SRR389222_sub1_trimmed_fastqc.html",
                "trimgalore/fastqc/SRR389222_sub2_trimmed_fastqc.html",
                "trimgalore/fastqc/SRR389222_sub3_trimmed_fastqc.html",
                "trimgalore/fastqc/zips",
                "trimgalore/fastqc/zips/Ecoli_10K_methylated_1_val_1_fastqc.zip",
                "trimgalore/fastqc/zips/Ecoli_10K_methylated_2_val_2_fastqc.zip",
                "trimgalore/fastqc/zips/SRR389222_sub1_trimmed_fastqc.zip",
                "trimgalore/fastqc/zips/SRR389222_sub2_trimmed_fastqc.zip",
                "trimgalore/fastqc/zips/SRR389222_sub3_trimmed_fastqc.zip",
                "trimgalore/logs",
                "trimgalore/logs/Ecoli_10K_methylated_1.fastq.gz_trimming_report.txt",
                "trimgalore/logs/Ecoli_10K_methylated_2.fastq.gz_trimming_report.txt",
                "trimgalore/logs/SRR389222_sub1.fastq.gz_trimming_report.txt",
                "trimgalore/logs/SRR389222_sub2.fastq.gz_trimming_report.txt",
                "trimgalore/logs/SRR389222_sub3.fastq.gz_trimming_report.txt"
            ],
            [
                "SRR389222_sub3_trimmed_bismark_bt2.deduplicated.bedGraph.gz:md5,d42e09af121ae14f6e0de5779e317b0b",
                "SRR389222_sub3_trimmed_bismark_bt2.deduplicated.M-bias.txt:md5,b865b7fb6e1225feeb6aef3372ef0b1d",
                "CHG_OB_SRR389222_sub3_trimmed_bismark_bt2.deduplicated.txt.gz:md5,5cd486ff48be8f8fa0d4e35710be2071",
                "CHG_OT_SRR389222_sub3_trimmed_bismark_bt2.deduplicated.txt.gz:md5,3fdd17711f819c844f39d52d4951b9cc",
                "CHH_OB_SRR389222_sub3_trimmed_bismark_bt2.deduplicated.txt.gz:md5,68b5405d8de91c7046ab46fc5c42ee30",
                "CHH_OT_SRR389222_sub3_trimmed_bismark_bt2.deduplicated.txt.gz:md5,7ed9df0d59ee786d06bf291efcdd3a48",
                "CpG_OB_SRR389222_sub3_trimmed_bismark_bt2.deduplicated.txt.gz:md5,0bd78a1708fb8126af553c94ab8c8371",
                "CpG_OT_SRR389222_sub3_trimmed_bismark_bt2.deduplicated.txt.gz:md5,984aea9c77f8171f0e0a86d5289a180b",
                "SRR389222_sub3_trimmed_bismark_bt2.deduplicated.bismark.cov.gz:md5,f9a07c3e11e0caad6df3cd2e4d94d8ac",
                "SRR389222_sub3_trimmed_bismark_bt2.deduplicated_splitting_report.txt:md5,e8d2bf21731b6ed517c56385061b1dee",
                "genome_results.txt:md5,235830239cfc43d8e84c049b1e9b180a",
                "coverage_across_reference.txt:md5,fb9c989fc6c15d0a8fd0a58b8d3c20ce",
                "coverage_histogram.txt:md5,8a3f45461442657433914c6a5ecb1301",
                "duplication_rate_histogram.txt:md5,ec9a705fd3a300b126d556afa14c326b",
                "genome_fraction_coverage.txt:md5,48f654e7179fdb7c4830ceb8f862af0b",
                "mapped_reads_gc-content_distribution.txt:md5,a603a3d326e811f38f448cd3d017b4a8",
                "mapped_reads_nucleotide_content.txt:md5,783a0fb23148a56c1c78a21d774109eb",
                "mapping_quality_across_reference.txt:md5,d9bafb5cc106bbd1dc7e31439c618f19",
                "mapping_quality_histogram.txt:md5,560e85b88f5f90e9ad7ad93ffef42d6f",
                "versions.yml:md5,bb8bc6f11e6ca441cdb653f077b870c2",
                "BETA-multiqc.parquet:md5,e977946ccd19978196d647fb807befe5",
                "bismark-methylation-dp.txt:md5,8793ec9879970869856d1e366542e386",
                "bismark_alignment.txt:md5,1142015f597c27883e035d19933c5eba",
                "bismark_deduplication.txt:md5,1891a55b7b7e56db89b998035f8444cb",
                "bismark_mbias_CHG_R1.txt:md5,c46a79e5a518b4e927e2770c1b9819e9",
                "bismark_mbias_CHH_R1.txt:md5,75537425b1b467c485d0df2a4d577f0c",
                "bismark_mbias_CpG_R1.txt:md5,667ca701dd8771689431bdb27cc6c607",
                "bismark_strand_alignment.txt:md5,e0f27f8468ae6f8a1d2eb1fc3c9f3891",
                "cutadapt_filtered_reads_plot.txt:md5,ff1b6d4011a5be5410b9404f7ff56c56",
                "cutadapt_trimmed_sequences_plot_3_Counts.txt:md5,57d07c19b0c30dc88df96c30bedcdc33",
                "cutadapt_trimmed_sequences_plot_3_Obs_Exp.txt:md5,1e5ca4193f8290c5c812334d03615b41",
                "fastqc-status-check-heatmap.txt:md5,218c2a7efbb9c02f652fa78fc739c866",
                "fastqc_adapter_content_plot.txt:md5,48d8bd5ece984a74972ce0a0e814dd07",
                "fastqc_overrepresented_sequences_plot.txt:md5,9c4b7064950b5b2c486d556984f21e9e",
                "fastqc_per_base_n_content_plot.txt:md5,019d5cd4f61a31f4e7016140ca8ee36e",
                "fastqc_per_base_sequence_quality_plot.txt:md5,e4c7d522114eab9bc9101e7ee9d83c8f",
                "fastqc_per_sequence_gc_content_plot_Counts.txt:md5,302659bee8a02b6a38b24fe25f8eaa87",
                "fastqc_per_sequence_gc_content_plot_Percentages.txt:md5,c75b396eb5dda8682fb1652a9b2e92a3",
                "fastqc_per_sequence_quality_scores_plot.txt:md5,548c593f4a8be2d8627fc3bd1c280611",
                "fastqc_sequence_counts_plot.txt:md5,58eeeb06bc9dcc1764c7daf0847d6bbf",
                "fastqc_sequence_duplication_levels_plot.txt:md5,9e5712db9aa39b5754ea1e0c49cfff15",
                "fastqc_top_overrepresented_sequences_table.txt:md5,6dfc5334a09c05392ea17369aa742d01",
                "multiqc_bismark_alignment.txt:md5,de3a1dc8eeed3f700bc205512c281fdf",
                "multiqc_bismark_dedup.txt:md5,e0a5bf17b6a33ace7cb74c62cd9e8656",
                "multiqc_bismark_methextract.txt:md5,82e4a413218bbfb9903a397fb73b6fee",
                "multiqc_citations.txt:md5,b9d42869faad581bd963d3d3bb490026",
                "multiqc_cutadapt.txt:md5,883891ac4901385102be053212068732",
                "qualimap_coverage_histogram.txt:md5,a8b37aa5b433131490f2fd510df7011d",
                "qualimap_gc_content.txt:md5,d028c35a05d99e1b30837b542d8407a4",
                "qualimap_genome_fraction.txt:md5,0b0a72683c9ac9cae8fbbf8cc85673c7"
            ],
            [
                [
                    "SRR389222_sub3.deduplicated.sorted.bam",
                    "347195c04c9ffd2a2b10967a6682fc69"
                ]
            ]
        ],
        "meta": {
            "nf-test": "0.9.2",
            "nextflow": "25.04.4"
        },
        "timestamp": "2025-06-17T12:14:06.265787272"
    }
}