{
    "Params: bismark | skip_multiqc": {
        "content": [
            18,
            {
                "BISMARK_ALIGN": {
                    "bismark": "0.24.2"
                },
                "BISMARK_GENOMEPREPARATION": {
                    "bismark": "0.24.2"
                },
                "FASTQC": {
                    "fastqc": "0.12.1"
                },
                "GUNZIP": {
                    "gunzip": 1.13
                },
                "TRIMGALORE": {
                    "trimgalore": "0.6.10",
                    "cutadapt": 4.9,
                    "pigz": 2.8
                },
                "Workflow": {
                    "nf-core/methylseq": "v3.1.0dev"
                }
            },
            [
                "bismark",
                "bismark/alignments",
                "bismark/alignments/logs",
                "bismark/alignments/logs/SRR389222_sub1_trimmed_bismark_bt2_SE_report.txt",
                "bismark/deduplicated",
                "bismark/deduplicated/SRR389222_sub1.deduplicated.sorted.bam",
                "bismark/deduplicated/SRR389222_sub1.deduplicated.sorted.bam.bai",
                "bismark/deduplicated/logs",
                "bismark/deduplicated/logs/SRR389222_sub1_trimmed_bismark_bt2.deduplication_report.txt",
                "bismark/methylation_calls",
                "bismark/methylation_calls/bedGraph",
                "bismark/methylation_calls/bedGraph/SRR389222_sub1_trimmed_bismark_bt2.deduplicated.bedGraph.gz",
                "bismark/methylation_calls/mbias",
                "bismark/methylation_calls/mbias/SRR389222_sub1_trimmed_bismark_bt2.deduplicated.M-bias.txt",
                "bismark/methylation_calls/methylation_calls",
                "bismark/methylation_calls/methylation_calls/CHG_OB_SRR389222_sub1_trimmed_bismark_bt2.deduplicated.txt.gz",
                "bismark/methylation_calls/methylation_calls/CHG_OT_SRR389222_sub1_trimmed_bismark_bt2.deduplicated.txt.gz",
                "bismark/methylation_calls/methylation_calls/CHH_OB_SRR389222_sub1_trimmed_bismark_bt2.deduplicated.txt.gz",
                "bismark/methylation_calls/methylation_calls/CHH_OT_SRR389222_sub1_trimmed_bismark_bt2.deduplicated.txt.gz",
                "bismark/methylation_calls/methylation_calls/CpG_OB_SRR389222_sub1_trimmed_bismark_bt2.deduplicated.txt.gz",
                "bismark/methylation_calls/methylation_calls/CpG_OT_SRR389222_sub1_trimmed_bismark_bt2.deduplicated.txt.gz",
                "bismark/methylation_calls/methylation_coverage",
                "bismark/methylation_calls/methylation_coverage/SRR389222_sub1_trimmed_bismark_bt2.deduplicated.bismark.cov.gz",
                "bismark/methylation_calls/splitting_report",
                "bismark/methylation_calls/splitting_report/SRR389222_sub1_trimmed_bismark_bt2.deduplicated_splitting_report.txt",
                "bismark/reports",
                "bismark/reports/SRR389222_sub1_trimmed_bismark_bt2_SE_report.html",
                "bismark/summary",
                "bismark/summary/bismark_summary_report.html",
                "bismark/summary/bismark_summary_report.txt",
                "fastqc",
                "fastqc/Ecoli_10K_methylated_1_fastqc.html",
                "fastqc/Ecoli_10K_methylated_2_fastqc.html",
                "fastqc/SRR389222_sub1_fastqc.html",
                "fastqc/SRR389222_sub2_fastqc.html",
                "fastqc/SRR389222_sub3_fastqc.html",
                "fastqc/zips",
                "fastqc/zips/Ecoli_10K_methylated_1_fastqc.zip",
                "fastqc/zips/Ecoli_10K_methylated_2_fastqc.zip",
                "fastqc/zips/SRR389222_sub1_fastqc.zip",
                "fastqc/zips/SRR389222_sub2_fastqc.zip",
                "fastqc/zips/SRR389222_sub3_fastqc.zip",
                "multiqc",
                "multiqc/bismark",
                "multiqc/bismark/multiqc_data",
                "multiqc/bismark/multiqc_data/BETA-multiqc.parquet",
                "multiqc/bismark/multiqc_data/bismark-methylation-dp.txt",
                "multiqc/bismark/multiqc_data/bismark_alignment.txt",
                "multiqc/bismark/multiqc_data/bismark_deduplication.txt",
                "multiqc/bismark/multiqc_data/bismark_mbias_CHG_R1.txt",
                "multiqc/bismark/multiqc_data/bismark_mbias_CHH_R1.txt",
                "multiqc/bismark/multiqc_data/bismark_mbias_CpG_R1.txt",
                "multiqc/bismark/multiqc_data/bismark_strand_alignment.txt",
                "multiqc/bismark/multiqc_data/cutadapt_filtered_reads_plot.txt",
                "multiqc/bismark/multiqc_data/cutadapt_trimmed_sequences_plot_3_Counts.txt",
                "multiqc/bismark/multiqc_data/cutadapt_trimmed_sequences_plot_3_Obs_Exp.txt",
                "multiqc/bismark/multiqc_data/fastqc-status-check-heatmap.txt",
                "multiqc/bismark/multiqc_data/fastqc_adapter_content_plot.txt",
                "multiqc/bismark/multiqc_data/fastqc_overrepresented_sequences_plot.txt",
                "multiqc/bismark/multiqc_data/fastqc_per_base_n_content_plot.txt",
                "multiqc/bismark/multiqc_data/fastqc_per_base_sequence_quality_plot.txt",
                "multiqc/bismark/multiqc_data/fastqc_per_sequence_gc_content_plot_Counts.txt",
                "multiqc/bismark/multiqc_data/fastqc_per_sequence_gc_content_plot_Percentages.txt",
                "multiqc/bismark/multiqc_data/fastqc_per_sequence_quality_scores_plot.txt",
                "multiqc/bismark/multiqc_data/fastqc_sequence_counts_plot.txt",
                "multiqc/bismark/multiqc_data/fastqc_sequence_duplication_levels_plot.txt",
                "multiqc/bismark/multiqc_data/fastqc_top_overrepresented_sequences_table.txt",
                "multiqc/bismark/multiqc_data/multiqc.log",
                "multiqc/bismark/multiqc_data/multiqc_bismark_alignment.txt",
                "multiqc/bismark/multiqc_data/multiqc_bismark_dedup.txt",
                "multiqc/bismark/multiqc_data/multiqc_bismark_methextract.txt",
                "multiqc/bismark/multiqc_data/multiqc_citations.txt",
                "multiqc/bismark/multiqc_data/multiqc_cutadapt.txt",
                "multiqc/bismark/multiqc_data/multiqc_data.json",
                "multiqc/bismark/multiqc_data/multiqc_fastqc.txt",
                "multiqc/bismark/multiqc_data/multiqc_general_stats.txt",
                "multiqc/bismark/multiqc_data/multiqc_software_versions.txt",
                "multiqc/bismark/multiqc_data/multiqc_sources.txt",
                "multiqc/bismark/multiqc_plots",
                "multiqc/bismark/multiqc_plots/pdf",
                "multiqc/bismark/multiqc_plots/pdf/bismark-methylation-dp.pdf",
                "multiqc/bismark/multiqc_plots/pdf/bismark_alignment-cnt.pdf",
                "multiqc/bismark/multiqc_plots/pdf/bismark_alignment-pct.pdf",
                "multiqc/bismark/multiqc_plots/pdf/bismark_deduplication-cnt.pdf",
                "multiqc/bismark/multiqc_plots/pdf/bismark_deduplication-pct.pdf",
                "multiqc/bismark/multiqc_plots/pdf/bismark_mbias_CHG_R1.pdf",
                "multiqc/bismark/multiqc_plots/pdf/bismark_mbias_CHH_R1.pdf",
                "multiqc/bismark/multiqc_plots/pdf/bismark_mbias_CpG_R1.pdf",
                "multiqc/bismark/multiqc_plots/pdf/bismark_strand_alignment-cnt.pdf",
                "multiqc/bismark/multiqc_plots/pdf/bismark_strand_alignment-pct.pdf",
                "multiqc/bismark/multiqc_plots/pdf/cutadapt_filtered_reads_plot-cnt.pdf",
                "multiqc/bismark/multiqc_plots/pdf/cutadapt_filtered_reads_plot-pct.pdf",
                "multiqc/bismark/multiqc_plots/pdf/cutadapt_trimmed_sequences_plot_3_Counts.pdf",
                "multiqc/bismark/multiqc_plots/pdf/cutadapt_trimmed_sequences_plot_3_Obs_Exp.pdf",
                "multiqc/bismark/multiqc_plots/pdf/fastqc-status-check-heatmap.pdf",
                "multiqc/bismark/multiqc_plots/pdf/fastqc_adapter_content_plot.pdf",
                "multiqc/bismark/multiqc_plots/pdf/fastqc_overrepresented_sequences_plot.pdf",
                "multiqc/bismark/multiqc_plots/pdf/fastqc_per_base_n_content_plot.pdf",
                "multiqc/bismark/multiqc_plots/pdf/fastqc_per_base_sequence_quality_plot.pdf",
                "multiqc/bismark/multiqc_plots/pdf/fastqc_per_sequence_gc_content_plot_Counts.pdf",
                "multiqc/bismark/multiqc_plots/pdf/fastqc_per_sequence_gc_content_plot_Percentages.pdf",
                "multiqc/bismark/multiqc_plots/pdf/fastqc_per_sequence_quality_scores_plot.pdf",
                "multiqc/bismark/multiqc_plots/pdf/fastqc_sequence_counts_plot-cnt.pdf",
                "multiqc/bismark/multiqc_plots/pdf/fastqc_sequence_counts_plot-pct.pdf",
                "multiqc/bismark/multiqc_plots/pdf/fastqc_sequence_duplication_levels_plot.pdf",
                "multiqc/bismark/multiqc_plots/pdf/fastqc_top_overrepresented_sequences_table.pdf",
                "multiqc/bismark/multiqc_plots/png",
                "multiqc/bismark/multiqc_plots/png/bismark-methylation-dp.png",
                "multiqc/bismark/multiqc_plots/png/bismark_alignment-cnt.png",
                "multiqc/bismark/multiqc_plots/png/bismark_alignment-pct.png",
                "multiqc/bismark/multiqc_plots/png/bismark_deduplication-cnt.png",
                "multiqc/bismark/multiqc_plots/png/bismark_deduplication-pct.png",
                "multiqc/bismark/multiqc_plots/png/bismark_mbias_CHG_R1.png",
                "multiqc/bismark/multiqc_plots/png/bismark_mbias_CHH_R1.png",
                "multiqc/bismark/multiqc_plots/png/bismark_mbias_CpG_R1.png",
                "multiqc/bismark/multiqc_plots/png/bismark_strand_alignment-cnt.png",
                "multiqc/bismark/multiqc_plots/png/bismark_strand_alignment-pct.png",
                "multiqc/bismark/multiqc_plots/png/cutadapt_filtered_reads_plot-cnt.png",
                "multiqc/bismark/multiqc_plots/png/cutadapt_filtered_reads_plot-pct.png",
                "multiqc/bismark/multiqc_plots/png/cutadapt_trimmed_sequences_plot_3_Counts.png",
                "multiqc/bismark/multiqc_plots/png/cutadapt_trimmed_sequences_plot_3_Obs_Exp.png",
                "multiqc/bismark/multiqc_plots/png/fastqc-status-check-heatmap.png",
                "multiqc/bismark/multiqc_plots/png/fastqc_adapter_content_plot.png",
                "multiqc/bismark/multiqc_plots/png/fastqc_overrepresented_sequences_plot.png",
                "multiqc/bismark/multiqc_plots/png/fastqc_per_base_n_content_plot.png",
                "multiqc/bismark/multiqc_plots/png/fastqc_per_base_sequence_quality_plot.png",
                "multiqc/bismark/multiqc_plots/png/fastqc_per_sequence_gc_content_plot_Counts.png",
                "multiqc/bismark/multiqc_plots/png/fastqc_per_sequence_gc_content_plot_Percentages.png",
                "multiqc/bismark/multiqc_plots/png/fastqc_per_sequence_quality_scores_plot.png",
                "multiqc/bismark/multiqc_plots/png/fastqc_sequence_counts_plot-cnt.png",
                "multiqc/bismark/multiqc_plots/png/fastqc_sequence_counts_plot-pct.png",
                "multiqc/bismark/multiqc_plots/png/fastqc_sequence_duplication_levels_plot.png",
                "multiqc/bismark/multiqc_plots/png/fastqc_top_overrepresented_sequences_table.png",
                "multiqc/bismark/multiqc_plots/svg",
                "multiqc/bismark/multiqc_plots/svg/bismark-methylation-dp.svg",
                "multiqc/bismark/multiqc_plots/svg/bismark_alignment-cnt.svg",
                "multiqc/bismark/multiqc_plots/svg/bismark_alignment-pct.svg",
                "multiqc/bismark/multiqc_plots/svg/bismark_deduplication-cnt.svg",
                "multiqc/bismark/multiqc_plots/svg/bismark_deduplication-pct.svg",
                "multiqc/bismark/multiqc_plots/svg/bismark_mbias_CHG_R1.svg",
                "multiqc/bismark/multiqc_plots/svg/bismark_mbias_CHH_R1.svg",
                "multiqc/bismark/multiqc_plots/svg/bismark_mbias_CpG_R1.svg",
                "multiqc/bismark/multiqc_plots/svg/bismark_strand_alignment-cnt.svg",
                "multiqc/bismark/multiqc_plots/svg/bismark_strand_alignment-pct.svg",
                "multiqc/bismark/multiqc_plots/svg/cutadapt_filtered_reads_plot-cnt.svg",
                "multiqc/bismark/multiqc_plots/svg/cutadapt_filtered_reads_plot-pct.svg",
                "multiqc/bismark/multiqc_plots/svg/cutadapt_trimmed_sequences_plot_3_Counts.svg",
                "multiqc/bismark/multiqc_plots/svg/cutadapt_trimmed_sequences_plot_3_Obs_Exp.svg",
                "multiqc/bismark/multiqc_plots/svg/fastqc-status-check-heatmap.svg",
                "multiqc/bismark/multiqc_plots/svg/fastqc_adapter_content_plot.svg",
                "multiqc/bismark/multiqc_plots/svg/fastqc_overrepresented_sequences_plot.svg",
                "multiqc/bismark/multiqc_plots/svg/fastqc_per_base_n_content_plot.svg",
                "multiqc/bismark/multiqc_plots/svg/fastqc_per_base_sequence_quality_plot.svg",
                "multiqc/bismark/multiqc_plots/svg/fastqc_per_sequence_gc_content_plot_Counts.svg",
                "multiqc/bismark/multiqc_plots/svg/fastqc_per_sequence_gc_content_plot_Percentages.svg",
                "multiqc/bismark/multiqc_plots/svg/fastqc_per_sequence_quality_scores_plot.svg",
                "multiqc/bismark/multiqc_plots/svg/fastqc_sequence_counts_plot-cnt.svg",
                "multiqc/bismark/multiqc_plots/svg/fastqc_sequence_counts_plot-pct.svg",
                "multiqc/bismark/multiqc_plots/svg/fastqc_sequence_duplication_levels_plot.svg",
                "multiqc/bismark/multiqc_plots/svg/fastqc_top_overrepresented_sequences_table.svg",
                "multiqc/bismark/multiqc_report.html",
                "pipeline_info",
                "pipeline_info/nf_core_methylseq_software_mqc_versions.yml",
                "trimgalore",
                "trimgalore/fastqc",
                "trimgalore/fastqc/Ecoli_10K_methylated_1_val_1_fastqc.html",
                "trimgalore/fastqc/Ecoli_10K_methylated_2_val_2_fastqc.html",
                "trimgalore/fastqc/SRR389222_sub1_trimmed_fastqc.html",
                "trimgalore/fastqc/SRR389222_sub2_trimmed_fastqc.html",
                "trimgalore/fastqc/SRR389222_sub3_trimmed_fastqc.html",
                "trimgalore/fastqc/zips",
                "trimgalore/fastqc/zips/Ecoli_10K_methylated_1_val_1_fastqc.zip",
                "trimgalore/fastqc/zips/Ecoli_10K_methylated_2_val_2_fastqc.zip",
                "trimgalore/fastqc/zips/SRR389222_sub1_trimmed_fastqc.zip",
                "trimgalore/fastqc/zips/SRR389222_sub2_trimmed_fastqc.zip",
                "trimgalore/fastqc/zips/SRR389222_sub3_trimmed_fastqc.zip",
                "trimgalore/logs",
                "trimgalore/logs/Ecoli_10K_methylated_1.fastq.gz_trimming_report.txt",
                "trimgalore/logs/Ecoli_10K_methylated_2.fastq.gz_trimming_report.txt",
                "trimgalore/logs/SRR389222_sub1.fastq.gz_trimming_report.txt",
                "trimgalore/logs/SRR389222_sub2.fastq.gz_trimming_report.txt",
                "trimgalore/logs/SRR389222_sub3.fastq.gz_trimming_report.txt"
            ],
            [
                "SRR389222_sub1_trimmed_bismark_bt2.deduplicated.bedGraph.gz:md5,d31df76c1c9128299367ebfe740357b9",
                "SRR389222_sub1_trimmed_bismark_bt2.deduplicated.M-bias.txt:md5,ed28b3cce432eecfae73bc4a071ec4ee",
                "CHG_OB_SRR389222_sub1_trimmed_bismark_bt2.deduplicated.txt.gz:md5,5c177e6f00dfc6e2335a55c6b70efa0c",
                "CHG_OT_SRR389222_sub1_trimmed_bismark_bt2.deduplicated.txt.gz:md5,483aefddd7bf8426850109f077fa966b",
                "CHH_OB_SRR389222_sub1_trimmed_bismark_bt2.deduplicated.txt.gz:md5,9469ac28e4369032b855ce1a794a56a4",
                "CHH_OT_SRR389222_sub1_trimmed_bismark_bt2.deduplicated.txt.gz:md5,aa6ed81df517be3a61e787dea65282a9",
                "CpG_OB_SRR389222_sub1_trimmed_bismark_bt2.deduplicated.txt.gz:md5,f0404fc1fc18c7ff58e8766b405239ed",
                "CpG_OT_SRR389222_sub1_trimmed_bismark_bt2.deduplicated.txt.gz:md5,d031ae437256c87d12ed9d9049c30c9a",
                "SRR389222_sub1_trimmed_bismark_bt2.deduplicated.bismark.cov.gz:md5,5377d9fff4f1bf5b98dc2310fbeb6ec9",
                "SRR389222_sub1_trimmed_bismark_bt2.deduplicated_splitting_report.txt:md5,94f18ee855566ef9842b4909e3d3dd88",
                "BETA-multiqc.parquet:md5,f7dadae20210ca3b9e1cc75ec12d7802",
                "bismark-methylation-dp.txt:md5,0abd8b021f0bb726d0f491c0508dad5d",
                "bismark_alignment.txt:md5,f0f5e154f251e09fd716df7edd42882f",
                "bismark_deduplication.txt:md5,e04c3f43638d5937f305994ec7b476ad",
                "bismark_mbias_CHG_R1.txt:md5,5264a3880a4d561443e73010ff023ec2",
                "bismark_mbias_CHH_R1.txt:md5,173c7525b371911c5fad5417e0141114",
                "bismark_mbias_CpG_R1.txt:md5,bae6d3f055c9f286cbb6d1d62ac058ea",
                "bismark_strand_alignment.txt:md5,e9e7815625df05f2e7d7817c5bf04e8a",
                "cutadapt_filtered_reads_plot.txt:md5,ff1b6d4011a5be5410b9404f7ff56c56",
                "cutadapt_trimmed_sequences_plot_3_Counts.txt:md5,57d07c19b0c30dc88df96c30bedcdc33",
                "cutadapt_trimmed_sequences_plot_3_Obs_Exp.txt:md5,1e5ca4193f8290c5c812334d03615b41",
                "fastqc-status-check-heatmap.txt:md5,218c2a7efbb9c02f652fa78fc739c866",
                "fastqc_adapter_content_plot.txt:md5,48d8bd5ece984a74972ce0a0e814dd07",
                "fastqc_overrepresented_sequences_plot.txt:md5,9c4b7064950b5b2c486d556984f21e9e",
                "fastqc_per_base_n_content_plot.txt:md5,019d5cd4f61a31f4e7016140ca8ee36e",
                "fastqc_per_base_sequence_quality_plot.txt:md5,e4c7d522114eab9bc9101e7ee9d83c8f",
                "fastqc_per_sequence_gc_content_plot_Counts.txt:md5,302659bee8a02b6a38b24fe25f8eaa87",
                "fastqc_per_sequence_gc_content_plot_Percentages.txt:md5,c75b396eb5dda8682fb1652a9b2e92a3",
                "fastqc_per_sequence_quality_scores_plot.txt:md5,548c593f4a8be2d8627fc3bd1c280611",
                "fastqc_sequence_counts_plot.txt:md5,58eeeb06bc9dcc1764c7daf0847d6bbf",
                "fastqc_sequence_duplication_levels_plot.txt:md5,9e5712db9aa39b5754ea1e0c49cfff15",
                "fastqc_top_overrepresented_sequences_table.txt:md5,6dfc5334a09c05392ea17369aa742d01",
                "multiqc_bismark_alignment.txt:md5,243789f254ed9f974f95e224910241b1",
                "multiqc_bismark_dedup.txt:md5,b0dccefeee66fa0c1241a6d0f24962a3",
                "multiqc_bismark_methextract.txt:md5,3be85163a31ef924a861e521a4c24536",
                "multiqc_citations.txt:md5,73a6d29705d5a07f17f99c92e3a0f148",
                "multiqc_cutadapt.txt:md5,883891ac4901385102be053212068732"
            ],
            [
                [
                    "SRR389222_sub1.deduplicated.sorted.bam",
                    "3f11ef5fbbda3797fd6217728e4f00d3"
                ]
            ]
        ],
        "meta": {
            "nf-test": "0.9.2",
            "nextflow": "25.04.4"
        },
        "timestamp": "2025-06-17T12:19:55.122518967"
    }
}