{
    "Params: bwameth | rrbs": {
        "content": [
            39,
            {
                "BWAMETH_ALIGN": {
                    "bwameth": "0.2.7"
                },
                "BWAMETH_INDEX": {
                    "bwameth": "0.2.7"
                },
                "FASTQC": {
                    "fastqc": "0.12.1"
                },
                "GUNZIP": {
                    "gunzip": 1.13
                },
                "TRIMGALORE": {
                    "trimgalore": "0.6.10",
                    "cutadapt": 4.9,
                    "pigz": 2.8
                },
                "Workflow": {
                    "nf-core/methylseq": "v3.1.0dev"
                }
            },
            [
                "bwameth",
                "bwameth/alignments",
                "bwameth/alignments/samtools_stats",
                "bwameth/alignments/samtools_stats/Ecoli_10K_methylated.flagstat",
                "bwameth/alignments/samtools_stats/Ecoli_10K_methylated.stats",
                "bwameth/alignments/samtools_stats/SRR389222_sub1.flagstat",
                "bwameth/alignments/samtools_stats/SRR389222_sub1.stats",
                "bwameth/alignments/samtools_stats/SRR389222_sub2.flagstat",
                "bwameth/alignments/samtools_stats/SRR389222_sub2.stats",
                "bwameth/alignments/samtools_stats/SRR389222_sub3.flagstat",
                "bwameth/alignments/samtools_stats/SRR389222_sub3.stats",
                "bwameth/deduplicated",
                "bwameth/deduplicated/Ecoli_10K_methylated.deduplicated.sorted.bam",
                "bwameth/deduplicated/SRR389222_sub1.deduplicated.sorted.bam",
                "bwameth/deduplicated/SRR389222_sub2.deduplicated.sorted.bam",
                "bwameth/deduplicated/SRR389222_sub3.deduplicated.sorted.bam",
                "fastqc",
                "fastqc/Ecoli_10K_methylated_1_fastqc.html",
                "fastqc/Ecoli_10K_methylated_2_fastqc.html",
                "fastqc/SRR389222_sub1_fastqc.html",
                "fastqc/SRR389222_sub2_fastqc.html",
                "fastqc/SRR389222_sub3_fastqc.html",
                "fastqc/zips",
                "fastqc/zips/Ecoli_10K_methylated_1_fastqc.zip",
                "fastqc/zips/Ecoli_10K_methylated_2_fastqc.zip",
                "fastqc/zips/SRR389222_sub1_fastqc.zip",
                "fastqc/zips/SRR389222_sub2_fastqc.zip",
                "fastqc/zips/SRR389222_sub3_fastqc.zip",
                "methyldackel",
                "methyldackel/Ecoli_10K_methylated.deduplicated.sorted_CpG.bedGraph",
                "methyldackel/SRR389222_sub1.deduplicated.sorted_CpG.bedGraph",
                "methyldackel/SRR389222_sub2.deduplicated.sorted_CpG.bedGraph",
                "methyldackel/SRR389222_sub3.deduplicated.sorted_CpG.bedGraph",
                "methyldackel/mbias",
                "methyldackel/mbias/Ecoli_10K_methylated.mbias.txt",
                "methyldackel/mbias/SRR389222_sub1.mbias.txt",
                "methyldackel/mbias/SRR389222_sub2.mbias.txt",
                "methyldackel/mbias/SRR389222_sub3.mbias.txt",
                "multiqc",
                "multiqc/bwameth",
                "multiqc/bwameth/multiqc_data",
                "multiqc/bwameth/multiqc_data/cutadapt_filtered_reads_plot.txt",
                "multiqc/bwameth/multiqc_data/cutadapt_trimmed_sequences_plot_3_Counts.txt",
                "multiqc/bwameth/multiqc_data/cutadapt_trimmed_sequences_plot_3_Obs_Exp.txt",
                "multiqc/bwameth/multiqc_data/fastqc-status-check-heatmap.txt",
                "multiqc/bwameth/multiqc_data/fastqc_adapter_content_plot.txt",
                "multiqc/bwameth/multiqc_data/fastqc_overrepresented_sequences_plot.txt",
                "multiqc/bwameth/multiqc_data/fastqc_per_base_n_content_plot.txt",
                "multiqc/bwameth/multiqc_data/fastqc_per_base_sequence_quality_plot.txt",
                "multiqc/bwameth/multiqc_data/fastqc_per_sequence_gc_content_plot_Counts.txt",
                "multiqc/bwameth/multiqc_data/fastqc_per_sequence_gc_content_plot_Percentages.txt",
                "multiqc/bwameth/multiqc_data/fastqc_per_sequence_quality_scores_plot.txt",
                "multiqc/bwameth/multiqc_data/fastqc_sequence_counts_plot.txt",
                "multiqc/bwameth/multiqc_data/fastqc_sequence_duplication_levels_plot.txt",
                "multiqc/bwameth/multiqc_data/fastqc_top_overrepresented_sequences_table.txt",
                "multiqc/bwameth/multiqc_data/multiqc.log",
                "multiqc/bwameth/multiqc_data/multiqc_citations.txt",
                "multiqc/bwameth/multiqc_data/multiqc_cutadapt.txt",
                "multiqc/bwameth/multiqc_data/multiqc_data.json",
                "multiqc/bwameth/multiqc_data/multiqc_fastqc.txt",
                "multiqc/bwameth/multiqc_data/multiqc_general_stats.txt",
                "multiqc/bwameth/multiqc_data/multiqc_samtools_flagstat.txt",
                "multiqc/bwameth/multiqc_data/multiqc_samtools_stats.txt",
                "multiqc/bwameth/multiqc_data/multiqc_software_versions.txt",
                "multiqc/bwameth/multiqc_data/multiqc_sources.txt",
                "multiqc/bwameth/multiqc_data/samtools-flagstat-dp_Percentage_of_total.txt",
                "multiqc/bwameth/multiqc_data/samtools-flagstat-dp_Read_counts.txt",
                "multiqc/bwameth/multiqc_data/samtools-stats-dp.txt",
                "multiqc/bwameth/multiqc_data/samtools_alignment_plot.txt",
                "multiqc/bwameth/multiqc_plots",
                "multiqc/bwameth/multiqc_plots/pdf",
                "multiqc/bwameth/multiqc_plots/pdf/cutadapt_filtered_reads_plot-cnt.pdf",
                "multiqc/bwameth/multiqc_plots/pdf/cutadapt_filtered_reads_plot-pct.pdf",
                "multiqc/bwameth/multiqc_plots/pdf/cutadapt_trimmed_sequences_plot_3_Counts.pdf",
                "multiqc/bwameth/multiqc_plots/pdf/cutadapt_trimmed_sequences_plot_3_Obs_Exp.pdf",
                "multiqc/bwameth/multiqc_plots/pdf/fastqc-status-check-heatmap.pdf",
                "multiqc/bwameth/multiqc_plots/pdf/fastqc_adapter_content_plot.pdf",
                "multiqc/bwameth/multiqc_plots/pdf/fastqc_overrepresented_sequences_plot.pdf",
                "multiqc/bwameth/multiqc_plots/pdf/fastqc_per_base_n_content_plot.pdf",
                "multiqc/bwameth/multiqc_plots/pdf/fastqc_per_base_sequence_quality_plot.pdf",
                "multiqc/bwameth/multiqc_plots/pdf/fastqc_per_sequence_gc_content_plot_Counts.pdf",
                "multiqc/bwameth/multiqc_plots/pdf/fastqc_per_sequence_gc_content_plot_Percentages.pdf",
                "multiqc/bwameth/multiqc_plots/pdf/fastqc_per_sequence_quality_scores_plot.pdf",
                "multiqc/bwameth/multiqc_plots/pdf/fastqc_sequence_counts_plot-cnt.pdf",
                "multiqc/bwameth/multiqc_plots/pdf/fastqc_sequence_counts_plot-pct.pdf",
                "multiqc/bwameth/multiqc_plots/pdf/fastqc_sequence_duplication_levels_plot.pdf",
                "multiqc/bwameth/multiqc_plots/pdf/fastqc_top_overrepresented_sequences_table.pdf",
                "multiqc/bwameth/multiqc_plots/pdf/general_stats_table.pdf",
                "multiqc/bwameth/multiqc_plots/pdf/samtools-flagstat-dp_Percentage_of_total.pdf",
                "multiqc/bwameth/multiqc_plots/pdf/samtools-flagstat-dp_Read_counts.pdf",
                "multiqc/bwameth/multiqc_plots/pdf/samtools-stats-dp.pdf",
                "multiqc/bwameth/multiqc_plots/pdf/samtools_alignment_plot-cnt.pdf",
                "multiqc/bwameth/multiqc_plots/pdf/samtools_alignment_plot-pct.pdf",
                "multiqc/bwameth/multiqc_plots/png",
                "multiqc/bwameth/multiqc_plots/png/cutadapt_filtered_reads_plot-cnt.png",
                "multiqc/bwameth/multiqc_plots/png/cutadapt_filtered_reads_plot-pct.png",
                "multiqc/bwameth/multiqc_plots/png/cutadapt_trimmed_sequences_plot_3_Counts.png",
                "multiqc/bwameth/multiqc_plots/png/cutadapt_trimmed_sequences_plot_3_Obs_Exp.png",
                "multiqc/bwameth/multiqc_plots/png/fastqc-status-check-heatmap.png",
                "multiqc/bwameth/multiqc_plots/png/fastqc_adapter_content_plot.png",
                "multiqc/bwameth/multiqc_plots/png/fastqc_overrepresented_sequences_plot.png",
                "multiqc/bwameth/multiqc_plots/png/fastqc_per_base_n_content_plot.png",
                "multiqc/bwameth/multiqc_plots/png/fastqc_per_base_sequence_quality_plot.png",
                "multiqc/bwameth/multiqc_plots/png/fastqc_per_sequence_gc_content_plot_Counts.png",
                "multiqc/bwameth/multiqc_plots/png/fastqc_per_sequence_gc_content_plot_Percentages.png",
                "multiqc/bwameth/multiqc_plots/png/fastqc_per_sequence_quality_scores_plot.png",
                "multiqc/bwameth/multiqc_plots/png/fastqc_sequence_counts_plot-cnt.png",
                "multiqc/bwameth/multiqc_plots/png/fastqc_sequence_counts_plot-pct.png",
                "multiqc/bwameth/multiqc_plots/png/fastqc_sequence_duplication_levels_plot.png",
                "multiqc/bwameth/multiqc_plots/png/fastqc_top_overrepresented_sequences_table.png",
                "multiqc/bwameth/multiqc_plots/png/general_stats_table.png",
                "multiqc/bwameth/multiqc_plots/png/samtools-flagstat-dp_Percentage_of_total.png",
                "multiqc/bwameth/multiqc_plots/png/samtools-flagstat-dp_Read_counts.png",
                "multiqc/bwameth/multiqc_plots/png/samtools-stats-dp.png",
                "multiqc/bwameth/multiqc_plots/png/samtools_alignment_plot-cnt.png",
                "multiqc/bwameth/multiqc_plots/png/samtools_alignment_plot-pct.png",
                "multiqc/bwameth/multiqc_plots/svg",
                "multiqc/bwameth/multiqc_plots/svg/cutadapt_filtered_reads_plot-cnt.svg",
                "multiqc/bwameth/multiqc_plots/svg/cutadapt_filtered_reads_plot-pct.svg",
                "multiqc/bwameth/multiqc_plots/svg/cutadapt_trimmed_sequences_plot_3_Counts.svg",
                "multiqc/bwameth/multiqc_plots/svg/cutadapt_trimmed_sequences_plot_3_Obs_Exp.svg",
                "multiqc/bwameth/multiqc_plots/svg/fastqc-status-check-heatmap.svg",
                "multiqc/bwameth/multiqc_plots/svg/fastqc_adapter_content_plot.svg",
                "multiqc/bwameth/multiqc_plots/svg/fastqc_overrepresented_sequences_plot.svg",
                "multiqc/bwameth/multiqc_plots/svg/fastqc_per_base_n_content_plot.svg",
                "multiqc/bwameth/multiqc_plots/svg/fastqc_per_base_sequence_quality_plot.svg",
                "multiqc/bwameth/multiqc_plots/svg/fastqc_per_sequence_gc_content_plot_Counts.svg",
                "multiqc/bwameth/multiqc_plots/svg/fastqc_per_sequence_gc_content_plot_Percentages.svg",
                "multiqc/bwameth/multiqc_plots/svg/fastqc_per_sequence_quality_scores_plot.svg",
                "multiqc/bwameth/multiqc_plots/svg/fastqc_sequence_counts_plot-cnt.svg",
                "multiqc/bwameth/multiqc_plots/svg/fastqc_sequence_counts_plot-pct.svg",
                "multiqc/bwameth/multiqc_plots/svg/fastqc_sequence_duplication_levels_plot.svg",
                "multiqc/bwameth/multiqc_plots/svg/fastqc_top_overrepresented_sequences_table.svg",
                "multiqc/bwameth/multiqc_plots/svg/general_stats_table.svg",
                "multiqc/bwameth/multiqc_plots/svg/samtools-flagstat-dp_Percentage_of_total.svg",
                "multiqc/bwameth/multiqc_plots/svg/samtools-flagstat-dp_Read_counts.svg",
                "multiqc/bwameth/multiqc_plots/svg/samtools-stats-dp.svg",
                "multiqc/bwameth/multiqc_plots/svg/samtools_alignment_plot-cnt.svg",
                "multiqc/bwameth/multiqc_plots/svg/samtools_alignment_plot-pct.svg",
                "multiqc/bwameth/multiqc_report.html",
                "pipeline_info",
                "pipeline_info/nf_core_methylseq_software_mqc_versions.yml",
                "trimgalore",
                "trimgalore/fastqc",
                "trimgalore/fastqc/Ecoli_10K_methylated_1_val_1_fastqc.html",
                "trimgalore/fastqc/Ecoli_10K_methylated_2_val_2_fastqc.html",
                "trimgalore/fastqc/SRR389222_sub1_trimmed_fastqc.html",
                "trimgalore/fastqc/SRR389222_sub2_trimmed_fastqc.html",
                "trimgalore/fastqc/SRR389222_sub3_trimmed_fastqc.html",
                "trimgalore/fastqc/zips",
                "trimgalore/fastqc/zips/Ecoli_10K_methylated_1_val_1_fastqc.zip",
                "trimgalore/fastqc/zips/Ecoli_10K_methylated_2_val_2_fastqc.zip",
                "trimgalore/fastqc/zips/SRR389222_sub1_trimmed_fastqc.zip",
                "trimgalore/fastqc/zips/SRR389222_sub2_trimmed_fastqc.zip",
                "trimgalore/fastqc/zips/SRR389222_sub3_trimmed_fastqc.zip",
                "trimgalore/logs",
                "trimgalore/logs/Ecoli_10K_methylated_1.fastq.gz_trimming_report.txt",
                "trimgalore/logs/Ecoli_10K_methylated_2.fastq.gz_trimming_report.txt",
                "trimgalore/logs/SRR389222_sub1.fastq.gz_trimming_report.txt",
                "trimgalore/logs/SRR389222_sub2.fastq.gz_trimming_report.txt",
                "trimgalore/logs/SRR389222_sub3.fastq.gz_trimming_report.txt"
            ],
            [
                "Ecoli_10K_methylated.flagstat:md5,c6a9a8b50c5e1d239071a8b75bc63b4f",
                "Ecoli_10K_methylated.stats:md5,b0f5b95cf23935f12ccfcba960cc350f",
                "SRR389222_sub1.flagstat:md5,cccae088e2f8686b890d019b60f63065",
                "SRR389222_sub1.stats:md5,3ca5f1e6e587768302b3e1c54ea42121",
                "SRR389222_sub2.flagstat:md5,403af1bed1e3e96f5e04d65e96728828",
                "SRR389222_sub2.stats:md5,4b3589d2d54ec6fdc7fc4726723c698d",
                "SRR389222_sub3.flagstat:md5,73a5cb246f6388d5d449775d6e35f5fa",
                "SRR389222_sub3.stats:md5,249976d67f53ea30f09f51d98b811f50",
                "Ecoli_10K_methylated.deduplicated.sorted_CpG.bedGraph:md5,aa55074c144aa6eaa184480038c75932",
                "SRR389222_sub1.deduplicated.sorted_CpG.bedGraph:md5,9e9e6922a8d99881874d299bfd7af5de",
                "SRR389222_sub2.deduplicated.sorted_CpG.bedGraph:md5,d6c973d9fa7c6bc5f47141d14c18a105",
                "SRR389222_sub3.deduplicated.sorted_CpG.bedGraph:md5,0ce36f42cc865eb59c7c6fd43d016d2c",
                "Ecoli_10K_methylated.mbias.txt:md5,7fb217502c2f3ae955bdfd744b6cbb72",
                "SRR389222_sub1.mbias.txt:md5,fce04d733e066d0b933cedc602e2af81",
                "SRR389222_sub2.mbias.txt:md5,fce04d733e066d0b933cedc602e2af81",
                "SRR389222_sub3.mbias.txt:md5,fce04d733e066d0b933cedc602e2af81",
                "cutadapt_filtered_reads_plot.txt:md5,ff1b6d4011a5be5410b9404f7ff56c56",
                "cutadapt_trimmed_sequences_plot_3_Counts.txt:md5,57d07c19b0c30dc88df96c30bedcdc33",
                "cutadapt_trimmed_sequences_plot_3_Obs_Exp.txt:md5,1e5ca4193f8290c5c812334d03615b41",
                "fastqc-status-check-heatmap.txt:md5,218c2a7efbb9c02f652fa78fc739c866",
                "fastqc_adapter_content_plot.txt:md5,48d8bd5ece984a74972ce0a0e814dd07",
                "fastqc_overrepresented_sequences_plot.txt:md5,9c4b7064950b5b2c486d556984f21e9e",
                "fastqc_per_base_n_content_plot.txt:md5,019d5cd4f61a31f4e7016140ca8ee36e",
                "fastqc_per_base_sequence_quality_plot.txt:md5,e4c7d522114eab9bc9101e7ee9d83c8f",
                "fastqc_per_sequence_gc_content_plot_Counts.txt:md5,302659bee8a02b6a38b24fe25f8eaa87",
                "fastqc_per_sequence_gc_content_plot_Percentages.txt:md5,c75b396eb5dda8682fb1652a9b2e92a3",
                "fastqc_per_sequence_quality_scores_plot.txt:md5,548c593f4a8be2d8627fc3bd1c280611",
                "fastqc_sequence_counts_plot.txt:md5,58eeeb06bc9dcc1764c7daf0847d6bbf",
                "fastqc_sequence_duplication_levels_plot.txt:md5,9e5712db9aa39b5754ea1e0c49cfff15",
                "fastqc_top_overrepresented_sequences_table.txt:md5,6dfc5334a09c05392ea17369aa742d01",
                "multiqc_citations.txt:md5,ad6c1e326b4276501a3b42eaad747de1",
                "multiqc_cutadapt.txt:md5,8752cce2e7320f49516e897c60487831",
                "multiqc_samtools_flagstat.txt:md5,4389e377eb1db8dde26b0e8db6589c2d",
                "multiqc_samtools_stats.txt:md5,b4e91ee865286567c1c3d9e7dbf00166",
                "samtools-flagstat-dp_Percentage_of_total.txt:md5,6b61188e70378467e23174bd12b1aaaa",
                "samtools-flagstat-dp_Read_counts.txt:md5,1491440de94dc58b28ca8f61d893a710",
                "samtools-stats-dp.txt:md5,deab74e7245766aab6b2284492959fed",
                "samtools_alignment_plot.txt:md5,e10b792693e5a69776f623f5f7de647e"
            ],
            [
                [
                    "Ecoli_10K_methylated.deduplicated.sorted.bam",
                    "8039fd2db60f8ca71daa444e62411f53"
                ],
                [
                    "SRR389222_sub1.deduplicated.sorted.bam",
                    "a75ccc7cde779aac54662b03e5c01fe0"
                ],
                [
                    "SRR389222_sub2.deduplicated.sorted.bam",
                    "82d2a7df2d4cb1ed2ea1e0456aff1cb"
                ],
                [
                    "SRR389222_sub3.deduplicated.sorted.bam",
                    "7856b5549c566fb795c46f0674e069e1"
                ]
            ]
        ],
        "meta": {
            "nf-test": "0.9.2",
            "nextflow": "24.10.5"
        },
        "timestamp": "2025-03-25T05:23:04.180735615"
    }
}