{
    "Params: bwameth | run_qualimap": {
        "content": [
            51,
            {
                "BWAMETH_ALIGN": {
                    "bwameth": "0.2.7"
                },
                "BWAMETH_INDEX": {
                    "bwameth": "0.2.7"
                },
                "FASTQC": {
                    "fastqc": "0.12.1"
                },
                "GUNZIP": {
                    "gunzip": 1.13
                },
                "QUALIMAP_BAMQC": {
                    "qualimap": 2.3
                },
                "TRIMGALORE": {
                    "trimgalore": "0.6.10",
                    "cutadapt": 4.9,
                    "pigz": 2.8
                },
                "Workflow": {
                    "nf-core/methylseq": "v3.1.0dev"
                }
            },
            [
                "bwameth",
                "bwameth/alignments",
                "bwameth/alignments/samtools_stats",
                "bwameth/alignments/samtools_stats/Ecoli_10K_methylated.flagstat",
                "bwameth/alignments/samtools_stats/Ecoli_10K_methylated.stats",
                "bwameth/alignments/samtools_stats/SRR389222_sub1.flagstat",
                "bwameth/alignments/samtools_stats/SRR389222_sub1.stats",
                "bwameth/alignments/samtools_stats/SRR389222_sub2.flagstat",
                "bwameth/alignments/samtools_stats/SRR389222_sub2.stats",
                "bwameth/alignments/samtools_stats/SRR389222_sub3.flagstat",
                "bwameth/alignments/samtools_stats/SRR389222_sub3.stats",
                "bwameth/deduplicated",
                "bwameth/deduplicated/Ecoli_10K_methylated.deduplicated.sorted.bam",
                "bwameth/deduplicated/Ecoli_10K_methylated.markdup.sorted.bam",
                "bwameth/deduplicated/Ecoli_10K_methylated.markdup.sorted.bam.bai",
                "bwameth/deduplicated/SRR389222_sub1.deduplicated.sorted.bam",
                "bwameth/deduplicated/SRR389222_sub1.markdup.sorted.bam",
                "bwameth/deduplicated/SRR389222_sub1.markdup.sorted.bam.bai",
                "bwameth/deduplicated/SRR389222_sub2.deduplicated.sorted.bam",
                "bwameth/deduplicated/SRR389222_sub2.markdup.sorted.bam",
                "bwameth/deduplicated/SRR389222_sub2.markdup.sorted.bam.bai",
                "bwameth/deduplicated/SRR389222_sub3.deduplicated.sorted.bam",
                "bwameth/deduplicated/SRR389222_sub3.markdup.sorted.bam",
                "bwameth/deduplicated/SRR389222_sub3.markdup.sorted.bam.bai",
                "bwameth/deduplicated/picard_metrics",
                "bwameth/deduplicated/picard_metrics/Ecoli_10K_methylated.markdup.sorted.MarkDuplicates.metrics.txt",
                "bwameth/deduplicated/picard_metrics/SRR389222_sub1.markdup.sorted.MarkDuplicates.metrics.txt",
                "bwameth/deduplicated/picard_metrics/SRR389222_sub2.markdup.sorted.MarkDuplicates.metrics.txt",
                "bwameth/deduplicated/picard_metrics/SRR389222_sub3.markdup.sorted.MarkDuplicates.metrics.txt",
                "bwameth/qualimap",
                "bwameth/qualimap/bamqc",
                "bwameth/qualimap/bamqc/Ecoli_10K_methylated",
                "bwameth/qualimap/bamqc/Ecoli_10K_methylated/css",
                "bwameth/qualimap/bamqc/Ecoli_10K_methylated/css/agogo.css",
                "bwameth/qualimap/bamqc/Ecoli_10K_methylated/css/ajax-loader.gif",
                "bwameth/qualimap/bamqc/Ecoli_10K_methylated/css/basic.css",
                "bwameth/qualimap/bamqc/Ecoli_10K_methylated/css/bgfooter.png",
                "bwameth/qualimap/bamqc/Ecoli_10K_methylated/css/bgtop.png",
                "bwameth/qualimap/bamqc/Ecoli_10K_methylated/css/comment-bright.png",
                "bwameth/qualimap/bamqc/Ecoli_10K_methylated/css/comment-close.png",
                "bwameth/qualimap/bamqc/Ecoli_10K_methylated/css/comment.png",
                "bwameth/qualimap/bamqc/Ecoli_10K_methylated/css/doctools.js",
                "bwameth/qualimap/bamqc/Ecoli_10K_methylated/css/down-pressed.png",
                "bwameth/qualimap/bamqc/Ecoli_10K_methylated/css/down.png",
                "bwameth/qualimap/bamqc/Ecoli_10K_methylated/css/file.png",
                "bwameth/qualimap/bamqc/Ecoli_10K_methylated/css/jquery.js",
                "bwameth/qualimap/bamqc/Ecoli_10K_methylated/css/minus.png",
                "bwameth/qualimap/bamqc/Ecoli_10K_methylated/css/plus.png",
                "bwameth/qualimap/bamqc/Ecoli_10K_methylated/css/pygments.css",
                "bwameth/qualimap/bamqc/Ecoli_10K_methylated/css/qualimap_logo_small.png",
                "bwameth/qualimap/bamqc/Ecoli_10K_methylated/css/report.css",
                "bwameth/qualimap/bamqc/Ecoli_10K_methylated/css/searchtools.js",
                "bwameth/qualimap/bamqc/Ecoli_10K_methylated/css/underscore.js",
                "bwameth/qualimap/bamqc/Ecoli_10K_methylated/css/up-pressed.png",
                "bwameth/qualimap/bamqc/Ecoli_10K_methylated/css/up.png",
                "bwameth/qualimap/bamqc/Ecoli_10K_methylated/css/websupport.js",
                "bwameth/qualimap/bamqc/Ecoli_10K_methylated/genome_results.txt",
                "bwameth/qualimap/bamqc/Ecoli_10K_methylated/images_qualimapReport",
                "bwameth/qualimap/bamqc/Ecoli_10K_methylated/images_qualimapReport/genome_coverage_0to50_histogram.png",
                "bwameth/qualimap/bamqc/Ecoli_10K_methylated/images_qualimapReport/genome_coverage_across_reference.png",
                "bwameth/qualimap/bamqc/Ecoli_10K_methylated/images_qualimapReport/genome_coverage_histogram.png",
                "bwameth/qualimap/bamqc/Ecoli_10K_methylated/images_qualimapReport/genome_coverage_quotes.png",
                "bwameth/qualimap/bamqc/Ecoli_10K_methylated/images_qualimapReport/genome_gc_content_per_window.png",
                "bwameth/qualimap/bamqc/Ecoli_10K_methylated/images_qualimapReport/genome_homopolymer_indels.png",
                "bwameth/qualimap/bamqc/Ecoli_10K_methylated/images_qualimapReport/genome_insert_size_across_reference.png",
                "bwameth/qualimap/bamqc/Ecoli_10K_methylated/images_qualimapReport/genome_insert_size_histogram.png",
                "bwameth/qualimap/bamqc/Ecoli_10K_methylated/images_qualimapReport/genome_mapping_quality_across_reference.png",
                "bwameth/qualimap/bamqc/Ecoli_10K_methylated/images_qualimapReport/genome_mapping_quality_histogram.png",
                "bwameth/qualimap/bamqc/Ecoli_10K_methylated/images_qualimapReport/genome_reads_clipping_profile.png",
                "bwameth/qualimap/bamqc/Ecoli_10K_methylated/images_qualimapReport/genome_reads_content_per_read_position.png",
                "bwameth/qualimap/bamqc/Ecoli_10K_methylated/images_qualimapReport/genome_uniq_read_starts_histogram.png",
                "bwameth/qualimap/bamqc/Ecoli_10K_methylated/qualimapReport.html",
                "bwameth/qualimap/bamqc/Ecoli_10K_methylated/raw_data_qualimapReport",
                "bwameth/qualimap/bamqc/Ecoli_10K_methylated/raw_data_qualimapReport/coverage_across_reference.txt",
                "bwameth/qualimap/bamqc/Ecoli_10K_methylated/raw_data_qualimapReport/coverage_histogram.txt",
                "bwameth/qualimap/bamqc/Ecoli_10K_methylated/raw_data_qualimapReport/duplication_rate_histogram.txt",
                "bwameth/qualimap/bamqc/Ecoli_10K_methylated/raw_data_qualimapReport/genome_fraction_coverage.txt",
                "bwameth/qualimap/bamqc/Ecoli_10K_methylated/raw_data_qualimapReport/homopolymer_indels.txt",
                "bwameth/qualimap/bamqc/Ecoli_10K_methylated/raw_data_qualimapReport/insert_size_across_reference.txt",
                "bwameth/qualimap/bamqc/Ecoli_10K_methylated/raw_data_qualimapReport/insert_size_histogram.txt",
                "bwameth/qualimap/bamqc/Ecoli_10K_methylated/raw_data_qualimapReport/mapped_reads_clipping_profile.txt",
                "bwameth/qualimap/bamqc/Ecoli_10K_methylated/raw_data_qualimapReport/mapped_reads_gc-content_distribution.txt",
                "bwameth/qualimap/bamqc/Ecoli_10K_methylated/raw_data_qualimapReport/mapped_reads_nucleotide_content.txt",
                "bwameth/qualimap/bamqc/Ecoli_10K_methylated/raw_data_qualimapReport/mapping_quality_across_reference.txt",
                "bwameth/qualimap/bamqc/Ecoli_10K_methylated/raw_data_qualimapReport/mapping_quality_histogram.txt",
                "bwameth/qualimap/bamqc/SRR389222_sub1",
                "bwameth/qualimap/bamqc/SRR389222_sub1/css",
                "bwameth/qualimap/bamqc/SRR389222_sub1/css/agogo.css",
                "bwameth/qualimap/bamqc/SRR389222_sub1/css/ajax-loader.gif",
                "bwameth/qualimap/bamqc/SRR389222_sub1/css/basic.css",
                "bwameth/qualimap/bamqc/SRR389222_sub1/css/bgfooter.png",
                "bwameth/qualimap/bamqc/SRR389222_sub1/css/bgtop.png",
                "bwameth/qualimap/bamqc/SRR389222_sub1/css/comment-bright.png",
                "bwameth/qualimap/bamqc/SRR389222_sub1/css/comment-close.png",
                "bwameth/qualimap/bamqc/SRR389222_sub1/css/comment.png",
                "bwameth/qualimap/bamqc/SRR389222_sub1/css/doctools.js",
                "bwameth/qualimap/bamqc/SRR389222_sub1/css/down-pressed.png",
                "bwameth/qualimap/bamqc/SRR389222_sub1/css/down.png",
                "bwameth/qualimap/bamqc/SRR389222_sub1/css/file.png",
                "bwameth/qualimap/bamqc/SRR389222_sub1/css/jquery.js",
                "bwameth/qualimap/bamqc/SRR389222_sub1/css/minus.png",
                "bwameth/qualimap/bamqc/SRR389222_sub1/css/plus.png",
                "bwameth/qualimap/bamqc/SRR389222_sub1/css/pygments.css",
                "bwameth/qualimap/bamqc/SRR389222_sub1/css/qualimap_logo_small.png",
                "bwameth/qualimap/bamqc/SRR389222_sub1/css/report.css",
                "bwameth/qualimap/bamqc/SRR389222_sub1/css/searchtools.js",
                "bwameth/qualimap/bamqc/SRR389222_sub1/css/underscore.js",
                "bwameth/qualimap/bamqc/SRR389222_sub1/css/up-pressed.png",
                "bwameth/qualimap/bamqc/SRR389222_sub1/css/up.png",
                "bwameth/qualimap/bamqc/SRR389222_sub1/css/websupport.js",
                "bwameth/qualimap/bamqc/SRR389222_sub1/genome_results.txt",
                "bwameth/qualimap/bamqc/SRR389222_sub1/qualimapReport.html",
                "bwameth/qualimap/bamqc/SRR389222_sub1/raw_data_qualimapReport",
                "bwameth/qualimap/bamqc/SRR389222_sub2",
                "bwameth/qualimap/bamqc/SRR389222_sub2/css",
                "bwameth/qualimap/bamqc/SRR389222_sub2/css/agogo.css",
                "bwameth/qualimap/bamqc/SRR389222_sub2/css/ajax-loader.gif",
                "bwameth/qualimap/bamqc/SRR389222_sub2/css/basic.css",
                "bwameth/qualimap/bamqc/SRR389222_sub2/css/bgfooter.png",
                "bwameth/qualimap/bamqc/SRR389222_sub2/css/bgtop.png",
                "bwameth/qualimap/bamqc/SRR389222_sub2/css/comment-bright.png",
                "bwameth/qualimap/bamqc/SRR389222_sub2/css/comment-close.png",
                "bwameth/qualimap/bamqc/SRR389222_sub2/css/comment.png",
                "bwameth/qualimap/bamqc/SRR389222_sub2/css/doctools.js",
                "bwameth/qualimap/bamqc/SRR389222_sub2/css/down-pressed.png",
                "bwameth/qualimap/bamqc/SRR389222_sub2/css/down.png",
                "bwameth/qualimap/bamqc/SRR389222_sub2/css/file.png",
                "bwameth/qualimap/bamqc/SRR389222_sub2/css/jquery.js",
                "bwameth/qualimap/bamqc/SRR389222_sub2/css/minus.png",
                "bwameth/qualimap/bamqc/SRR389222_sub2/css/plus.png",
                "bwameth/qualimap/bamqc/SRR389222_sub2/css/pygments.css",
                "bwameth/qualimap/bamqc/SRR389222_sub2/css/qualimap_logo_small.png",
                "bwameth/qualimap/bamqc/SRR389222_sub2/css/report.css",
                "bwameth/qualimap/bamqc/SRR389222_sub2/css/searchtools.js",
                "bwameth/qualimap/bamqc/SRR389222_sub2/css/underscore.js",
                "bwameth/qualimap/bamqc/SRR389222_sub2/css/up-pressed.png",
                "bwameth/qualimap/bamqc/SRR389222_sub2/css/up.png",
                "bwameth/qualimap/bamqc/SRR389222_sub2/css/websupport.js",
                "bwameth/qualimap/bamqc/SRR389222_sub2/genome_results.txt",
                "bwameth/qualimap/bamqc/SRR389222_sub2/qualimapReport.html",
                "bwameth/qualimap/bamqc/SRR389222_sub2/raw_data_qualimapReport",
                "bwameth/qualimap/bamqc/SRR389222_sub3",
                "bwameth/qualimap/bamqc/SRR389222_sub3/css",
                "bwameth/qualimap/bamqc/SRR389222_sub3/css/agogo.css",
                "bwameth/qualimap/bamqc/SRR389222_sub3/css/ajax-loader.gif",
                "bwameth/qualimap/bamqc/SRR389222_sub3/css/basic.css",
                "bwameth/qualimap/bamqc/SRR389222_sub3/css/bgfooter.png",
                "bwameth/qualimap/bamqc/SRR389222_sub3/css/bgtop.png",
                "bwameth/qualimap/bamqc/SRR389222_sub3/css/comment-bright.png",
                "bwameth/qualimap/bamqc/SRR389222_sub3/css/comment-close.png",
                "bwameth/qualimap/bamqc/SRR389222_sub3/css/comment.png",
                "bwameth/qualimap/bamqc/SRR389222_sub3/css/doctools.js",
                "bwameth/qualimap/bamqc/SRR389222_sub3/css/down-pressed.png",
                "bwameth/qualimap/bamqc/SRR389222_sub3/css/down.png",
                "bwameth/qualimap/bamqc/SRR389222_sub3/css/file.png",
                "bwameth/qualimap/bamqc/SRR389222_sub3/css/jquery.js",
                "bwameth/qualimap/bamqc/SRR389222_sub3/css/minus.png",
                "bwameth/qualimap/bamqc/SRR389222_sub3/css/plus.png",
                "bwameth/qualimap/bamqc/SRR389222_sub3/css/pygments.css",
                "bwameth/qualimap/bamqc/SRR389222_sub3/css/qualimap_logo_small.png",
                "bwameth/qualimap/bamqc/SRR389222_sub3/css/report.css",
                "bwameth/qualimap/bamqc/SRR389222_sub3/css/searchtools.js",
                "bwameth/qualimap/bamqc/SRR389222_sub3/css/underscore.js",
                "bwameth/qualimap/bamqc/SRR389222_sub3/css/up-pressed.png",
                "bwameth/qualimap/bamqc/SRR389222_sub3/css/up.png",
                "bwameth/qualimap/bamqc/SRR389222_sub3/css/websupport.js",
                "bwameth/qualimap/bamqc/SRR389222_sub3/genome_results.txt",
                "bwameth/qualimap/bamqc/SRR389222_sub3/qualimapReport.html",
                "bwameth/qualimap/bamqc/SRR389222_sub3/raw_data_qualimapReport",
                "bwameth/qualimap/bamqc/versions.yml",
                "fastqc",
                "fastqc/Ecoli_10K_methylated_1_fastqc.html",
                "fastqc/Ecoli_10K_methylated_2_fastqc.html",
                "fastqc/SRR389222_sub1_fastqc.html",
                "fastqc/SRR389222_sub2_fastqc.html",
                "fastqc/SRR389222_sub3_fastqc.html",
                "fastqc/zips",
                "fastqc/zips/Ecoli_10K_methylated_1_fastqc.zip",
                "fastqc/zips/Ecoli_10K_methylated_2_fastqc.zip",
                "fastqc/zips/SRR389222_sub1_fastqc.zip",
                "fastqc/zips/SRR389222_sub2_fastqc.zip",
                "fastqc/zips/SRR389222_sub3_fastqc.zip",
                "methyldackel",
                "methyldackel/Ecoli_10K_methylated.markdup.sorted_CpG.bedGraph",
                "methyldackel/SRR389222_sub1.markdup.sorted_CpG.bedGraph",
                "methyldackel/SRR389222_sub2.markdup.sorted_CpG.bedGraph",
                "methyldackel/SRR389222_sub3.markdup.sorted_CpG.bedGraph",
                "methyldackel/mbias",
                "methyldackel/mbias/Ecoli_10K_methylated.mbias.txt",
                "methyldackel/mbias/SRR389222_sub1.mbias.txt",
                "methyldackel/mbias/SRR389222_sub2.mbias.txt",
                "methyldackel/mbias/SRR389222_sub3.mbias.txt",
                "multiqc",
                "multiqc/bwameth",
                "multiqc/bwameth/multiqc_data",
                "multiqc/bwameth/multiqc_data/cutadapt_filtered_reads_plot.txt",
                "multiqc/bwameth/multiqc_data/cutadapt_trimmed_sequences_plot_3_Counts.txt",
                "multiqc/bwameth/multiqc_data/cutadapt_trimmed_sequences_plot_3_Obs_Exp.txt",
                "multiqc/bwameth/multiqc_data/fastqc-status-check-heatmap.txt",
                "multiqc/bwameth/multiqc_data/fastqc_adapter_content_plot.txt",
                "multiqc/bwameth/multiqc_data/fastqc_overrepresented_sequences_plot.txt",
                "multiqc/bwameth/multiqc_data/fastqc_per_base_n_content_plot.txt",
                "multiqc/bwameth/multiqc_data/fastqc_per_base_sequence_quality_plot.txt",
                "multiqc/bwameth/multiqc_data/fastqc_per_sequence_gc_content_plot_Counts.txt",
                "multiqc/bwameth/multiqc_data/fastqc_per_sequence_gc_content_plot_Percentages.txt",
                "multiqc/bwameth/multiqc_data/fastqc_per_sequence_quality_scores_plot.txt",
                "multiqc/bwameth/multiqc_data/fastqc_sequence_counts_plot.txt",
                "multiqc/bwameth/multiqc_data/fastqc_sequence_duplication_levels_plot.txt",
                "multiqc/bwameth/multiqc_data/fastqc_top_overrepresented_sequences_table.txt",
                "multiqc/bwameth/multiqc_data/multiqc.log",
                "multiqc/bwameth/multiqc_data/multiqc_citations.txt",
                "multiqc/bwameth/multiqc_data/multiqc_cutadapt.txt",
                "multiqc/bwameth/multiqc_data/multiqc_data.json",
                "multiqc/bwameth/multiqc_data/multiqc_fastqc.txt",
                "multiqc/bwameth/multiqc_data/multiqc_general_stats.txt",
                "multiqc/bwameth/multiqc_data/multiqc_picard_dups.txt",
                "multiqc/bwameth/multiqc_data/multiqc_qualimap_bamqc_genome_results.txt",
                "multiqc/bwameth/multiqc_data/multiqc_samtools_flagstat.txt",
                "multiqc/bwameth/multiqc_data/multiqc_samtools_stats.txt",
                "multiqc/bwameth/multiqc_data/multiqc_software_versions.txt",
                "multiqc/bwameth/multiqc_data/multiqc_sources.txt",
                "multiqc/bwameth/multiqc_data/picard_MarkIlluminaAdapters_histogram.txt",
                "multiqc/bwameth/multiqc_data/picard_MeanQualityByCycle_histogram.txt",
                "multiqc/bwameth/multiqc_data/picard_QualityScoreDistribution_histogram.txt",
                "multiqc/bwameth/multiqc_data/picard_deduplication.txt",
                "multiqc/bwameth/multiqc_data/qualimap_coverage_histogram.txt",
                "multiqc/bwameth/multiqc_data/qualimap_gc_content.txt",
                "multiqc/bwameth/multiqc_data/qualimap_genome_fraction.txt",
                "multiqc/bwameth/multiqc_data/qualimap_insert_size.txt",
                "multiqc/bwameth/multiqc_data/samtools-flagstat-dp_Percentage_of_total.txt",
                "multiqc/bwameth/multiqc_data/samtools-flagstat-dp_Read_counts.txt",
                "multiqc/bwameth/multiqc_data/samtools-stats-dp.txt",
                "multiqc/bwameth/multiqc_data/samtools_alignment_plot.txt",
                "multiqc/bwameth/multiqc_plots",
                "multiqc/bwameth/multiqc_plots/pdf",
                "multiqc/bwameth/multiqc_plots/pdf/cutadapt_filtered_reads_plot-cnt.pdf",
                "multiqc/bwameth/multiqc_plots/pdf/cutadapt_filtered_reads_plot-pct.pdf",
                "multiqc/bwameth/multiqc_plots/pdf/cutadapt_trimmed_sequences_plot_3_Counts.pdf",
                "multiqc/bwameth/multiqc_plots/pdf/cutadapt_trimmed_sequences_plot_3_Obs_Exp.pdf",
                "multiqc/bwameth/multiqc_plots/pdf/fastqc-status-check-heatmap.pdf",
                "multiqc/bwameth/multiqc_plots/pdf/fastqc_adapter_content_plot.pdf",
                "multiqc/bwameth/multiqc_plots/pdf/fastqc_overrepresented_sequences_plot.pdf",
                "multiqc/bwameth/multiqc_plots/pdf/fastqc_per_base_n_content_plot.pdf",
                "multiqc/bwameth/multiqc_plots/pdf/fastqc_per_base_sequence_quality_plot.pdf",
                "multiqc/bwameth/multiqc_plots/pdf/fastqc_per_sequence_gc_content_plot_Counts.pdf",
                "multiqc/bwameth/multiqc_plots/pdf/fastqc_per_sequence_gc_content_plot_Percentages.pdf",
                "multiqc/bwameth/multiqc_plots/pdf/fastqc_per_sequence_quality_scores_plot.pdf",
                "multiqc/bwameth/multiqc_plots/pdf/fastqc_sequence_counts_plot-cnt.pdf",
                "multiqc/bwameth/multiqc_plots/pdf/fastqc_sequence_counts_plot-pct.pdf",
                "multiqc/bwameth/multiqc_plots/pdf/fastqc_sequence_duplication_levels_plot.pdf",
                "multiqc/bwameth/multiqc_plots/pdf/fastqc_top_overrepresented_sequences_table.pdf",
                "multiqc/bwameth/multiqc_plots/pdf/general_stats_table.pdf",
                "multiqc/bwameth/multiqc_plots/pdf/picard_deduplication-cnt.pdf",
                "multiqc/bwameth/multiqc_plots/pdf/picard_deduplication-pct.pdf",
                "multiqc/bwameth/multiqc_plots/pdf/qualimap_coverage_histogram.pdf",
                "multiqc/bwameth/multiqc_plots/pdf/qualimap_gc_content.pdf",
                "multiqc/bwameth/multiqc_plots/pdf/qualimap_genome_fraction.pdf",
                "multiqc/bwameth/multiqc_plots/pdf/qualimap_insert_size.pdf",
                "multiqc/bwameth/multiqc_plots/pdf/samtools-flagstat-dp_Percentage_of_total.pdf",
                "multiqc/bwameth/multiqc_plots/pdf/samtools-flagstat-dp_Read_counts.pdf",
                "multiqc/bwameth/multiqc_plots/pdf/samtools-stats-dp.pdf",
                "multiqc/bwameth/multiqc_plots/pdf/samtools_alignment_plot-cnt.pdf",
                "multiqc/bwameth/multiqc_plots/pdf/samtools_alignment_plot-pct.pdf",
                "multiqc/bwameth/multiqc_plots/png",
                "multiqc/bwameth/multiqc_plots/png/cutadapt_filtered_reads_plot-cnt.png",
                "multiqc/bwameth/multiqc_plots/png/cutadapt_filtered_reads_plot-pct.png",
                "multiqc/bwameth/multiqc_plots/png/cutadapt_trimmed_sequences_plot_3_Counts.png",
                "multiqc/bwameth/multiqc_plots/png/cutadapt_trimmed_sequences_plot_3_Obs_Exp.png",
                "multiqc/bwameth/multiqc_plots/png/fastqc-status-check-heatmap.png",
                "multiqc/bwameth/multiqc_plots/png/fastqc_adapter_content_plot.png",
                "multiqc/bwameth/multiqc_plots/png/fastqc_overrepresented_sequences_plot.png",
                "multiqc/bwameth/multiqc_plots/png/fastqc_per_base_n_content_plot.png",
                "multiqc/bwameth/multiqc_plots/png/fastqc_per_base_sequence_quality_plot.png",
                "multiqc/bwameth/multiqc_plots/png/fastqc_per_sequence_gc_content_plot_Counts.png",
                "multiqc/bwameth/multiqc_plots/png/fastqc_per_sequence_gc_content_plot_Percentages.png",
                "multiqc/bwameth/multiqc_plots/png/fastqc_per_sequence_quality_scores_plot.png",
                "multiqc/bwameth/multiqc_plots/png/fastqc_sequence_counts_plot-cnt.png",
                "multiqc/bwameth/multiqc_plots/png/fastqc_sequence_counts_plot-pct.png",
                "multiqc/bwameth/multiqc_plots/png/fastqc_sequence_duplication_levels_plot.png",
                "multiqc/bwameth/multiqc_plots/png/fastqc_top_overrepresented_sequences_table.png",
                "multiqc/bwameth/multiqc_plots/png/general_stats_table.png",
                "multiqc/bwameth/multiqc_plots/png/picard_deduplication-cnt.png",
                "multiqc/bwameth/multiqc_plots/png/picard_deduplication-pct.png",
                "multiqc/bwameth/multiqc_plots/png/qualimap_coverage_histogram.png",
                "multiqc/bwameth/multiqc_plots/png/qualimap_gc_content.png",
                "multiqc/bwameth/multiqc_plots/png/qualimap_genome_fraction.png",
                "multiqc/bwameth/multiqc_plots/png/qualimap_insert_size.png",
                "multiqc/bwameth/multiqc_plots/png/samtools-flagstat-dp_Percentage_of_total.png",
                "multiqc/bwameth/multiqc_plots/png/samtools-flagstat-dp_Read_counts.png",
                "multiqc/bwameth/multiqc_plots/png/samtools-stats-dp.png",
                "multiqc/bwameth/multiqc_plots/png/samtools_alignment_plot-cnt.png",
                "multiqc/bwameth/multiqc_plots/png/samtools_alignment_plot-pct.png",
                "multiqc/bwameth/multiqc_plots/svg",
                "multiqc/bwameth/multiqc_plots/svg/cutadapt_filtered_reads_plot-cnt.svg",
                "multiqc/bwameth/multiqc_plots/svg/cutadapt_filtered_reads_plot-pct.svg",
                "multiqc/bwameth/multiqc_plots/svg/cutadapt_trimmed_sequences_plot_3_Counts.svg",
                "multiqc/bwameth/multiqc_plots/svg/cutadapt_trimmed_sequences_plot_3_Obs_Exp.svg",
                "multiqc/bwameth/multiqc_plots/svg/fastqc-status-check-heatmap.svg",
                "multiqc/bwameth/multiqc_plots/svg/fastqc_adapter_content_plot.svg",
                "multiqc/bwameth/multiqc_plots/svg/fastqc_overrepresented_sequences_plot.svg",
                "multiqc/bwameth/multiqc_plots/svg/fastqc_per_base_n_content_plot.svg",
                "multiqc/bwameth/multiqc_plots/svg/fastqc_per_base_sequence_quality_plot.svg",
                "multiqc/bwameth/multiqc_plots/svg/fastqc_per_sequence_gc_content_plot_Counts.svg",
                "multiqc/bwameth/multiqc_plots/svg/fastqc_per_sequence_gc_content_plot_Percentages.svg",
                "multiqc/bwameth/multiqc_plots/svg/fastqc_per_sequence_quality_scores_plot.svg",
                "multiqc/bwameth/multiqc_plots/svg/fastqc_sequence_counts_plot-cnt.svg",
                "multiqc/bwameth/multiqc_plots/svg/fastqc_sequence_counts_plot-pct.svg",
                "multiqc/bwameth/multiqc_plots/svg/fastqc_sequence_duplication_levels_plot.svg",
                "multiqc/bwameth/multiqc_plots/svg/fastqc_top_overrepresented_sequences_table.svg",
                "multiqc/bwameth/multiqc_plots/svg/general_stats_table.svg",
                "multiqc/bwameth/multiqc_plots/svg/picard_deduplication-cnt.svg",
                "multiqc/bwameth/multiqc_plots/svg/picard_deduplication-pct.svg",
                "multiqc/bwameth/multiqc_plots/svg/qualimap_coverage_histogram.svg",
                "multiqc/bwameth/multiqc_plots/svg/qualimap_gc_content.svg",
                "multiqc/bwameth/multiqc_plots/svg/qualimap_genome_fraction.svg",
                "multiqc/bwameth/multiqc_plots/svg/qualimap_insert_size.svg",
                "multiqc/bwameth/multiqc_plots/svg/samtools-flagstat-dp_Percentage_of_total.svg",
                "multiqc/bwameth/multiqc_plots/svg/samtools-flagstat-dp_Read_counts.svg",
                "multiqc/bwameth/multiqc_plots/svg/samtools-stats-dp.svg",
                "multiqc/bwameth/multiqc_plots/svg/samtools_alignment_plot-cnt.svg",
                "multiqc/bwameth/multiqc_plots/svg/samtools_alignment_plot-pct.svg",
                "multiqc/bwameth/multiqc_report.html",
                "pipeline_info",
                "pipeline_info/nf_core_methylseq_software_mqc_versions.yml",
                "trimgalore",
                "trimgalore/fastqc",
                "trimgalore/fastqc/Ecoli_10K_methylated_1_val_1_fastqc.html",
                "trimgalore/fastqc/Ecoli_10K_methylated_2_val_2_fastqc.html",
                "trimgalore/fastqc/SRR389222_sub1_trimmed_fastqc.html",
                "trimgalore/fastqc/SRR389222_sub2_trimmed_fastqc.html",
                "trimgalore/fastqc/SRR389222_sub3_trimmed_fastqc.html",
                "trimgalore/fastqc/zips",
                "trimgalore/fastqc/zips/Ecoli_10K_methylated_1_val_1_fastqc.zip",
                "trimgalore/fastqc/zips/Ecoli_10K_methylated_2_val_2_fastqc.zip",
                "trimgalore/fastqc/zips/SRR389222_sub1_trimmed_fastqc.zip",
                "trimgalore/fastqc/zips/SRR389222_sub2_trimmed_fastqc.zip",
                "trimgalore/fastqc/zips/SRR389222_sub3_trimmed_fastqc.zip",
                "trimgalore/logs",
                "trimgalore/logs/Ecoli_10K_methylated_1.fastq.gz_trimming_report.txt",
                "trimgalore/logs/Ecoli_10K_methylated_2.fastq.gz_trimming_report.txt",
                "trimgalore/logs/SRR389222_sub1.fastq.gz_trimming_report.txt",
                "trimgalore/logs/SRR389222_sub2.fastq.gz_trimming_report.txt",
                "trimgalore/logs/SRR389222_sub3.fastq.gz_trimming_report.txt"
            ],
            [
                "Ecoli_10K_methylated.flagstat:md5,f520e87cc4050799a0dbed72909572ec",
                "Ecoli_10K_methylated.stats:md5,be3e2bea0d6867aab35d06bfbdae0aa2",
                "SRR389222_sub1.flagstat:md5,ad8159a7683b9c3057bf54ccb77a2ddc",
                "SRR389222_sub1.stats:md5,21e116cc6374c4a2d55d2c383cd4281e",
                "SRR389222_sub2.flagstat:md5,e768b4f54014d62b096152c44f920bc1",
                "SRR389222_sub2.stats:md5,75cb0f1e953843150e3b217ec3f271da",
                "SRR389222_sub3.flagstat:md5,39516f7d2c77e6fef9543edf8cddbcd6",
                "SRR389222_sub3.stats:md5,6876e424094ecdf302bd2097f8e21b1c",
                "genome_results.txt:md5,1ee2e29ac41c2cd7e6a0f00741e8d16e",
                "coverage_across_reference.txt:md5,c4c7f930ad577d15de1358226acab252",
                "coverage_histogram.txt:md5,cddf42d662856425649c196c731f048b",
                "duplication_rate_histogram.txt:md5,764cb7ceebd9f6c40d68fac844d8645e",
                "genome_fraction_coverage.txt:md5,53bbcec7b73cabbacfee1519a047bcbf",
                "homopolymer_indels.txt:md5,99b50d128297f11553837958d07e0ec5",
                "insert_size_across_reference.txt:md5,d55ce0a480c4651cda5f204bb5596cc2",
                "insert_size_histogram.txt:md5,6cfc87a2fe207fe1b5e00a1dca58baa8",
                "mapped_reads_clipping_profile.txt:md5,f6ba286879f9d7fa3cd44653e32d7e3f",
                "mapped_reads_gc-content_distribution.txt:md5,5ccc04e2cfe72baf465834aaeec5f92c",
                "mapped_reads_nucleotide_content.txt:md5,87d4e3b86ac646498e986e8b5e05226e",
                "mapping_quality_across_reference.txt:md5,c483c7c5c75cc05ab696743934ae006b",
                "mapping_quality_histogram.txt:md5,97b8ae36235e0dabc17f2b0697e9d078",
                "genome_results.txt:md5,2c755b15ae5ad4a1d29395320a6264ca",
                "genome_results.txt:md5,2294badeccd2e8870fd6c60d115687b0",
                "genome_results.txt:md5,4da1144933d094185d02f7482c120804",
                "versions.yml:md5,bb8bc6f11e6ca441cdb653f077b870c2",
                "Ecoli_10K_methylated.markdup.sorted_CpG.bedGraph:md5,d3bce01078b6e7749f3906bf9faad5b5",
                "SRR389222_sub1.markdup.sorted_CpG.bedGraph:md5,0944ad0e3b05791bf6dfd06be7ca4af1",
                "SRR389222_sub2.markdup.sorted_CpG.bedGraph:md5,0a3c19af55d1625e91903ae25d1d2098",
                "SRR389222_sub3.markdup.sorted_CpG.bedGraph:md5,a91e6b039e9581a9d2ef6f6057918b39",
                "Ecoli_10K_methylated.mbias.txt:md5,3a448a2a6364b2de3129365a271c0534",
                "SRR389222_sub1.mbias.txt:md5,fce04d733e066d0b933cedc602e2af81",
                "SRR389222_sub2.mbias.txt:md5,fce04d733e066d0b933cedc602e2af81",
                "SRR389222_sub3.mbias.txt:md5,fce04d733e066d0b933cedc602e2af81",
                "cutadapt_filtered_reads_plot.txt:md5,ff1b6d4011a5be5410b9404f7ff56c56",
                "cutadapt_trimmed_sequences_plot_3_Counts.txt:md5,57d07c19b0c30dc88df96c30bedcdc33",
                "cutadapt_trimmed_sequences_plot_3_Obs_Exp.txt:md5,1e5ca4193f8290c5c812334d03615b41",
                "fastqc-status-check-heatmap.txt:md5,218c2a7efbb9c02f652fa78fc739c866",
                "fastqc_adapter_content_plot.txt:md5,48d8bd5ece984a74972ce0a0e814dd07",
                "fastqc_overrepresented_sequences_plot.txt:md5,9c4b7064950b5b2c486d556984f21e9e",
                "fastqc_per_base_n_content_plot.txt:md5,019d5cd4f61a31f4e7016140ca8ee36e",
                "fastqc_per_base_sequence_quality_plot.txt:md5,e4c7d522114eab9bc9101e7ee9d83c8f",
                "fastqc_per_sequence_gc_content_plot_Counts.txt:md5,302659bee8a02b6a38b24fe25f8eaa87",
                "fastqc_per_sequence_gc_content_plot_Percentages.txt:md5,c75b396eb5dda8682fb1652a9b2e92a3",
                "fastqc_per_sequence_quality_scores_plot.txt:md5,548c593f4a8be2d8627fc3bd1c280611",
                "fastqc_sequence_counts_plot.txt:md5,58eeeb06bc9dcc1764c7daf0847d6bbf",
                "fastqc_sequence_duplication_levels_plot.txt:md5,9e5712db9aa39b5754ea1e0c49cfff15",
                "fastqc_top_overrepresented_sequences_table.txt:md5,6dfc5334a09c05392ea17369aa742d01",
                "multiqc_citations.txt:md5,581df5b266851d0244e7cfb213351ffb",
                "multiqc_cutadapt.txt:md5,883891ac4901385102be053212068732",
                "multiqc_picard_dups.txt:md5,82eaab96189f22fd93db38bb516ba6a5",
                "multiqc_samtools_flagstat.txt:md5,a8f5b45b8b3412a9adc3dd0d35208c73",
                "multiqc_samtools_stats.txt:md5,f02f83f3df9208d616fda7a8609b2853",
                "picard_MarkIlluminaAdapters_histogram.txt:md5,d41d8cd98f00b204e9800998ecf8427e",
                "picard_MeanQualityByCycle_histogram.txt:md5,d41d8cd98f00b204e9800998ecf8427e",
                "picard_QualityScoreDistribution_histogram.txt:md5,d41d8cd98f00b204e9800998ecf8427e",
                "picard_deduplication.txt:md5,7dacf4d4e0d7d2d9a7205beecfa7125c",
                "qualimap_coverage_histogram.txt:md5,c7c932e4d84b735bd434c1aaa713b6e6",
                "qualimap_gc_content.txt:md5,893d1acba7a6675ff9e2eff2985fa4e3",
                "qualimap_genome_fraction.txt:md5,ef5b6010b52a03f6e58356db7128d0dc",
                "qualimap_insert_size.txt:md5,f86cc9fe7a12af8f62f26312660e9225",
                "samtools-flagstat-dp_Percentage_of_total.txt:md5,ff5d65a480449ba98587c43f3a2bd33e",
                "samtools-flagstat-dp_Read_counts.txt:md5,6a5332e2ad59f7da00b5a9a1a25fd2f8",
                "samtools-stats-dp.txt:md5,52021b9a9455b39b39dd357bc2e8d346",
                "samtools_alignment_plot.txt:md5,39f42e039f96cc2b17248b44ccaf425b"
            ],
            [
                [
                    "Ecoli_10K_methylated.deduplicated.sorted.bam",
                    "a2921f761f431ede522016f83f75c12d"
                ],
                [
                    "Ecoli_10K_methylated.markdup.sorted.bam",
                    "a2921f761f431ede522016f83f75c12d"
                ],
                [
                    "SRR389222_sub1.deduplicated.sorted.bam",
                    "e50275d6d44138f19d65ee479444d5ce"
                ],
                [
                    "SRR389222_sub1.markdup.sorted.bam",
                    "e50275d6d44138f19d65ee479444d5ce"
                ],
                [
                    "SRR389222_sub2.deduplicated.sorted.bam",
                    "d365b8b2662b2abffb51dd67a1f463b4"
                ],
                [
                    "SRR389222_sub2.markdup.sorted.bam",
                    "d365b8b2662b2abffb51dd67a1f463b4"
                ],
                [
                    "SRR389222_sub3.deduplicated.sorted.bam",
                    "a9fd2900b9d759f8f4f62cbbb2744fde"
                ],
                [
                    "SRR389222_sub3.markdup.sorted.bam",
                    "a9fd2900b9d759f8f4f62cbbb2744fde"
                ]
            ]
        ],
        "meta": {
            "nf-test": "0.9.2",
            "nextflow": "24.10.5"
        },
        "timestamp": "2025-03-25T05:25:20.481925379"
    }
}