{
    "Params: bwameth | skip_trimming": {
        "content": [
            43,
            {
                "BWAMETH_ALIGN": {
                    "bwameth": "0.2.7"
                },
                "BWAMETH_INDEX": {
                    "bwameth": "0.2.7"
                },
                "FASTQC": {
                    "fastqc": "0.12.1"
                },
                "GUNZIP": {
                    "gunzip": 1.13
                },
                "Workflow": {
                    "nf-core/methylseq": "v3.1.0dev"
                }
            },
            [
                "bwameth",
                "bwameth/alignments",
                "bwameth/alignments/samtools_stats",
                "bwameth/alignments/samtools_stats/Ecoli_10K_methylated.flagstat",
                "bwameth/alignments/samtools_stats/Ecoli_10K_methylated.stats",
                "bwameth/alignments/samtools_stats/SRR389222_sub1.flagstat",
                "bwameth/alignments/samtools_stats/SRR389222_sub1.stats",
                "bwameth/alignments/samtools_stats/SRR389222_sub2.flagstat",
                "bwameth/alignments/samtools_stats/SRR389222_sub2.stats",
                "bwameth/alignments/samtools_stats/SRR389222_sub3.flagstat",
                "bwameth/alignments/samtools_stats/SRR389222_sub3.stats",
                "bwameth/deduplicated",
                "bwameth/deduplicated/Ecoli_10K_methylated.deduplicated.sorted.bam",
                "bwameth/deduplicated/Ecoli_10K_methylated.markdup.sorted.bam",
                "bwameth/deduplicated/Ecoli_10K_methylated.markdup.sorted.bam.bai",
                "bwameth/deduplicated/SRR389222_sub1.deduplicated.sorted.bam",
                "bwameth/deduplicated/SRR389222_sub1.markdup.sorted.bam",
                "bwameth/deduplicated/SRR389222_sub1.markdup.sorted.bam.bai",
                "bwameth/deduplicated/SRR389222_sub2.deduplicated.sorted.bam",
                "bwameth/deduplicated/SRR389222_sub2.markdup.sorted.bam",
                "bwameth/deduplicated/SRR389222_sub2.markdup.sorted.bam.bai",
                "bwameth/deduplicated/SRR389222_sub3.deduplicated.sorted.bam",
                "bwameth/deduplicated/SRR389222_sub3.markdup.sorted.bam",
                "bwameth/deduplicated/SRR389222_sub3.markdup.sorted.bam.bai",
                "bwameth/deduplicated/picard_metrics",
                "bwameth/deduplicated/picard_metrics/Ecoli_10K_methylated.markdup.sorted.MarkDuplicates.metrics.txt",
                "bwameth/deduplicated/picard_metrics/SRR389222_sub1.markdup.sorted.MarkDuplicates.metrics.txt",
                "bwameth/deduplicated/picard_metrics/SRR389222_sub2.markdup.sorted.MarkDuplicates.metrics.txt",
                "bwameth/deduplicated/picard_metrics/SRR389222_sub3.markdup.sorted.MarkDuplicates.metrics.txt",
                "fastqc",
                "fastqc/Ecoli_10K_methylated_1_fastqc.html",
                "fastqc/Ecoli_10K_methylated_2_fastqc.html",
                "fastqc/SRR389222_sub1_fastqc.html",
                "fastqc/SRR389222_sub2_fastqc.html",
                "fastqc/SRR389222_sub3_fastqc.html",
                "fastqc/zips",
                "fastqc/zips/Ecoli_10K_methylated_1_fastqc.zip",
                "fastqc/zips/Ecoli_10K_methylated_2_fastqc.zip",
                "fastqc/zips/SRR389222_sub1_fastqc.zip",
                "fastqc/zips/SRR389222_sub2_fastqc.zip",
                "fastqc/zips/SRR389222_sub3_fastqc.zip",
                "methyldackel",
                "methyldackel/Ecoli_10K_methylated.markdup.sorted_CpG.bedGraph",
                "methyldackel/SRR389222_sub1.markdup.sorted_CpG.bedGraph",
                "methyldackel/SRR389222_sub2.markdup.sorted_CpG.bedGraph",
                "methyldackel/SRR389222_sub3.markdup.sorted_CpG.bedGraph",
                "methyldackel/mbias",
                "methyldackel/mbias/Ecoli_10K_methylated.mbias.txt",
                "methyldackel/mbias/SRR389222_sub1.mbias.txt",
                "methyldackel/mbias/SRR389222_sub2.mbias.txt",
                "methyldackel/mbias/SRR389222_sub3.mbias.txt",
                "multiqc",
                "multiqc/bwameth",
                "multiqc/bwameth/multiqc_data",
                "multiqc/bwameth/multiqc_data/fastqc-status-check-heatmap.txt",
                "multiqc/bwameth/multiqc_data/fastqc_adapter_content_plot.txt",
                "multiqc/bwameth/multiqc_data/fastqc_overrepresented_sequences_plot.txt",
                "multiqc/bwameth/multiqc_data/fastqc_per_base_n_content_plot.txt",
                "multiqc/bwameth/multiqc_data/fastqc_per_base_sequence_quality_plot.txt",
                "multiqc/bwameth/multiqc_data/fastqc_per_sequence_gc_content_plot_Counts.txt",
                "multiqc/bwameth/multiqc_data/fastqc_per_sequence_gc_content_plot_Percentages.txt",
                "multiqc/bwameth/multiqc_data/fastqc_per_sequence_quality_scores_plot.txt",
                "multiqc/bwameth/multiqc_data/fastqc_sequence_counts_plot.txt",
                "multiqc/bwameth/multiqc_data/fastqc_sequence_duplication_levels_plot.txt",
                "multiqc/bwameth/multiqc_data/fastqc_top_overrepresented_sequences_table.txt",
                "multiqc/bwameth/multiqc_data/multiqc.log",
                "multiqc/bwameth/multiqc_data/multiqc_citations.txt",
                "multiqc/bwameth/multiqc_data/multiqc_data.json",
                "multiqc/bwameth/multiqc_data/multiqc_fastqc.txt",
                "multiqc/bwameth/multiqc_data/multiqc_general_stats.txt",
                "multiqc/bwameth/multiqc_data/multiqc_picard_dups.txt",
                "multiqc/bwameth/multiqc_data/multiqc_samtools_flagstat.txt",
                "multiqc/bwameth/multiqc_data/multiqc_samtools_stats.txt",
                "multiqc/bwameth/multiqc_data/multiqc_software_versions.txt",
                "multiqc/bwameth/multiqc_data/multiqc_sources.txt",
                "multiqc/bwameth/multiqc_data/picard_MarkIlluminaAdapters_histogram.txt",
                "multiqc/bwameth/multiqc_data/picard_MeanQualityByCycle_histogram.txt",
                "multiqc/bwameth/multiqc_data/picard_QualityScoreDistribution_histogram.txt",
                "multiqc/bwameth/multiqc_data/picard_deduplication.txt",
                "multiqc/bwameth/multiqc_data/samtools-flagstat-dp_Percentage_of_total.txt",
                "multiqc/bwameth/multiqc_data/samtools-flagstat-dp_Read_counts.txt",
                "multiqc/bwameth/multiqc_data/samtools-stats-dp.txt",
                "multiqc/bwameth/multiqc_data/samtools_alignment_plot.txt",
                "multiqc/bwameth/multiqc_plots",
                "multiqc/bwameth/multiqc_plots/pdf",
                "multiqc/bwameth/multiqc_plots/pdf/fastqc-status-check-heatmap.pdf",
                "multiqc/bwameth/multiqc_plots/pdf/fastqc_adapter_content_plot.pdf",
                "multiqc/bwameth/multiqc_plots/pdf/fastqc_overrepresented_sequences_plot.pdf",
                "multiqc/bwameth/multiqc_plots/pdf/fastqc_per_base_n_content_plot.pdf",
                "multiqc/bwameth/multiqc_plots/pdf/fastqc_per_base_sequence_quality_plot.pdf",
                "multiqc/bwameth/multiqc_plots/pdf/fastqc_per_sequence_gc_content_plot_Counts.pdf",
                "multiqc/bwameth/multiqc_plots/pdf/fastqc_per_sequence_gc_content_plot_Percentages.pdf",
                "multiqc/bwameth/multiqc_plots/pdf/fastqc_per_sequence_quality_scores_plot.pdf",
                "multiqc/bwameth/multiqc_plots/pdf/fastqc_sequence_counts_plot-cnt.pdf",
                "multiqc/bwameth/multiqc_plots/pdf/fastqc_sequence_counts_plot-pct.pdf",
                "multiqc/bwameth/multiqc_plots/pdf/fastqc_sequence_duplication_levels_plot.pdf",
                "multiqc/bwameth/multiqc_plots/pdf/fastqc_top_overrepresented_sequences_table.pdf",
                "multiqc/bwameth/multiqc_plots/pdf/general_stats_table.pdf",
                "multiqc/bwameth/multiqc_plots/pdf/picard_deduplication-cnt.pdf",
                "multiqc/bwameth/multiqc_plots/pdf/picard_deduplication-pct.pdf",
                "multiqc/bwameth/multiqc_plots/pdf/samtools-flagstat-dp_Percentage_of_total.pdf",
                "multiqc/bwameth/multiqc_plots/pdf/samtools-flagstat-dp_Read_counts.pdf",
                "multiqc/bwameth/multiqc_plots/pdf/samtools-stats-dp.pdf",
                "multiqc/bwameth/multiqc_plots/pdf/samtools_alignment_plot-cnt.pdf",
                "multiqc/bwameth/multiqc_plots/pdf/samtools_alignment_plot-pct.pdf",
                "multiqc/bwameth/multiqc_plots/png",
                "multiqc/bwameth/multiqc_plots/png/fastqc-status-check-heatmap.png",
                "multiqc/bwameth/multiqc_plots/png/fastqc_adapter_content_plot.png",
                "multiqc/bwameth/multiqc_plots/png/fastqc_overrepresented_sequences_plot.png",
                "multiqc/bwameth/multiqc_plots/png/fastqc_per_base_n_content_plot.png",
                "multiqc/bwameth/multiqc_plots/png/fastqc_per_base_sequence_quality_plot.png",
                "multiqc/bwameth/multiqc_plots/png/fastqc_per_sequence_gc_content_plot_Counts.png",
                "multiqc/bwameth/multiqc_plots/png/fastqc_per_sequence_gc_content_plot_Percentages.png",
                "multiqc/bwameth/multiqc_plots/png/fastqc_per_sequence_quality_scores_plot.png",
                "multiqc/bwameth/multiqc_plots/png/fastqc_sequence_counts_plot-cnt.png",
                "multiqc/bwameth/multiqc_plots/png/fastqc_sequence_counts_plot-pct.png",
                "multiqc/bwameth/multiqc_plots/png/fastqc_sequence_duplication_levels_plot.png",
                "multiqc/bwameth/multiqc_plots/png/fastqc_top_overrepresented_sequences_table.png",
                "multiqc/bwameth/multiqc_plots/png/general_stats_table.png",
                "multiqc/bwameth/multiqc_plots/png/picard_deduplication-cnt.png",
                "multiqc/bwameth/multiqc_plots/png/picard_deduplication-pct.png",
                "multiqc/bwameth/multiqc_plots/png/samtools-flagstat-dp_Percentage_of_total.png",
                "multiqc/bwameth/multiqc_plots/png/samtools-flagstat-dp_Read_counts.png",
                "multiqc/bwameth/multiqc_plots/png/samtools-stats-dp.png",
                "multiqc/bwameth/multiqc_plots/png/samtools_alignment_plot-cnt.png",
                "multiqc/bwameth/multiqc_plots/png/samtools_alignment_plot-pct.png",
                "multiqc/bwameth/multiqc_plots/svg",
                "multiqc/bwameth/multiqc_plots/svg/fastqc-status-check-heatmap.svg",
                "multiqc/bwameth/multiqc_plots/svg/fastqc_adapter_content_plot.svg",
                "multiqc/bwameth/multiqc_plots/svg/fastqc_overrepresented_sequences_plot.svg",
                "multiqc/bwameth/multiqc_plots/svg/fastqc_per_base_n_content_plot.svg",
                "multiqc/bwameth/multiqc_plots/svg/fastqc_per_base_sequence_quality_plot.svg",
                "multiqc/bwameth/multiqc_plots/svg/fastqc_per_sequence_gc_content_plot_Counts.svg",
                "multiqc/bwameth/multiqc_plots/svg/fastqc_per_sequence_gc_content_plot_Percentages.svg",
                "multiqc/bwameth/multiqc_plots/svg/fastqc_per_sequence_quality_scores_plot.svg",
                "multiqc/bwameth/multiqc_plots/svg/fastqc_sequence_counts_plot-cnt.svg",
                "multiqc/bwameth/multiqc_plots/svg/fastqc_sequence_counts_plot-pct.svg",
                "multiqc/bwameth/multiqc_plots/svg/fastqc_sequence_duplication_levels_plot.svg",
                "multiqc/bwameth/multiqc_plots/svg/fastqc_top_overrepresented_sequences_table.svg",
                "multiqc/bwameth/multiqc_plots/svg/general_stats_table.svg",
                "multiqc/bwameth/multiqc_plots/svg/picard_deduplication-cnt.svg",
                "multiqc/bwameth/multiqc_plots/svg/picard_deduplication-pct.svg",
                "multiqc/bwameth/multiqc_plots/svg/samtools-flagstat-dp_Percentage_of_total.svg",
                "multiqc/bwameth/multiqc_plots/svg/samtools-flagstat-dp_Read_counts.svg",
                "multiqc/bwameth/multiqc_plots/svg/samtools-stats-dp.svg",
                "multiqc/bwameth/multiqc_plots/svg/samtools_alignment_plot-cnt.svg",
                "multiqc/bwameth/multiqc_plots/svg/samtools_alignment_plot-pct.svg",
                "multiqc/bwameth/multiqc_report.html",
                "pipeline_info",
                "pipeline_info/nf_core_methylseq_software_mqc_versions.yml"
            ],
            [
                "Ecoli_10K_methylated.flagstat:md5,7c3bae0f9c700dde88785a7e94c6ae2c",
                "Ecoli_10K_methylated.stats:md5,920027e64f96196193a9c585431f3edb",
                "SRR389222_sub1.flagstat:md5,897d500a710a56a7098172167fa71108",
                "SRR389222_sub1.stats:md5,ca9d535c6181d1f1b60172eb81f03061",
                "SRR389222_sub2.flagstat:md5,37d33d68b31d4550620dc17582a3a750",
                "SRR389222_sub2.stats:md5,d38aa6d840e3af9d3c010cf788f8388b",
                "SRR389222_sub3.flagstat:md5,e3e925a7b7356e93d14f5e9e102c55b7",
                "SRR389222_sub3.stats:md5,a29f5a125fd90c5ba3d2e1100f33883c",
                "Ecoli_10K_methylated.markdup.sorted_CpG.bedGraph:md5,b43c4c8ff346ae865b2b5db996650942",
                "SRR389222_sub1.markdup.sorted_CpG.bedGraph:md5,0944ad0e3b05791bf6dfd06be7ca4af1",
                "SRR389222_sub2.markdup.sorted_CpG.bedGraph:md5,0a3c19af55d1625e91903ae25d1d2098",
                "SRR389222_sub3.markdup.sorted_CpG.bedGraph:md5,a91e6b039e9581a9d2ef6f6057918b39",
                "Ecoli_10K_methylated.mbias.txt:md5,ec13da6deba1ce147624bce065ec5df6",
                "SRR389222_sub1.mbias.txt:md5,fce04d733e066d0b933cedc602e2af81",
                "SRR389222_sub2.mbias.txt:md5,fce04d733e066d0b933cedc602e2af81",
                "SRR389222_sub3.mbias.txt:md5,fce04d733e066d0b933cedc602e2af81",
                "fastqc-status-check-heatmap.txt:md5,218c2a7efbb9c02f652fa78fc739c866",
                "fastqc_adapter_content_plot.txt:md5,48d8bd5ece984a74972ce0a0e814dd07",
                "fastqc_overrepresented_sequences_plot.txt:md5,9c4b7064950b5b2c486d556984f21e9e",
                "fastqc_per_base_n_content_plot.txt:md5,019d5cd4f61a31f4e7016140ca8ee36e",
                "fastqc_per_base_sequence_quality_plot.txt:md5,e4c7d522114eab9bc9101e7ee9d83c8f",
                "fastqc_per_sequence_gc_content_plot_Counts.txt:md5,302659bee8a02b6a38b24fe25f8eaa87",
                "fastqc_per_sequence_gc_content_plot_Percentages.txt:md5,c75b396eb5dda8682fb1652a9b2e92a3",
                "fastqc_per_sequence_quality_scores_plot.txt:md5,548c593f4a8be2d8627fc3bd1c280611",
                "fastqc_sequence_counts_plot.txt:md5,58eeeb06bc9dcc1764c7daf0847d6bbf",
                "fastqc_sequence_duplication_levels_plot.txt:md5,9e5712db9aa39b5754ea1e0c49cfff15",
                "fastqc_top_overrepresented_sequences_table.txt:md5,6dfc5334a09c05392ea17369aa742d01",
                "multiqc_citations.txt:md5,ee1baba4adea57b43a9ae59ce7e1dd7f",
                "multiqc_picard_dups.txt:md5,2dd92451825bab5f1d74bd96933756e6",
                "multiqc_samtools_flagstat.txt:md5,707a91291107beffe14f9cc2d540f4a0",
                "multiqc_samtools_stats.txt:md5,3204ba68269a14b7eab35154218f5dcc",
                "picard_MarkIlluminaAdapters_histogram.txt:md5,d41d8cd98f00b204e9800998ecf8427e",
                "picard_MeanQualityByCycle_histogram.txt:md5,d41d8cd98f00b204e9800998ecf8427e",
                "picard_QualityScoreDistribution_histogram.txt:md5,d41d8cd98f00b204e9800998ecf8427e",
                "picard_deduplication.txt:md5,b86a20261610bdf7a2e63ff43e232c75",
                "samtools-flagstat-dp_Percentage_of_total.txt:md5,a7305ce09c632ddb903a0fe89306f98f",
                "samtools-flagstat-dp_Read_counts.txt:md5,2d5434b646dac99397d86bd31731df01",
                "samtools-stats-dp.txt:md5,e1290c4b0ad11142147f69f4256c4524",
                "samtools_alignment_plot.txt:md5,fe4c9af19d69c3982b75ad458a1a9148"
            ],
            [
                [
                    "Ecoli_10K_methylated.deduplicated.sorted.bam",
                    "5b485bcabdb1ad5955cfa061741fad31"
                ],
                [
                    "Ecoli_10K_methylated.markdup.sorted.bam",
                    "5b485bcabdb1ad5955cfa061741fad31"
                ],
                [
                    "SRR389222_sub1.deduplicated.sorted.bam",
                    "37ec1c6338cc3fee7ab1cb2d48dba38"
                ],
                [
                    "SRR389222_sub1.markdup.sorted.bam",
                    "37ec1c6338cc3fee7ab1cb2d48dba38"
                ],
                [
                    "SRR389222_sub2.deduplicated.sorted.bam",
                    "783d3be6b5bfa58142c3dbe864f6d8c5"
                ],
                [
                    "SRR389222_sub2.markdup.sorted.bam",
                    "783d3be6b5bfa58142c3dbe864f6d8c5"
                ],
                [
                    "SRR389222_sub3.deduplicated.sorted.bam",
                    "4bbaef9917f4ff0248d1f5853f583fd0"
                ],
                [
                    "SRR389222_sub3.markdup.sorted.bam",
                    "4bbaef9917f4ff0248d1f5853f583fd0"
                ]
            ]
        ],
        "meta": {
            "nf-test": "0.9.2",
            "nextflow": "24.10.5"
        },
        "timestamp": "2025-03-25T05:30:49.702855979"
    }
}