{
    "Params: bwameth | save_reference | save_align_intermeds": {
        "content": [
            47,
            {
                "BWAMETH_ALIGN": {
                    "bwameth": "0.2.7"
                },
                "BWAMETH_INDEX": {
                    "bwameth": "0.2.7"
                },
                "FASTQC": {
                    "fastqc": "0.12.1"
                },
                "GUNZIP": {
                    "gunzip": 1.13
                },
                "TRIMGALORE": {
                    "trimgalore": "0.6.10",
                    "cutadapt": 4.9,
                    "pigz": 2.8
                },
                "Workflow": {
                    "nf-core/methylseq": "v3.1.0dev"
                }
            },
            [
                "bwameth",
                "bwameth/alignments",
                "bwameth/alignments/Ecoli_10K_methylated.bam",
                "bwameth/alignments/Ecoli_10K_methylated.deduplicated.sorted.bam",
                "bwameth/alignments/Ecoli_10K_methylated.deduplicated.sorted.bam.bai",
                "bwameth/alignments/SRR389222_sub1.bam",
                "bwameth/alignments/SRR389222_sub1.deduplicated.sorted.bam",
                "bwameth/alignments/SRR389222_sub1.deduplicated.sorted.bam.bai",
                "bwameth/alignments/SRR389222_sub2.bam",
                "bwameth/alignments/SRR389222_sub2.deduplicated.sorted.bam",
                "bwameth/alignments/SRR389222_sub2.deduplicated.sorted.bam.bai",
                "bwameth/alignments/SRR389222_sub3.bam",
                "bwameth/alignments/SRR389222_sub3.deduplicated.sorted.bam",
                "bwameth/alignments/SRR389222_sub3.deduplicated.sorted.bam.bai",
                "bwameth/alignments/samtools_stats",
                "bwameth/alignments/samtools_stats/Ecoli_10K_methylated.flagstat",
                "bwameth/alignments/samtools_stats/Ecoli_10K_methylated.stats",
                "bwameth/alignments/samtools_stats/SRR389222_sub1.flagstat",
                "bwameth/alignments/samtools_stats/SRR389222_sub1.stats",
                "bwameth/alignments/samtools_stats/SRR389222_sub2.flagstat",
                "bwameth/alignments/samtools_stats/SRR389222_sub2.stats",
                "bwameth/alignments/samtools_stats/SRR389222_sub3.flagstat",
                "bwameth/alignments/samtools_stats/SRR389222_sub3.stats",
                "bwameth/deduplicated",
                "bwameth/deduplicated/Ecoli_10K_methylated.deduplicated.sorted.bam",
                "bwameth/deduplicated/Ecoli_10K_methylated.markdup.sorted.bam",
                "bwameth/deduplicated/Ecoli_10K_methylated.markdup.sorted.bam.bai",
                "bwameth/deduplicated/SRR389222_sub1.deduplicated.sorted.bam",
                "bwameth/deduplicated/SRR389222_sub1.markdup.sorted.bam",
                "bwameth/deduplicated/SRR389222_sub1.markdup.sorted.bam.bai",
                "bwameth/deduplicated/SRR389222_sub2.deduplicated.sorted.bam",
                "bwameth/deduplicated/SRR389222_sub2.markdup.sorted.bam",
                "bwameth/deduplicated/SRR389222_sub2.markdup.sorted.bam.bai",
                "bwameth/deduplicated/SRR389222_sub3.deduplicated.sorted.bam",
                "bwameth/deduplicated/SRR389222_sub3.markdup.sorted.bam",
                "bwameth/deduplicated/SRR389222_sub3.markdup.sorted.bam.bai",
                "bwameth/deduplicated/picard_metrics",
                "bwameth/deduplicated/picard_metrics/Ecoli_10K_methylated.markdup.sorted.MarkDuplicates.metrics.txt",
                "bwameth/deduplicated/picard_metrics/SRR389222_sub1.markdup.sorted.MarkDuplicates.metrics.txt",
                "bwameth/deduplicated/picard_metrics/SRR389222_sub2.markdup.sorted.MarkDuplicates.metrics.txt",
                "bwameth/deduplicated/picard_metrics/SRR389222_sub3.markdup.sorted.MarkDuplicates.metrics.txt",
                "bwameth/reference_genome",
                "bwameth/reference_genome/BwamethIndex",
                "bwameth/reference_genome/BwamethIndex/genome.fa.bwameth.c2t",
                "bwameth/reference_genome/BwamethIndex/genome.fa.bwameth.c2t.amb",
                "bwameth/reference_genome/BwamethIndex/genome.fa.bwameth.c2t.ann",
                "bwameth/reference_genome/BwamethIndex/genome.fa.bwameth.c2t.bwt",
                "bwameth/reference_genome/BwamethIndex/genome.fa.bwameth.c2t.pac",
                "bwameth/reference_genome/BwamethIndex/genome.fa.bwameth.c2t.sa",
                "fastqc",
                "fastqc/Ecoli_10K_methylated_1_fastqc.html",
                "fastqc/Ecoli_10K_methylated_2_fastqc.html",
                "fastqc/SRR389222_sub1_fastqc.html",
                "fastqc/SRR389222_sub2_fastqc.html",
                "fastqc/SRR389222_sub3_fastqc.html",
                "fastqc/zips",
                "fastqc/zips/Ecoli_10K_methylated_1_fastqc.zip",
                "fastqc/zips/Ecoli_10K_methylated_2_fastqc.zip",
                "fastqc/zips/SRR389222_sub1_fastqc.zip",
                "fastqc/zips/SRR389222_sub2_fastqc.zip",
                "fastqc/zips/SRR389222_sub3_fastqc.zip",
                "methyldackel",
                "methyldackel/Ecoli_10K_methylated.markdup.sorted_CpG.bedGraph",
                "methyldackel/SRR389222_sub1.markdup.sorted_CpG.bedGraph",
                "methyldackel/SRR389222_sub2.markdup.sorted_CpG.bedGraph",
                "methyldackel/SRR389222_sub3.markdup.sorted_CpG.bedGraph",
                "methyldackel/mbias",
                "methyldackel/mbias/Ecoli_10K_methylated.mbias.txt",
                "methyldackel/mbias/SRR389222_sub1.mbias.txt",
                "methyldackel/mbias/SRR389222_sub2.mbias.txt",
                "methyldackel/mbias/SRR389222_sub3.mbias.txt",
                "multiqc",
                "multiqc/bwameth",
                "multiqc/bwameth/multiqc_data",
                "multiqc/bwameth/multiqc_data/cutadapt_filtered_reads_plot.txt",
                "multiqc/bwameth/multiqc_data/cutadapt_trimmed_sequences_plot_3_Counts.txt",
                "multiqc/bwameth/multiqc_data/cutadapt_trimmed_sequences_plot_3_Obs_Exp.txt",
                "multiqc/bwameth/multiqc_data/fastqc-status-check-heatmap.txt",
                "multiqc/bwameth/multiqc_data/fastqc_adapter_content_plot.txt",
                "multiqc/bwameth/multiqc_data/fastqc_overrepresented_sequences_plot.txt",
                "multiqc/bwameth/multiqc_data/fastqc_per_base_n_content_plot.txt",
                "multiqc/bwameth/multiqc_data/fastqc_per_base_sequence_quality_plot.txt",
                "multiqc/bwameth/multiqc_data/fastqc_per_sequence_gc_content_plot_Counts.txt",
                "multiqc/bwameth/multiqc_data/fastqc_per_sequence_gc_content_plot_Percentages.txt",
                "multiqc/bwameth/multiqc_data/fastqc_per_sequence_quality_scores_plot.txt",
                "multiqc/bwameth/multiqc_data/fastqc_sequence_counts_plot.txt",
                "multiqc/bwameth/multiqc_data/fastqc_sequence_duplication_levels_plot.txt",
                "multiqc/bwameth/multiqc_data/fastqc_top_overrepresented_sequences_table.txt",
                "multiqc/bwameth/multiqc_data/multiqc.log",
                "multiqc/bwameth/multiqc_data/multiqc_citations.txt",
                "multiqc/bwameth/multiqc_data/multiqc_cutadapt.txt",
                "multiqc/bwameth/multiqc_data/multiqc_data.json",
                "multiqc/bwameth/multiqc_data/multiqc_fastqc.txt",
                "multiqc/bwameth/multiqc_data/multiqc_general_stats.txt",
                "multiqc/bwameth/multiqc_data/multiqc_picard_dups.txt",
                "multiqc/bwameth/multiqc_data/multiqc_samtools_flagstat.txt",
                "multiqc/bwameth/multiqc_data/multiqc_samtools_stats.txt",
                "multiqc/bwameth/multiqc_data/multiqc_software_versions.txt",
                "multiqc/bwameth/multiqc_data/multiqc_sources.txt",
                "multiqc/bwameth/multiqc_data/picard_MarkIlluminaAdapters_histogram.txt",
                "multiqc/bwameth/multiqc_data/picard_MeanQualityByCycle_histogram.txt",
                "multiqc/bwameth/multiqc_data/picard_QualityScoreDistribution_histogram.txt",
                "multiqc/bwameth/multiqc_data/picard_deduplication.txt",
                "multiqc/bwameth/multiqc_data/samtools-flagstat-dp_Percentage_of_total.txt",
                "multiqc/bwameth/multiqc_data/samtools-flagstat-dp_Read_counts.txt",
                "multiqc/bwameth/multiqc_data/samtools-stats-dp.txt",
                "multiqc/bwameth/multiqc_data/samtools_alignment_plot.txt",
                "multiqc/bwameth/multiqc_plots",
                "multiqc/bwameth/multiqc_plots/pdf",
                "multiqc/bwameth/multiqc_plots/pdf/cutadapt_filtered_reads_plot-cnt.pdf",
                "multiqc/bwameth/multiqc_plots/pdf/cutadapt_filtered_reads_plot-pct.pdf",
                "multiqc/bwameth/multiqc_plots/pdf/cutadapt_trimmed_sequences_plot_3_Counts.pdf",
                "multiqc/bwameth/multiqc_plots/pdf/cutadapt_trimmed_sequences_plot_3_Obs_Exp.pdf",
                "multiqc/bwameth/multiqc_plots/pdf/fastqc-status-check-heatmap.pdf",
                "multiqc/bwameth/multiqc_plots/pdf/fastqc_adapter_content_plot.pdf",
                "multiqc/bwameth/multiqc_plots/pdf/fastqc_overrepresented_sequences_plot.pdf",
                "multiqc/bwameth/multiqc_plots/pdf/fastqc_per_base_n_content_plot.pdf",
                "multiqc/bwameth/multiqc_plots/pdf/fastqc_per_base_sequence_quality_plot.pdf",
                "multiqc/bwameth/multiqc_plots/pdf/fastqc_per_sequence_gc_content_plot_Counts.pdf",
                "multiqc/bwameth/multiqc_plots/pdf/fastqc_per_sequence_gc_content_plot_Percentages.pdf",
                "multiqc/bwameth/multiqc_plots/pdf/fastqc_per_sequence_quality_scores_plot.pdf",
                "multiqc/bwameth/multiqc_plots/pdf/fastqc_sequence_counts_plot-cnt.pdf",
                "multiqc/bwameth/multiqc_plots/pdf/fastqc_sequence_counts_plot-pct.pdf",
                "multiqc/bwameth/multiqc_plots/pdf/fastqc_sequence_duplication_levels_plot.pdf",
                "multiqc/bwameth/multiqc_plots/pdf/fastqc_top_overrepresented_sequences_table.pdf",
                "multiqc/bwameth/multiqc_plots/pdf/general_stats_table.pdf",
                "multiqc/bwameth/multiqc_plots/pdf/picard_deduplication-cnt.pdf",
                "multiqc/bwameth/multiqc_plots/pdf/picard_deduplication-pct.pdf",
                "multiqc/bwameth/multiqc_plots/pdf/samtools-flagstat-dp_Percentage_of_total.pdf",
                "multiqc/bwameth/multiqc_plots/pdf/samtools-flagstat-dp_Read_counts.pdf",
                "multiqc/bwameth/multiqc_plots/pdf/samtools-stats-dp.pdf",
                "multiqc/bwameth/multiqc_plots/pdf/samtools_alignment_plot-cnt.pdf",
                "multiqc/bwameth/multiqc_plots/pdf/samtools_alignment_plot-pct.pdf",
                "multiqc/bwameth/multiqc_plots/png",
                "multiqc/bwameth/multiqc_plots/png/cutadapt_filtered_reads_plot-cnt.png",
                "multiqc/bwameth/multiqc_plots/png/cutadapt_filtered_reads_plot-pct.png",
                "multiqc/bwameth/multiqc_plots/png/cutadapt_trimmed_sequences_plot_3_Counts.png",
                "multiqc/bwameth/multiqc_plots/png/cutadapt_trimmed_sequences_plot_3_Obs_Exp.png",
                "multiqc/bwameth/multiqc_plots/png/fastqc-status-check-heatmap.png",
                "multiqc/bwameth/multiqc_plots/png/fastqc_adapter_content_plot.png",
                "multiqc/bwameth/multiqc_plots/png/fastqc_overrepresented_sequences_plot.png",
                "multiqc/bwameth/multiqc_plots/png/fastqc_per_base_n_content_plot.png",
                "multiqc/bwameth/multiqc_plots/png/fastqc_per_base_sequence_quality_plot.png",
                "multiqc/bwameth/multiqc_plots/png/fastqc_per_sequence_gc_content_plot_Counts.png",
                "multiqc/bwameth/multiqc_plots/png/fastqc_per_sequence_gc_content_plot_Percentages.png",
                "multiqc/bwameth/multiqc_plots/png/fastqc_per_sequence_quality_scores_plot.png",
                "multiqc/bwameth/multiqc_plots/png/fastqc_sequence_counts_plot-cnt.png",
                "multiqc/bwameth/multiqc_plots/png/fastqc_sequence_counts_plot-pct.png",
                "multiqc/bwameth/multiqc_plots/png/fastqc_sequence_duplication_levels_plot.png",
                "multiqc/bwameth/multiqc_plots/png/fastqc_top_overrepresented_sequences_table.png",
                "multiqc/bwameth/multiqc_plots/png/general_stats_table.png",
                "multiqc/bwameth/multiqc_plots/png/picard_deduplication-cnt.png",
                "multiqc/bwameth/multiqc_plots/png/picard_deduplication-pct.png",
                "multiqc/bwameth/multiqc_plots/png/samtools-flagstat-dp_Percentage_of_total.png",
                "multiqc/bwameth/multiqc_plots/png/samtools-flagstat-dp_Read_counts.png",
                "multiqc/bwameth/multiqc_plots/png/samtools-stats-dp.png",
                "multiqc/bwameth/multiqc_plots/png/samtools_alignment_plot-cnt.png",
                "multiqc/bwameth/multiqc_plots/png/samtools_alignment_plot-pct.png",
                "multiqc/bwameth/multiqc_plots/svg",
                "multiqc/bwameth/multiqc_plots/svg/cutadapt_filtered_reads_plot-cnt.svg",
                "multiqc/bwameth/multiqc_plots/svg/cutadapt_filtered_reads_plot-pct.svg",
                "multiqc/bwameth/multiqc_plots/svg/cutadapt_trimmed_sequences_plot_3_Counts.svg",
                "multiqc/bwameth/multiqc_plots/svg/cutadapt_trimmed_sequences_plot_3_Obs_Exp.svg",
                "multiqc/bwameth/multiqc_plots/svg/fastqc-status-check-heatmap.svg",
                "multiqc/bwameth/multiqc_plots/svg/fastqc_adapter_content_plot.svg",
                "multiqc/bwameth/multiqc_plots/svg/fastqc_overrepresented_sequences_plot.svg",
                "multiqc/bwameth/multiqc_plots/svg/fastqc_per_base_n_content_plot.svg",
                "multiqc/bwameth/multiqc_plots/svg/fastqc_per_base_sequence_quality_plot.svg",
                "multiqc/bwameth/multiqc_plots/svg/fastqc_per_sequence_gc_content_plot_Counts.svg",
                "multiqc/bwameth/multiqc_plots/svg/fastqc_per_sequence_gc_content_plot_Percentages.svg",
                "multiqc/bwameth/multiqc_plots/svg/fastqc_per_sequence_quality_scores_plot.svg",
                "multiqc/bwameth/multiqc_plots/svg/fastqc_sequence_counts_plot-cnt.svg",
                "multiqc/bwameth/multiqc_plots/svg/fastqc_sequence_counts_plot-pct.svg",
                "multiqc/bwameth/multiqc_plots/svg/fastqc_sequence_duplication_levels_plot.svg",
                "multiqc/bwameth/multiqc_plots/svg/fastqc_top_overrepresented_sequences_table.svg",
                "multiqc/bwameth/multiqc_plots/svg/general_stats_table.svg",
                "multiqc/bwameth/multiqc_plots/svg/picard_deduplication-cnt.svg",
                "multiqc/bwameth/multiqc_plots/svg/picard_deduplication-pct.svg",
                "multiqc/bwameth/multiqc_plots/svg/samtools-flagstat-dp_Percentage_of_total.svg",
                "multiqc/bwameth/multiqc_plots/svg/samtools-flagstat-dp_Read_counts.svg",
                "multiqc/bwameth/multiqc_plots/svg/samtools-stats-dp.svg",
                "multiqc/bwameth/multiqc_plots/svg/samtools_alignment_plot-cnt.svg",
                "multiqc/bwameth/multiqc_plots/svg/samtools_alignment_plot-pct.svg",
                "multiqc/bwameth/multiqc_report.html",
                "pipeline_info",
                "pipeline_info/nf_core_methylseq_software_mqc_versions.yml",
                "trimgalore",
                "trimgalore/fastqc",
                "trimgalore/fastqc/Ecoli_10K_methylated_1_val_1_fastqc.html",
                "trimgalore/fastqc/Ecoli_10K_methylated_2_val_2_fastqc.html",
                "trimgalore/fastqc/SRR389222_sub1_trimmed_fastqc.html",
                "trimgalore/fastqc/SRR389222_sub2_trimmed_fastqc.html",
                "trimgalore/fastqc/SRR389222_sub3_trimmed_fastqc.html",
                "trimgalore/fastqc/zips",
                "trimgalore/fastqc/zips/Ecoli_10K_methylated_1_val_1_fastqc.zip",
                "trimgalore/fastqc/zips/Ecoli_10K_methylated_2_val_2_fastqc.zip",
                "trimgalore/fastqc/zips/SRR389222_sub1_trimmed_fastqc.zip",
                "trimgalore/fastqc/zips/SRR389222_sub2_trimmed_fastqc.zip",
                "trimgalore/fastqc/zips/SRR389222_sub3_trimmed_fastqc.zip",
                "trimgalore/logs",
                "trimgalore/logs/Ecoli_10K_methylated_1.fastq.gz_trimming_report.txt",
                "trimgalore/logs/Ecoli_10K_methylated_2.fastq.gz_trimming_report.txt",
                "trimgalore/logs/SRR389222_sub1.fastq.gz_trimming_report.txt",
                "trimgalore/logs/SRR389222_sub2.fastq.gz_trimming_report.txt",
                "trimgalore/logs/SRR389222_sub3.fastq.gz_trimming_report.txt"
            ],
            [
                "Ecoli_10K_methylated.flagstat:md5,f520e87cc4050799a0dbed72909572ec",
                "Ecoli_10K_methylated.stats:md5,be3e2bea0d6867aab35d06bfbdae0aa2",
                "SRR389222_sub1.flagstat:md5,ad8159a7683b9c3057bf54ccb77a2ddc",
                "SRR389222_sub1.stats:md5,21e116cc6374c4a2d55d2c383cd4281e",
                "SRR389222_sub2.flagstat:md5,e768b4f54014d62b096152c44f920bc1",
                "SRR389222_sub2.stats:md5,75cb0f1e953843150e3b217ec3f271da",
                "SRR389222_sub3.flagstat:md5,39516f7d2c77e6fef9543edf8cddbcd6",
                "SRR389222_sub3.stats:md5,6876e424094ecdf302bd2097f8e21b1c",
                "genome.fa.bwameth.c2t:md5,e51d48ed28fa0c26e2f9c9f13d09403b",
                "genome.fa.bwameth.c2t.amb:md5,010a242c6764efb30141868a45d698b3",
                "genome.fa.bwameth.c2t.ann:md5,09b4db3d87a2d4dac9e10e807f377110",
                "genome.fa.bwameth.c2t.bwt:md5,4646f8ae6bd523b7f4106bbd32eff95e",
                "genome.fa.bwameth.c2t.pac:md5,a662d7add09698e25c8152fd2306ec66",
                "genome.fa.bwameth.c2t.sa:md5,4a1e905b828396a1909669bc9c573d8d",
                "Ecoli_10K_methylated.markdup.sorted_CpG.bedGraph:md5,d3bce01078b6e7749f3906bf9faad5b5",
                "SRR389222_sub1.markdup.sorted_CpG.bedGraph:md5,0944ad0e3b05791bf6dfd06be7ca4af1",
                "SRR389222_sub2.markdup.sorted_CpG.bedGraph:md5,0a3c19af55d1625e91903ae25d1d2098",
                "SRR389222_sub3.markdup.sorted_CpG.bedGraph:md5,a91e6b039e9581a9d2ef6f6057918b39",
                "Ecoli_10K_methylated.mbias.txt:md5,3a448a2a6364b2de3129365a271c0534",
                "SRR389222_sub1.mbias.txt:md5,fce04d733e066d0b933cedc602e2af81",
                "SRR389222_sub2.mbias.txt:md5,fce04d733e066d0b933cedc602e2af81",
                "SRR389222_sub3.mbias.txt:md5,fce04d733e066d0b933cedc602e2af81",
                "cutadapt_filtered_reads_plot.txt:md5,ff1b6d4011a5be5410b9404f7ff56c56",
                "cutadapt_trimmed_sequences_plot_3_Counts.txt:md5,57d07c19b0c30dc88df96c30bedcdc33",
                "cutadapt_trimmed_sequences_plot_3_Obs_Exp.txt:md5,1e5ca4193f8290c5c812334d03615b41",
                "fastqc-status-check-heatmap.txt:md5,218c2a7efbb9c02f652fa78fc739c866",
                "fastqc_adapter_content_plot.txt:md5,48d8bd5ece984a74972ce0a0e814dd07",
                "fastqc_overrepresented_sequences_plot.txt:md5,9c4b7064950b5b2c486d556984f21e9e",
                "fastqc_per_base_n_content_plot.txt:md5,019d5cd4f61a31f4e7016140ca8ee36e",
                "fastqc_per_base_sequence_quality_plot.txt:md5,e4c7d522114eab9bc9101e7ee9d83c8f",
                "fastqc_per_sequence_gc_content_plot_Counts.txt:md5,302659bee8a02b6a38b24fe25f8eaa87",
                "fastqc_per_sequence_gc_content_plot_Percentages.txt:md5,c75b396eb5dda8682fb1652a9b2e92a3",
                "fastqc_per_sequence_quality_scores_plot.txt:md5,548c593f4a8be2d8627fc3bd1c280611",
                "fastqc_sequence_counts_plot.txt:md5,58eeeb06bc9dcc1764c7daf0847d6bbf",
                "fastqc_sequence_duplication_levels_plot.txt:md5,9e5712db9aa39b5754ea1e0c49cfff15",
                "fastqc_top_overrepresented_sequences_table.txt:md5,6dfc5334a09c05392ea17369aa742d01",
                "multiqc_citations.txt:md5,ad6c1e326b4276501a3b42eaad747de1",
                "multiqc_cutadapt.txt:md5,883891ac4901385102be053212068732",
                "multiqc_picard_dups.txt:md5,82eaab96189f22fd93db38bb516ba6a5",
                "multiqc_samtools_flagstat.txt:md5,a8f5b45b8b3412a9adc3dd0d35208c73",
                "multiqc_samtools_stats.txt:md5,f02f83f3df9208d616fda7a8609b2853",
                "picard_MarkIlluminaAdapters_histogram.txt:md5,d41d8cd98f00b204e9800998ecf8427e",
                "picard_MeanQualityByCycle_histogram.txt:md5,d41d8cd98f00b204e9800998ecf8427e",
                "picard_QualityScoreDistribution_histogram.txt:md5,d41d8cd98f00b204e9800998ecf8427e",
                "picard_deduplication.txt:md5,7dacf4d4e0d7d2d9a7205beecfa7125c",
                "samtools-flagstat-dp_Percentage_of_total.txt:md5,ff5d65a480449ba98587c43f3a2bd33e",
                "samtools-flagstat-dp_Read_counts.txt:md5,6a5332e2ad59f7da00b5a9a1a25fd2f8",
                "samtools-stats-dp.txt:md5,52021b9a9455b39b39dd357bc2e8d346",
                "samtools_alignment_plot.txt:md5,39f42e039f96cc2b17248b44ccaf425b"
            ],
            [
                [
                    "Ecoli_10K_methylated.bam",
                    "4a9ba2169facef4ed3d92d539c8c78af"
                ],
                [
                    "Ecoli_10K_methylated.deduplicated.sorted.bam",
                    "a2921f761f431ede522016f83f75c12d"
                ],
                [
                    "SRR389222_sub1.bam",
                    "e50275d6d44138f19d65ee479444d5ce"
                ],
                [
                    "SRR389222_sub1.deduplicated.sorted.bam",
                    "e50275d6d44138f19d65ee479444d5ce"
                ],
                [
                    "SRR389222_sub2.bam",
                    "d365b8b2662b2abffb51dd67a1f463b4"
                ],
                [
                    "SRR389222_sub2.deduplicated.sorted.bam",
                    "d365b8b2662b2abffb51dd67a1f463b4"
                ],
                [
                    "SRR389222_sub3.bam",
                    "a9fd2900b9d759f8f4f62cbbb2744fde"
                ],
                [
                    "SRR389222_sub3.deduplicated.sorted.bam",
                    "a9fd2900b9d759f8f4f62cbbb2744fde"
                ],
                [
                    "Ecoli_10K_methylated.deduplicated.sorted.bam",
                    "a2921f761f431ede522016f83f75c12d"
                ],
                [
                    "Ecoli_10K_methylated.markdup.sorted.bam",
                    "a2921f761f431ede522016f83f75c12d"
                ],
                [
                    "SRR389222_sub1.deduplicated.sorted.bam",
                    "e50275d6d44138f19d65ee479444d5ce"
                ],
                [
                    "SRR389222_sub1.markdup.sorted.bam",
                    "e50275d6d44138f19d65ee479444d5ce"
                ],
                [
                    "SRR389222_sub2.deduplicated.sorted.bam",
                    "d365b8b2662b2abffb51dd67a1f463b4"
                ],
                [
                    "SRR389222_sub2.markdup.sorted.bam",
                    "d365b8b2662b2abffb51dd67a1f463b4"
                ],
                [
                    "SRR389222_sub3.deduplicated.sorted.bam",
                    "a9fd2900b9d759f8f4f62cbbb2744fde"
                ],
                [
                    "SRR389222_sub3.markdup.sorted.bam",
                    "a9fd2900b9d759f8f4f62cbbb2744fde"
                ]
            ]
        ],
        "meta": {
            "nf-test": "0.9.2",
            "nextflow": "24.10.5"
        },
        "timestamp": "2025-03-25T05:27:29.489386805"
    }
}